graph: { title: "/home/gps/ada/adl/components/src/camera/OV2640/bit_fields.adb"
node: { title: "system__assertions__raise_assert_failure" label: "Raise_Assert_Failure\n/usr/gnat/arm-eabi/lib/gnat/ravenscar-sfp-stm32f429disco/gnat/s-assert.ads:46:14" shape : ellipse }
node: { title: "system__secondary_stack__ss_allocate" label: "Ss_Allocate\n/usr/gnat/arm-eabi/lib/gnat/ravenscar-sfp-stm32f429disco/gnat/s-secsta.ads:58:14" shape : ellipse }
node: { title: "__gnat_last_chance_handler" label: "gnat_last_chance_handler\n<built-in>" shape : ellipse }
node: { title: "bit_fields__to_bit_field__3" label: "To_Bit_Field\n/home/gps/ada/adl/components/src/camera/OV2640/bit_fields.adb:135:4\n40 bytes (static)" }
edge: { sourcename: "bit_fields__to_bit_field__3" targetname: "system__secondary_stack__ss_allocate" label: "/home/gps/ada/adl/components/src/camera/OV2640/bit_fields.adb:139:7" }
edge: { sourcename: "bit_fields__to_bit_field__3" targetname: "/home/gps/ada/adl/components/src/camera/OV2640/bit_fields.adb:bit_fields__to_bit_field___postconditions__3.5458" label: "/home/gps/ada/adl/components/src/camera/OV2640/bit_fields.adb:139:7" }
edge: { sourcename: "bit_fields__to_bit_field__3" targetname: "bit_fields__convert_8IP" label: "/home/gps/ada/adl/components/src/camera/OV2640/bit_fields.adb:136:7" }
node: { title: "/home/gps/ada/adl/components/src/camera/OV2640/bit_fields.adb:bit_fields__to_bit_field___postconditions__3.5458" label: "To_Bit_Field\n/home/gps/ada/adl/components/src/camera/OV2640/bit_fields.adb:135:4\n48 bytes (static)" }
edge: { sourcename: "/home/gps/ada/adl/components/src/camera/OV2640/bit_fields.adb:bit_fields__to_bit_field___postconditions__3.5458" targetname: "system__assertions__raise_assert_failure" label: "/home/gps/ada/adl/components/src/camera/OV2640/bit_fields.ads:53:8" }
edge: { sourcename: "/home/gps/ada/adl/components/src/camera/OV2640/bit_fields.adb:bit_fields__to_bit_field___postconditions__3.5458" targetname: "system__assertions__raise_assert_failure" label: "/home/gps/ada/adl/components/src/camera/OV2640/bit_fields.ads:51:19" }
node: { title: "bit_fields__to_bit_field__2" label: "To_Bit_Field\n/home/gps/ada/adl/components/src/camera/OV2640/bit_fields.adb:124:4\n40 bytes (static)" }
edge: { sourcename: "bit_fields__to_bit_field__2" targetname: "system__secondary_stack__ss_allocate" label: "/home/gps/ada/adl/components/src/camera/OV2640/bit_fields.adb:128:7" }
edge: { sourcename: "bit_fields__to_bit_field__2" targetname: "/home/gps/ada/adl/components/src/camera/OV2640/bit_fields.adb:bit_fields__to_bit_field___postconditions__2.5440" label: "/home/gps/ada/adl/components/src/camera/OV2640/bit_fields.adb:128:7" }
edge: { sourcename: "bit_fields__to_bit_field__2" targetname: "bit_fields__convert_16IP" label: "/home/gps/ada/adl/components/src/camera/OV2640/bit_fields.adb:125:7" }
node: { title: "/home/gps/ada/adl/components/src/camera/OV2640/bit_fields.adb:bit_fields__to_bit_field___postconditions__2.5440" label: "To_Bit_Field\n/home/gps/ada/adl/components/src/camera/OV2640/bit_fields.adb:124:4\n48 bytes (static)" }
edge: { sourcename: "/home/gps/ada/adl/components/src/camera/OV2640/bit_fields.adb:bit_fields__to_bit_field___postconditions__2.5440" targetname: "system__assertions__raise_assert_failure" label: "/home/gps/ada/adl/components/src/camera/OV2640/bit_fields.ads:49:8" }
edge: { sourcename: "/home/gps/ada/adl/components/src/camera/OV2640/bit_fields.adb:bit_fields__to_bit_field___postconditions__2.5440" targetname: "system__assertions__raise_assert_failure" label: "/home/gps/ada/adl/components/src/camera/OV2640/bit_fields.ads:47:19" }
node: { title: "bit_fields__to_bit_field" label: "To_Bit_Field\n/home/gps/ada/adl/components/src/camera/OV2640/bit_fields.adb:113:4\n40 bytes (static)" }
edge: { sourcename: "bit_fields__to_bit_field" targetname: "system__secondary_stack__ss_allocate" label: "/home/gps/ada/adl/components/src/camera/OV2640/bit_fields.adb:117:7" }
edge: { sourcename: "bit_fields__to_bit_field" targetname: "/home/gps/ada/adl/components/src/camera/OV2640/bit_fields.adb:bit_fields__to_bit_field___postconditions.5412" label: "/home/gps/ada/adl/components/src/camera/OV2640/bit_fields.adb:117:7" }
edge: { sourcename: "bit_fields__to_bit_field" targetname: "bit_fields__convert_32IP" label: "/home/gps/ada/adl/components/src/camera/OV2640/bit_fields.adb:114:7" }
node: { title: "/home/gps/ada/adl/components/src/camera/OV2640/bit_fields.adb:bit_fields__to_bit_field___postconditions.5412" label: "To_Bit_Field\n/home/gps/ada/adl/components/src/camera/OV2640/bit_fields.adb:113:4\n48 bytes (static)" }
edge: { sourcename: "/home/gps/ada/adl/components/src/camera/OV2640/bit_fields.adb:bit_fields__to_bit_field___postconditions.5412" targetname: "system__assertions__raise_assert_failure" label: "/home/gps/ada/adl/components/src/camera/OV2640/bit_fields.ads:45:8" }
edge: { sourcename: "/home/gps/ada/adl/components/src/camera/OV2640/bit_fields.adb:bit_fields__to_bit_field___postconditions.5412" targetname: "system__assertions__raise_assert_failure" label: "/home/gps/ada/adl/components/src/camera/OV2640/bit_fields.ads:43:19" }
node: { title: "bit_fields__to_uint8" label: "To_Uint8\n/home/gps/ada/adl/components/src/camera/OV2640/bit_fields.adb:102:4\n40 bytes (static)" }
edge: { sourcename: "bit_fields__to_uint8" targetname: "__gnat_last_chance_handler" label: "/home/gps/ada/adl/components/src/camera/OV2640/bit_fields.adb:105:19" }
edge: { sourcename: "bit_fields__to_uint8" targetname: "bit_fields__convert_8IP" label: "/home/gps/ada/adl/components/src/camera/OV2640/bit_fields.adb:103:7" }
node: { title: "bit_fields__to_uint16" label: "To_Uint16\n/home/gps/ada/adl/components/src/camera/OV2640/bit_fields.adb:91:4\n40 bytes (static)" }
edge: { sourcename: "bit_fields__to_uint16" targetname: "__gnat_last_chance_handler" label: "/home/gps/ada/adl/components/src/camera/OV2640/bit_fields.adb:94:19" }
edge: { sourcename: "bit_fields__to_uint16" targetname: "bit_fields__convert_16IP" label: "/home/gps/ada/adl/components/src/camera/OV2640/bit_fields.adb:92:7" }
node: { title: "bit_fields__to_word" label: "To_Word\n/home/gps/ada/adl/components/src/camera/OV2640/bit_fields.adb:80:4\n40 bytes (static)" }
edge: { sourcename: "bit_fields__to_word" targetname: "__gnat_last_chance_handler" label: "/home/gps/ada/adl/components/src/camera/OV2640/bit_fields.adb:83:19" }
edge: { sourcename: "bit_fields__to_word" targetname: "bit_fields__convert_32IP" label: "/home/gps/ada/adl/components/src/camera/OV2640/bit_fields.adb:81:7" }
node: { title: "bit_fields__convert_32IP" label: "Convert_32ip\n/home/gps/ada/adl/components/src/camera/OV2640/bit_fields.adb:61:9\n16 bytes (static)" }
node: { title: "/home/gps/ada/adl/components/src/camera/OV2640/bit_fields.adb:bit_fields__convert_32EQ" label: "Convert_32eq\n/home/gps/ada/adl/components/src/camera/OV2640/bit_fields.adb:61:9\n32 bytes (static)" }
edge: { sourcename: "/home/gps/ada/adl/components/src/camera/OV2640/bit_fields.adb:bit_fields__convert_32EQ" targetname: "/home/gps/ada/adl/components/src/camera/OV2640/bit_fields.adb:bit_fields__convert_32EQ__E35b.5350" label: "/home/gps/ada/adl/components/src/camera/OV2640/bit_fields.adb:61:9" }
node: { title: "/home/gps/ada/adl/components/src/camera/OV2640/bit_fields.adb:bit_fields__convert_32EQ__E35b.5350" label: "E35b\n/home/gps/ada/adl/components/src/camera/OV2640/bit_fields.adb:61:9\n24 bytes (static)" }
node: { title: "bit_fields__convert_16IP" label: "Convert_16ip\n/home/gps/ada/adl/components/src/camera/OV2640/bit_fields.adb:47:9\n16 bytes (static)" }
node: { title: "/home/gps/ada/adl/components/src/camera/OV2640/bit_fields.adb:bit_fields__convert_16EQ" label: "Convert_16eq\n/home/gps/ada/adl/components/src/camera/OV2640/bit_fields.adb:47:9\n24 bytes (static)" }
edge: { sourcename: "/home/gps/ada/adl/components/src/camera/OV2640/bit_fields.adb:bit_fields__convert_16EQ" targetname: "/home/gps/ada/adl/components/src/camera/OV2640/bit_fields.adb:bit_fields__convert_16EQ__E22b.5342" label: "/home/gps/ada/adl/components/src/camera/OV2640/bit_fields.adb:47:9" }
node: { title: "/home/gps/ada/adl/components/src/camera/OV2640/bit_fields.adb:bit_fields__convert_16EQ__E22b.5342" label: "E22b\n/home/gps/ada/adl/components/src/camera/OV2640/bit_fields.adb:47:9\n24 bytes (static)" }
node: { title: "bit_fields__convert_8IP" label: "Convert_8ip\n/home/gps/ada/adl/components/src/camera/OV2640/bit_fields.adb:33:9\n16 bytes (static)" }
node: { title: "/home/gps/ada/adl/components/src/camera/OV2640/bit_fields.adb:bit_fields__convert_8EQ" label: "Convert_8eq\n/home/gps/ada/adl/components/src/camera/OV2640/bit_fields.adb:33:9\n24 bytes (static)" }
edge: { sourcename: "/home/gps/ada/adl/components/src/camera/OV2640/bit_fields.adb:bit_fields__convert_8EQ" targetname: "/home/gps/ada/adl/components/src/camera/OV2640/bit_fields.adb:bit_fields__convert_8EQ__E9b.5333" label: "/home/gps/ada/adl/components/src/camera/OV2640/bit_fields.adb:33:9" }
node: { title: "/home/gps/ada/adl/components/src/camera/OV2640/bit_fields.adb:bit_fields__convert_8EQ__E9b.5333" label: "E9b\n/home/gps/ada/adl/components/src/camera/OV2640/bit_fields.adb:33:9\n24 bytes (static)" }
node: { title: "bit_fields__bit_fieldIP" label: "Bit_Fieldip\n/home/gps/ada/adl/components/src/camera/OV2640/bit_fields.ads:35:9\n16 bytes (static)" }
}
