class {
  classname: "st7735r__ram_framebuffer__st7735r_ram_framebuffer_screen"
  label: "st7735r__ram_framebuffer__st7735r_ram_framebuffer_screen\st7735r-ram_framebuffer.ads:43:9"
  parent: "st7735r__st7735r_screen"
  virtuals: "10:st7735r__ram_framebuffer__initialize_layer,10:st7735r__st7735r_screen\n
             11:st7735r__ram_framebuffer__initialized__2,11:st7735r__st7735r_screen\n
             12:st7735r__ram_framebuffer__update_layer,12:st7735r__st7735r_screen\n
             13:st7735r__ram_framebuffer__update_layers,13:st7735r__st7735r_screen\n
             15:st7735r__ram_framebuffer__hidden_buffer,15:st7735r__st7735r_screen\n
             -1:st7735r__ram_framebuffer___size__2,-1:st7735r__st7735r_screen"
}
graph: { title: "/home/gps/ada/adl/components/src/screen/ST7735R/st7735r-ram_framebuffer.adb"
node: { title: "st7735r__write_raw_pixels__2" label: "WRITE_RAW_PIXELS\n/home/gps/ada/adl/components/src/screen/ST7735R/st7735r.ads:166:14" shape : ellipse }
node: { title: "st7735r__set_address" label: "SET_ADDRESS\n/home/gps/ada/adl/components/src/screen/ST7735R/st7735r.ads:153:14" shape : ellipse }
node: { title: "st7735r__height__3" label: "HEIGHT\n/home/gps/ada/adl/components/src/screen/ST7735R/st7735r.ads:292:13" shape : ellipse }
node: { title: "st7735r__width__3" label: "WIDTH\n/home/gps/ada/adl/components/src/screen/ST7735R/st7735r.ads:288:13" shape : ellipse }
node: { title: "__gnat_last_chance_handler" label: "gnat_last_chance_handler\n<built-in>" shape : ellipse }
node: { title: "memory_mapped_bitmap__memory_mapped_bitmap_bufferIP" label: "Memory_Mapped_Bitmap_Bufferip\n/home/gps/ada/adl/middleware/src/bitmap/memory_mapped_bitmap.ads:41:9" shape : ellipse }
node: { title: "st7735r__st7735r_screenIP" label: "ST7735R_SCREENIP\n/home/gps/ada/adl/components/src/screen/ST7735R/st7735r.ads:343:9" shape : ellipse }
node: { title: "st7735r__ram_framebuffer___elabb" label: "RAM_FRAMEBUFFER\n/home/gps/ada/adl/components/src/screen/ST7735R/st7735r-ram_framebuffer.adb:32:1\n4 bytes (static)" }
node: { title: "st7735r__ram_framebuffer__hidden_buffer" label: "HIDDEN_BUFFER\n/home/gps/ada/adl/components/src/screen/ST7735R/st7735r-ram_framebuffer.adb:115:4\n16 bytes (static)" }
edge: { sourcename: "st7735r__ram_framebuffer__hidden_buffer" targetname: "__gnat_last_chance_handler" label: "/home/gps/ada/adl/components/src/screen/ST7735R/st7735r-ram_framebuffer.adb:121:10" }
edge: { sourcename: "st7735r__ram_framebuffer__hidden_buffer" targetname: "__gnat_last_chance_handler" label: "/home/gps/ada/adl/components/src/screen/ST7735R/st7735r-ram_framebuffer.adb:115:4" }
node: { title: "st7735r__ram_framebuffer__update_layers" label: "UPDATE_LAYERS\n/home/gps/ada/adl/components/src/screen/ST7735R/st7735r-ram_framebuffer.adb:103:4\n16 bytes (static)" }
edge: { sourcename: "st7735r__ram_framebuffer__update_layers" targetname: "st7735r__ram_framebuffer__update_layer" label: "/home/gps/ada/adl/components/src/screen/ST7735R/st7735r-ram_framebuffer.adb:107:14" }
edge: { sourcename: "st7735r__ram_framebuffer__update_layers" targetname: "__gnat_last_chance_handler" label: "/home/gps/ada/adl/components/src/screen/ST7735R/st7735r-ram_framebuffer.adb:103:4" }
node: { title: "st7735r__ram_framebuffer__update_layer" label: "UPDATE_LAYER\n/home/gps/ada/adl/components/src/screen/ST7735R/st7735r-ram_framebuffer.adb:79:4\n48 bytes (static)" }
edge: { sourcename: "st7735r__ram_framebuffer__update_layer" targetname: "st7735r__write_raw_pixels__2" label: "/home/gps/ada/adl/components/src/screen/ST7735R/st7735r-ram_framebuffer.adb:94:14" }
edge: { sourcename: "st7735r__ram_framebuffer__update_layer" targetname: "st7735r__set_address" label: "/home/gps/ada/adl/components/src/screen/ST7735R/st7735r-ram_framebuffer.adb:89:7" }
edge: { sourcename: "st7735r__ram_framebuffer__update_layer" targetname: "__gnat_last_chance_handler" label: "/home/gps/ada/adl/components/src/screen/ST7735R/st7735r-ram_framebuffer.adb:93:60" }
edge: { sourcename: "st7735r__ram_framebuffer__update_layer" targetname: "st7735r__height__3" label: "/home/gps/ada/adl/components/src/screen/ST7735R/st7735r-ram_framebuffer.adb:93:52" }
edge: { sourcename: "st7735r__ram_framebuffer__update_layer" targetname: "__gnat_last_chance_handler" label: "/home/gps/ada/adl/components/src/screen/ST7735R/st7735r-ram_framebuffer.adb:91:59" }
edge: { sourcename: "st7735r__ram_framebuffer__update_layer" targetname: "st7735r__width__3" label: "/home/gps/ada/adl/components/src/screen/ST7735R/st7735r-ram_framebuffer.adb:91:52" }
edge: { sourcename: "st7735r__ram_framebuffer__update_layer" targetname: "__gnat_last_chance_handler" label: "/home/gps/ada/adl/components/src/screen/ST7735R/st7735r-ram_framebuffer.adb:87:10" }
edge: { sourcename: "st7735r__ram_framebuffer__update_layer" targetname: "__gnat_last_chance_handler" label: "/home/gps/ada/adl/components/src/screen/ST7735R/st7735r-ram_framebuffer.adb:79:4" }
node: { title: "st7735r__ram_framebuffer__initialized__2" label: "INITIALIZED\n/home/gps/ada/adl/components/src/screen/ST7735R/st7735r-ram_framebuffer.adb:66:4\n16 bytes (static)" }
edge: { sourcename: "st7735r__ram_framebuffer__initialized__2" targetname: "__gnat_last_chance_handler" label: "/home/gps/ada/adl/components/src/screen/ST7735R/st7735r-ram_framebuffer.adb:66:4" }
node: { title: "st7735r__ram_framebuffer__initialize_layer" label: "INITIALIZE_LAYER\n/home/gps/ada/adl/components/src/screen/ST7735R/st7735r-ram_framebuffer.adb:39:4\n24 bytes (static)" }
edge: { sourcename: "st7735r__ram_framebuffer__initialize_layer" targetname: "__gnat_last_chance_handler" label: "/home/gps/ada/adl/components/src/screen/ST7735R/st7735r-ram_framebuffer.adb:51:10" }
edge: { sourcename: "st7735r__ram_framebuffer__initialize_layer" targetname: "__gnat_last_chance_handler" label: "/home/gps/ada/adl/components/src/screen/ST7735R/st7735r-ram_framebuffer.adb:39:4" }
node: { title: "st7735r__ram_framebuffer___size__2" label: "RAM_FRAMEBUFFER\n/home/gps/ada/adl/components/src/screen/ST7735R/st7735r-ram_framebuffer.ads:93:9\n16 bytes (static)" }
node: { title: "st7735r__ram_framebuffer__st7735r_ram_framebuffer_screenIP" label: "ST7735R_RAM_FRAMEBUFFER_SCREENIP\n/home/gps/ada/adl/components/src/screen/ST7735R/st7735r-ram_framebuffer.ads:93:9\n40 bytes (static)" }
edge: { sourcename: "st7735r__ram_framebuffer__st7735r_ram_framebuffer_screenIP" targetname: "memory_mapped_bitmap__memory_mapped_bitmap_bufferIP" label: "/home/gps/ada/adl/components/src/screen/ST7735R/st7735r-ram_framebuffer.ads:100:7" }
edge: { sourcename: "st7735r__ram_framebuffer__st7735r_ram_framebuffer_screenIP" targetname: "st7735r__st7735r_screenIP" label: "/home/gps/ada/adl/components/src/screen/ST7735R/st7735r-ram_framebuffer.ads:99:15" }
}
