edge: { sourcename: "lcd_std_out__clear_screen"
  targetname: "7:hal__bitmap__bitmap_buffer,hal__bitmap__bitmap_buffer"
  label: "lcd_std_out.adb:146:32"
}
edge: { sourcename: "lcd_std_out__clear_screen"
  targetname: "18:hal__bitmap__bitmap_buffer,hal__bitmap__bitmap_buffer"
  label: "lcd_std_out.adb:147:32"
}
graph: { title: "/home/gps/ada/adl/examples/shared/common/gui/lcd_std_out.adb"
node: { title: "bitmapped_drawing__draw_char" label: "Draw_Char\n/home/gps/ada/adl/examples/shared/common/gui/bitmapped_drawing.ads:42:14" shape : ellipse }
node: { title: "bitmap_color_conversion__bitmap_color_to_word" label: "Bitmap_Color_To_Word\n/home/gps/ada/adl/middleware/src/bitmap/bitmap_color_conversion.ads:37:13" shape : ellipse }
node: { title: "framebuffer_ltdc__color_mode" label: "Color_Mode\n/home/gps/ada/adl/boards/stm32_common/ltdc/framebuffer_ltdc.ads:141:24" shape : ellipse }
node: { title: "framebuffer_ltdc__update_layer" label: "Update_Layer\n/home/gps/ada/adl/boards/stm32_common/ltdc/framebuffer_ltdc.ads:118:25" shape : ellipse }
node: { title: "framebuffer_ltdc__hidden_buffer" label: "Hidden_Buffer\n/home/gps/ada/adl/boards/stm32_common/ltdc/framebuffer_ltdc.ads:146:24" shape : ellipse }
node: { title: "framebuffer_ltdc__set_orientation" label: "Set_Orientation\n/home/gps/ada/adl/boards/stm32_common/ltdc/framebuffer_ltdc.ads:60:25" shape : ellipse }
node: { title: "framebuffer_ltdc__height" label: "Height\n/home/gps/ada/adl/boards/stm32_common/ltdc/framebuffer_ltdc.ads:82:24" shape : ellipse }
node: { title: "__gnat_last_chance_handler" label: "gnat_last_chance_handler\n<built-in>" shape : ellipse }
node: { title: "framebuffer_ltdc__width" label: "Width\n/home/gps/ada/adl/boards/stm32_common/ltdc/framebuffer_ltdc.ads:78:24" shape : ellipse }
node: { title: "bmp_fonts__char_height" label: "Char_Height\n/home/gps/ada/adl/examples/shared/common/gui/bmp_fonts.ads:66:13" shape : ellipse }
node: { title: "bmp_fonts__char_width" label: "Char_Width\n/home/gps/ada/adl/examples/shared/common/gui/bmp_fonts.ads:70:13" shape : ellipse }
node: { title: "framebuffer_ltdc__initialize_layer" label: "Initialize_Layer\n/home/gps/ada/adl/boards/stm32_common/ltdc/framebuffer_ltdc.ads:93:25" shape : ellipse }
node: { title: "framebuffer_rk043fn48h__initialize__2" label: "Initialize\n/home/gps/ada/adl/boards/stm32_common/stm32f746disco/framebuffer_rk043fn48h.ads:43:14" shape : ellipse }
node: { title: "framebuffer_ltdc__set_mode" label: "Set_Mode\n/home/gps/ada/adl/boards/stm32_common/ltdc/framebuffer_ltdc.ads:64:25" shape : ellipse }
node: { title: "framebuffer_ltdc__initialized" label: "Initialized\n/home/gps/ada/adl/boards/stm32_common/ltdc/framebuffer_ltdc.ads:68:24" shape : ellipse }
node: { title: "lcd_std_out___elabb" label: "Lcd_Std_Out\n/home/gps/ada/adl/examples/shared/common/gui/lcd_std_out.adb:36:1\n8 bytes (static)" }
edge: { sourcename: "lcd_std_out___elabb" targetname: "__gnat_last_chance_handler" label: "/home/gps/ada/adl/examples/shared/common/gui/lcd_std_out.adb:51:47" }
edge: { sourcename: "lcd_std_out___elabb" targetname: "__gnat_last_chance_handler" label: "/home/gps/ada/adl/examples/shared/common/gui/lcd_std_out.adb:47:47" }
edge: { sourcename: "lcd_std_out___elabb" targetname: "bmp_fonts__char_height" label: "/home/gps/ada/adl/examples/shared/common/gui/lcd_std_out.adb:45:38" }
edge: { sourcename: "lcd_std_out___elabb" targetname: "bmp_fonts__char_width" label: "/home/gps/ada/adl/examples/shared/common/gui/lcd_std_out.adb:44:38" }
node: { title: "lcd_std_out__put__4" label: "Put\n/home/gps/ada/adl/examples/shared/common/gui/lcd_std_out.adb:270:4\n64 bytes (static)" }
edge: { sourcename: "lcd_std_out__put__4" targetname: "framebuffer_ltdc__update_layer" label: "/home/gps/ada/adl/examples/shared/common/gui/lcd_std_out.adb:280:14" }
edge: { sourcename: "lcd_std_out__put__4" targetname: "__gnat_last_chance_handler" label: "/home/gps/ada/adl/examples/shared/common/gui/lcd_std_out.adb:277:25" }
edge: { sourcename: "lcd_std_out__put__4" targetname: "/home/gps/ada/adl/examples/shared/common/gui/lcd_std_out.adb:lcd_std_out__draw_char" label: "/home/gps/ada/adl/examples/shared/common/gui/lcd_std_out.adb:276:10" }
edge: { sourcename: "lcd_std_out__put__4" targetname: "__gnat_last_chance_handler" label: "/home/gps/ada/adl/examples/shared/common/gui/lcd_std_out.adb:275:22" }
edge: { sourcename: "lcd_std_out__put__4" targetname: "__gnat_last_chance_handler" label: "/home/gps/ada/adl/examples/shared/common/gui/lcd_std_out.adb:275:22" }
edge: { sourcename: "lcd_std_out__put__4" targetname: "__gnat_last_chance_handler" label: "/home/gps/ada/adl/examples/shared/common/gui/lcd_std_out.adb:275:30" }
node: { title: "lcd_std_out__put__3" label: "Put\n/home/gps/ada/adl/examples/shared/common/gui/lcd_std_out.adb:260:4\n24 bytes (static)" }
edge: { sourcename: "lcd_std_out__put__3" targetname: "framebuffer_ltdc__update_layer" label: "/home/gps/ada/adl/examples/shared/common/gui/lcd_std_out.adb:263:14" }
edge: { sourcename: "lcd_std_out__put__3" targetname: "/home/gps/ada/adl/examples/shared/common/gui/lcd_std_out.adb:lcd_std_out__draw_char" label: "/home/gps/ada/adl/examples/shared/common/gui/lcd_std_out.adb:262:7" }
node: { title: "lcd_std_out__put_line" label: "Put_Line\n/home/gps/ada/adl/examples/shared/common/gui/lcd_std_out.adb:250:4\n16 bytes (static)" }
edge: { sourcename: "lcd_std_out__put_line" targetname: "lcd_std_out__new_line" label: "/home/gps/ada/adl/examples/shared/common/gui/lcd_std_out.adb:253:7" }
edge: { sourcename: "lcd_std_out__put_line" targetname: "lcd_std_out__put" label: "/home/gps/ada/adl/examples/shared/common/gui/lcd_std_out.adb:252:7" }
node: { title: "lcd_std_out__new_line" label: "New_Line\n/home/gps/ada/adl/examples/shared/common/gui/lcd_std_out.adb:236:4\n8 bytes (static)" }
edge: { sourcename: "lcd_std_out__new_line" targetname: "__gnat_last_chance_handler" label: "/home/gps/ada/adl/examples/shared/common/gui/lcd_std_out.adb:242:33" }
edge: { sourcename: "lcd_std_out__new_line" targetname: "__gnat_last_chance_handler" label: "/home/gps/ada/adl/examples/shared/common/gui/lcd_std_out.adb:239:20" }
node: { title: "lcd_std_out__put__2" label: "Put\n/home/gps/ada/adl/examples/shared/common/gui/lcd_std_out.adb:226:4\n16 bytes (static)" }
edge: { sourcename: "lcd_std_out__put__2" targetname: "framebuffer_ltdc__update_layer" label: "/home/gps/ada/adl/examples/shared/common/gui/lcd_std_out.adb:229:14" }
edge: { sourcename: "lcd_std_out__put__2" targetname: "/home/gps/ada/adl/examples/shared/common/gui/lcd_std_out.adb:lcd_std_out__internal_put__2" label: "/home/gps/ada/adl/examples/shared/common/gui/lcd_std_out.adb:228:7" }
node: { title: "/home/gps/ada/adl/examples/shared/common/gui/lcd_std_out.adb:lcd_std_out__internal_put__2" label: "Internal_Put\n/home/gps/ada/adl/examples/shared/common/gui/lcd_std_out.adb:202:4\n40 bytes (static)" }
edge: { sourcename: "/home/gps/ada/adl/examples/shared/common/gui/lcd_std_out.adb:lcd_std_out__internal_put__2" targetname: "__gnat_last_chance_handler" label: "/home/gps/ada/adl/examples/shared/common/gui/lcd_std_out.adb:219:32" }
edge: { sourcename: "/home/gps/ada/adl/examples/shared/common/gui/lcd_std_out.adb:lcd_std_out__internal_put__2" targetname: "/home/gps/ada/adl/examples/shared/common/gui/lcd_std_out.adb:lcd_std_out__draw_char" label: "/home/gps/ada/adl/examples/shared/common/gui/lcd_std_out.adb:218:7" }
edge: { sourcename: "/home/gps/ada/adl/examples/shared/common/gui/lcd_std_out.adb:lcd_std_out__internal_put__2" targetname: "__gnat_last_chance_handler" label: "/home/gps/ada/adl/examples/shared/common/gui/lcd_std_out.adb:215:26" }
edge: { sourcename: "/home/gps/ada/adl/examples/shared/common/gui/lcd_std_out.adb:lcd_std_out__internal_put__2" targetname: "__gnat_last_chance_handler" label: "/home/gps/ada/adl/examples/shared/common/gui/lcd_std_out.adb:215:26" }
edge: { sourcename: "/home/gps/ada/adl/examples/shared/common/gui/lcd_std_out.adb:lcd_std_out__internal_put__2" targetname: "__gnat_last_chance_handler" label: "/home/gps/ada/adl/examples/shared/common/gui/lcd_std_out.adb:207:33" }
edge: { sourcename: "/home/gps/ada/adl/examples/shared/common/gui/lcd_std_out.adb:lcd_std_out__internal_put__2" targetname: "__gnat_last_chance_handler" label: "/home/gps/ada/adl/examples/shared/common/gui/lcd_std_out.adb:205:21" }
node: { title: "/home/gps/ada/adl/examples/shared/common/gui/lcd_std_out.adb:lcd_std_out__draw_char" label: "Draw_Char\n/home/gps/ada/adl/examples/shared/common/gui/lcd_std_out.adb:182:4\n56 bytes (static)" }
edge: { sourcename: "/home/gps/ada/adl/examples/shared/common/gui/lcd_std_out.adb:lcd_std_out__draw_char" targetname: "bitmapped_drawing__draw_char" label: "/home/gps/ada/adl/examples/shared/common/gui/lcd_std_out.adb:185:24" }
edge: { sourcename: "/home/gps/ada/adl/examples/shared/common/gui/lcd_std_out.adb:lcd_std_out__draw_char" targetname: "bitmap_color_conversion__bitmap_color_to_word" label: "/home/gps/ada/adl/examples/shared/common/gui/lcd_std_out.adb:194:12" }
edge: { sourcename: "/home/gps/ada/adl/examples/shared/common/gui/lcd_std_out.adb:lcd_std_out__draw_char" targetname: "framebuffer_ltdc__color_mode" label: "/home/gps/ada/adl/examples/shared/common/gui/lcd_std_out.adb:194:41" }
edge: { sourcename: "/home/gps/ada/adl/examples/shared/common/gui/lcd_std_out.adb:lcd_std_out__draw_char" targetname: "bitmap_color_conversion__bitmap_color_to_word" label: "/home/gps/ada/adl/examples/shared/common/gui/lcd_std_out.adb:191:12" }
edge: { sourcename: "/home/gps/ada/adl/examples/shared/common/gui/lcd_std_out.adb:lcd_std_out__draw_char" targetname: "framebuffer_ltdc__color_mode" label: "/home/gps/ada/adl/examples/shared/common/gui/lcd_std_out.adb:191:41" }
edge: { sourcename: "/home/gps/ada/adl/examples/shared/common/gui/lcd_std_out.adb:lcd_std_out__draw_char" targetname: "framebuffer_ltdc__hidden_buffer" label: "/home/gps/ada/adl/examples/shared/common/gui/lcd_std_out.adb:186:17" }
edge: { sourcename: "/home/gps/ada/adl/examples/shared/common/gui/lcd_std_out.adb:lcd_std_out__draw_char" targetname: "/home/gps/ada/adl/examples/shared/common/gui/lcd_std_out.adb:lcd_std_out__check_initialized" label: "/home/gps/ada/adl/examples/shared/common/gui/lcd_std_out.adb:184:7" }
node: { title: "lcd_std_out__put" label: "Put\n/home/gps/ada/adl/examples/shared/common/gui/lcd_std_out.adb:172:4\n16 bytes (static)" }
edge: { sourcename: "lcd_std_out__put" targetname: "framebuffer_ltdc__update_layer" label: "/home/gps/ada/adl/examples/shared/common/gui/lcd_std_out.adb:175:14" }
edge: { sourcename: "lcd_std_out__put" targetname: "/home/gps/ada/adl/examples/shared/common/gui/lcd_std_out.adb:lcd_std_out__internal_put" label: "/home/gps/ada/adl/examples/shared/common/gui/lcd_std_out.adb:174:7" }
node: { title: "/home/gps/ada/adl/examples/shared/common/gui/lcd_std_out.adb:lcd_std_out__internal_put" label: "Internal_Put\n/home/gps/ada/adl/examples/shared/common/gui/lcd_std_out.adb:157:4\n40 bytes (static)" }
edge: { sourcename: "/home/gps/ada/adl/examples/shared/common/gui/lcd_std_out.adb:lcd_std_out__internal_put" targetname: "/home/gps/ada/adl/examples/shared/common/gui/lcd_std_out.adb:lcd_std_out__internal_put__2" label: "/home/gps/ada/adl/examples/shared/common/gui/lcd_std_out.adb:163:13" }
edge: { sourcename: "/home/gps/ada/adl/examples/shared/common/gui/lcd_std_out.adb:lcd_std_out__internal_put" targetname: "lcd_std_out__new_line" label: "/home/gps/ada/adl/examples/shared/common/gui/lcd_std_out.adb:161:13" }
node: { title: "lcd_std_out__clear_screen" label: "Clear_Screen\n/home/gps/ada/adl/examples/shared/common/gui/lcd_std_out.adb:143:4\n8 bytes (static)" }
edge: { sourcename: "lcd_std_out__clear_screen" targetname: "framebuffer_ltdc__update_layer" label: "/home/gps/ada/adl/examples/shared/common/gui/lcd_std_out.adb:150:14" }
edge: { sourcename: "lcd_std_out__clear_screen" targetname: "__indirect_call" label: "/home/gps/ada/adl/examples/shared/common/gui/lcd_std_out.adb:147:32" }
node: { title: "__indirect_call" label: "Indirect Call Placeholder" shape : ellipse }
edge: { sourcename: "lcd_std_out__clear_screen" targetname: "framebuffer_ltdc__hidden_buffer" label: "/home/gps/ada/adl/examples/shared/common/gui/lcd_std_out.adb:147:14" }
edge: { sourcename: "lcd_std_out__clear_screen" targetname: "__indirect_call" label: "/home/gps/ada/adl/examples/shared/common/gui/lcd_std_out.adb:146:32" }
edge: { sourcename: "lcd_std_out__clear_screen" targetname: "framebuffer_ltdc__hidden_buffer" label: "/home/gps/ada/adl/examples/shared/common/gui/lcd_std_out.adb:146:14" }
edge: { sourcename: "lcd_std_out__clear_screen" targetname: "/home/gps/ada/adl/examples/shared/common/gui/lcd_std_out.adb:lcd_std_out__check_initialized" label: "/home/gps/ada/adl/examples/shared/common/gui/lcd_std_out.adb:145:7" }
node: { title: "lcd_std_out__set_orientation" label: "Set_Orientation\n/home/gps/ada/adl/examples/shared/common/gui/lcd_std_out.adb:132:4\n16 bytes (static)" }
edge: { sourcename: "lcd_std_out__set_orientation" targetname: "lcd_std_out__clear_screen" label: "/home/gps/ada/adl/examples/shared/common/gui/lcd_std_out.adb:136:7" }
edge: { sourcename: "lcd_std_out__set_orientation" targetname: "/home/gps/ada/adl/examples/shared/common/gui/lcd_std_out.adb:lcd_std_out__recompute_screen_dimensions" label: "/home/gps/ada/adl/examples/shared/common/gui/lcd_std_out.adb:135:7" }
edge: { sourcename: "lcd_std_out__set_orientation" targetname: "framebuffer_ltdc__set_orientation" label: "/home/gps/ada/adl/examples/shared/common/gui/lcd_std_out.adb:134:14" }
node: { title: "lcd_std_out__set_font" label: "Set_Font\n/home/gps/ada/adl/examples/shared/common/gui/lcd_std_out.adb:122:4\n16 bytes (static)" }
edge: { sourcename: "lcd_std_out__set_font" targetname: "/home/gps/ada/adl/examples/shared/common/gui/lcd_std_out.adb:lcd_std_out__recompute_screen_dimensions" label: "/home/gps/ada/adl/examples/shared/common/gui/lcd_std_out.adb:125:7" }
node: { title: "/home/gps/ada/adl/examples/shared/common/gui/lcd_std_out.adb:lcd_std_out__recompute_screen_dimensions" label: "Recompute_Screen_Dimensions\n/home/gps/ada/adl/examples/shared/common/gui/lcd_std_out.adb:109:4\n16 bytes (static)" }
edge: { sourcename: "/home/gps/ada/adl/examples/shared/common/gui/lcd_std_out.adb:lcd_std_out__recompute_screen_dimensions" targetname: "__gnat_last_chance_handler" label: "/home/gps/ada/adl/examples/shared/common/gui/lcd_std_out.adb:115:51" }
edge: { sourcename: "/home/gps/ada/adl/examples/shared/common/gui/lcd_std_out.adb:lcd_std_out__recompute_screen_dimensions" targetname: "__gnat_last_chance_handler" label: "/home/gps/ada/adl/examples/shared/common/gui/lcd_std_out.adb:115:51" }
edge: { sourcename: "/home/gps/ada/adl/examples/shared/common/gui/lcd_std_out.adb:lcd_std_out__recompute_screen_dimensions" targetname: "framebuffer_ltdc__height" label: "/home/gps/ada/adl/examples/shared/common/gui/lcd_std_out.adb:115:29" }
edge: { sourcename: "/home/gps/ada/adl/examples/shared/common/gui/lcd_std_out.adb:lcd_std_out__recompute_screen_dimensions" targetname: "__gnat_last_chance_handler" label: "/home/gps/ada/adl/examples/shared/common/gui/lcd_std_out.adb:114:49" }
edge: { sourcename: "/home/gps/ada/adl/examples/shared/common/gui/lcd_std_out.adb:lcd_std_out__recompute_screen_dimensions" targetname: "__gnat_last_chance_handler" label: "/home/gps/ada/adl/examples/shared/common/gui/lcd_std_out.adb:114:49" }
edge: { sourcename: "/home/gps/ada/adl/examples/shared/common/gui/lcd_std_out.adb:lcd_std_out__recompute_screen_dimensions" targetname: "framebuffer_ltdc__width" label: "/home/gps/ada/adl/examples/shared/common/gui/lcd_std_out.adb:114:29" }
edge: { sourcename: "/home/gps/ada/adl/examples/shared/common/gui/lcd_std_out.adb:lcd_std_out__recompute_screen_dimensions" targetname: "bmp_fonts__char_height" label: "/home/gps/ada/adl/examples/shared/common/gui/lcd_std_out.adb:113:31" }
edge: { sourcename: "/home/gps/ada/adl/examples/shared/common/gui/lcd_std_out.adb:lcd_std_out__recompute_screen_dimensions" targetname: "bmp_fonts__char_width" label: "/home/gps/ada/adl/examples/shared/common/gui/lcd_std_out.adb:112:31" }
edge: { sourcename: "/home/gps/ada/adl/examples/shared/common/gui/lcd_std_out.adb:lcd_std_out__recompute_screen_dimensions" targetname: "/home/gps/ada/adl/examples/shared/common/gui/lcd_std_out.adb:lcd_std_out__check_initialized" label: "/home/gps/ada/adl/examples/shared/common/gui/lcd_std_out.adb:111:7" }
node: { title: "/home/gps/ada/adl/examples/shared/common/gui/lcd_std_out.adb:lcd_std_out__check_initialized" label: "Check_Initialized\n/home/gps/ada/adl/examples/shared/common/gui/lcd_std_out.adb:85:4\n24 bytes (static)" }
edge: { sourcename: "/home/gps/ada/adl/examples/shared/common/gui/lcd_std_out.adb:lcd_std_out__check_initialized" targetname: "lcd_std_out__clear_screen" label: "/home/gps/ada/adl/examples/shared/common/gui/lcd_std_out.adb:101:10" }
edge: { sourcename: "/home/gps/ada/adl/examples/shared/common/gui/lcd_std_out.adb:lcd_std_out__check_initialized" targetname: "framebuffer_ltdc__initialize_layer" label: "/home/gps/ada/adl/examples/shared/common/gui/lcd_std_out.adb:100:17" }
edge: { sourcename: "/home/gps/ada/adl/examples/shared/common/gui/lcd_std_out.adb:lcd_std_out__check_initialized" targetname: "framebuffer_rk043fn48h__initialize__2" label: "/home/gps/ada/adl/examples/shared/common/gui/lcd_std_out.adb:99:17" }
edge: { sourcename: "/home/gps/ada/adl/examples/shared/common/gui/lcd_std_out.adb:lcd_std_out__check_initialized" targetname: "framebuffer_ltdc__set_mode" label: "/home/gps/ada/adl/examples/shared/common/gui/lcd_std_out.adb:97:17" }
edge: { sourcename: "/home/gps/ada/adl/examples/shared/common/gui/lcd_std_out.adb:lcd_std_out__check_initialized" targetname: "framebuffer_ltdc__initialized" label: "/home/gps/ada/adl/examples/shared/common/gui/lcd_std_out.adb:93:17" }
}
