class {
  classname: "hal__real_time_clock__rtc_device"
  label: "hal__real_time_clock__rtc_device\hal-real_time_clock.ads:79:9"
  virtuals: "1:hal__real_time_clock__set\n
             2:hal__real_time_clock__get\n
             3:hal__real_time_clock__get_time\n
             4:hal__real_time_clock__get_date\n
             -1:hal__real_time_clock___size"
}
graph: { title: "/home/gps/ada/adl/hal/src/hal-real_time_clock.ads"
node: { title: "hal__real_time_clock__rtc_dateIP" label: "RTC_DATEIP\n/home/gps/ada/adl/hal/src/hal-real_time_clock.ads:51:9\n24 bytes (static)" }
node: { title: "hal__real_time_clock__rtc_day_of_weekRP" label: "RTC_DAY_OF_WEEKRP\n/home/gps/ada/adl/hal/src/hal-real_time_clock.ads:46:9\n16 bytes (static)" }
node: { title: "hal__real_time_clock__rtc_monthRP" label: "RTC_MONTHRP\n/home/gps/ada/adl/hal/src/hal-real_time_clock.ads:44:9\n16 bytes (static)" }
node: { title: "hal__real_time_clock__rtc_timeIP" label: "RTC_TIMEIP\n/home/gps/ada/adl/hal/src/hal-real_time_clock.ads:38:9\n24 bytes (static)" }
}
