graph: { title: "/home/gps/ada/adl/arch/ARM/STM32/svd/stm32f7x/stm32_svd-cryp.ads"
node: { title: "__gnat_last_chance_handler" label: "gnat_last_chance_handler\n<built-in>" shape : ellipse }
node: { title: "stm32_svd__cryp__cryp_peripheralIP" label: "CRYP_PERIPHERALIP\n/home/gps/ada/adl/arch/ARM/STM32/svd/stm32f7x/stm32_svd-cryp.ads:791:9\n16 bytes (static)" }
edge: { sourcename: "stm32_svd__cryp__cryp_peripheralIP" targetname: "stm32_svd__cryp__iv1rr_registerIP" label: "/home/gps/ada/adl/arch/ARM/STM32/svd/stm32f7x/stm32_svd-cryp.ads:831:7" }
edge: { sourcename: "stm32_svd__cryp__cryp_peripheralIP" targetname: "stm32_svd__cryp__iv1lr_registerIP" label: "/home/gps/ada/adl/arch/ARM/STM32/svd/stm32f7x/stm32_svd-cryp.ads:829:7" }
edge: { sourcename: "stm32_svd__cryp__cryp_peripheralIP" targetname: "stm32_svd__cryp__iv0rr_registerIP" label: "/home/gps/ada/adl/arch/ARM/STM32/svd/stm32f7x/stm32_svd-cryp.ads:827:7" }
edge: { sourcename: "stm32_svd__cryp__cryp_peripheralIP" targetname: "stm32_svd__cryp__iv0lr_registerIP" label: "/home/gps/ada/adl/arch/ARM/STM32/svd/stm32f7x/stm32_svd-cryp.ads:825:7" }
edge: { sourcename: "stm32_svd__cryp__cryp_peripheralIP" targetname: "stm32_svd__cryp__k3rr_registerIP" label: "/home/gps/ada/adl/arch/ARM/STM32/svd/stm32f7x/stm32_svd-cryp.ads:823:7" }
edge: { sourcename: "stm32_svd__cryp__cryp_peripheralIP" targetname: "stm32_svd__cryp__k3lr_registerIP" label: "/home/gps/ada/adl/arch/ARM/STM32/svd/stm32f7x/stm32_svd-cryp.ads:821:7" }
edge: { sourcename: "stm32_svd__cryp__cryp_peripheralIP" targetname: "stm32_svd__cryp__k2rr_registerIP" label: "/home/gps/ada/adl/arch/ARM/STM32/svd/stm32f7x/stm32_svd-cryp.ads:819:7" }
edge: { sourcename: "stm32_svd__cryp__cryp_peripheralIP" targetname: "stm32_svd__cryp__k2lr_registerIP" label: "/home/gps/ada/adl/arch/ARM/STM32/svd/stm32f7x/stm32_svd-cryp.ads:817:7" }
edge: { sourcename: "stm32_svd__cryp__cryp_peripheralIP" targetname: "stm32_svd__cryp__k1rr_registerIP" label: "/home/gps/ada/adl/arch/ARM/STM32/svd/stm32f7x/stm32_svd-cryp.ads:815:7" }
edge: { sourcename: "stm32_svd__cryp__cryp_peripheralIP" targetname: "stm32_svd__cryp__k1lr_registerIP" label: "/home/gps/ada/adl/arch/ARM/STM32/svd/stm32f7x/stm32_svd-cryp.ads:813:7" }
edge: { sourcename: "stm32_svd__cryp__cryp_peripheralIP" targetname: "stm32_svd__cryp__k0rr_registerIP" label: "/home/gps/ada/adl/arch/ARM/STM32/svd/stm32f7x/stm32_svd-cryp.ads:811:7" }
edge: { sourcename: "stm32_svd__cryp__cryp_peripheralIP" targetname: "stm32_svd__cryp__k0lr_registerIP" label: "/home/gps/ada/adl/arch/ARM/STM32/svd/stm32f7x/stm32_svd-cryp.ads:809:7" }
edge: { sourcename: "stm32_svd__cryp__cryp_peripheralIP" targetname: "stm32_svd__cryp__imscr_registerIP" label: "/home/gps/ada/adl/arch/ARM/STM32/svd/stm32f7x/stm32_svd-cryp.ads:803:7" }
edge: { sourcename: "stm32_svd__cryp__cryp_peripheralIP" targetname: "stm32_svd__cryp__dmacr_registerIP" label: "/home/gps/ada/adl/arch/ARM/STM32/svd/stm32f7x/stm32_svd-cryp.ads:801:7" }
edge: { sourcename: "stm32_svd__cryp__cryp_peripheralIP" targetname: "stm32_svd__cryp__cr_registerIP" label: "/home/gps/ada/adl/arch/ARM/STM32/svd/stm32f7x/stm32_svd-cryp.ads:793:7" }
node: { title: "stm32_svd__cryp__cryp_peripheralEQ" label: "CRYP_PERIPHERALEQ\n/home/gps/ada/adl/arch/ARM/STM32/svd/stm32f7x/stm32_svd-cryp.ads:791:4\n16 bytes (static)" }
edge: { sourcename: "stm32_svd__cryp__cryp_peripheralEQ" targetname: "__gnat_last_chance_handler" label: "/home/gps/ada/adl/arch/ARM/STM32/svd/stm32f7x/stm32_svd-cryp.ads:791:9" }
node: { title: "stm32_svd__cryp__iv1rr_registerIP" label: "IV1RR_REGISTERIP\n/home/gps/ada/adl/arch/ARM/STM32/svd/stm32f7x/stm32_svd-cryp.ads:682:9\n16 bytes (static)" }
node: { title: "stm32_svd__cryp__iv1lr_registerIP" label: "IV1LR_REGISTERIP\n/home/gps/ada/adl/arch/ARM/STM32/svd/stm32f7x/stm32_svd-cryp.ads:577:9\n16 bytes (static)" }
node: { title: "stm32_svd__cryp__iv0rr_registerIP" label: "IV0RR_REGISTERIP\n/home/gps/ada/adl/arch/ARM/STM32/svd/stm32f7x/stm32_svd-cryp.ads:472:9\n16 bytes (static)" }
node: { title: "stm32_svd__cryp__iv0lr_registerIP" label: "IV0LR_REGISTERIP\n/home/gps/ada/adl/arch/ARM/STM32/svd/stm32f7x/stm32_svd-cryp.ads:367:9\n16 bytes (static)" }
node: { title: "stm32_svd__cryp__k3rr_registerIP" label: "K3RR_REGISTERIP\n/home/gps/ada/adl/arch/ARM/STM32/svd/stm32f7x/stm32_svd-cryp.ads:346:9\n16 bytes (static)" }
node: { title: "stm32_svd__cryp__k3rr_registerEQ" label: "K3RR_REGISTEREQ\n/home/gps/ada/adl/arch/ARM/STM32/svd/stm32f7x/stm32_svd-cryp.ads:346:9\n32 bytes (static)" }
edge: { sourcename: "stm32_svd__cryp__k3rr_registerEQ" targetname: "/home/gps/ada/adl/arch/ARM/STM32/svd/stm32f7x/stm32_svd-cryp.ads:stm32_svd__cryp__k3rr_registerEQ__E110s.5939" label: "/home/gps/ada/adl/arch/ARM/STM32/svd/stm32f7x/stm32_svd-cryp.ads:346:9" }
node: { title: "/home/gps/ada/adl/arch/ARM/STM32/svd/stm32f7x/stm32_svd-cryp.ads:stm32_svd__cryp__k3rr_registerEQ__E110s.5939" label: "E110S\n/home/gps/ada/adl/arch/ARM/STM32/svd/stm32f7x/stm32_svd-cryp.ads:346:9\n24 bytes (static)" }
node: { title: "stm32_svd__cryp__Tk3rr_b_field_arrayBIP" label: "TK3RR_B_FIELD_ARRAYBIP\n/home/gps/ada/adl/arch/ARM/STM32/svd/stm32f7x/stm32_svd-cryp.ads:342:4\n16 bytes (static)" }
node: { title: "stm32_svd__cryp__k3lr_registerIP" label: "K3LR_REGISTERIP\n/home/gps/ada/adl/arch/ARM/STM32/svd/stm32f7x/stm32_svd-cryp.ads:321:9\n16 bytes (static)" }
node: { title: "stm32_svd__cryp__k3lr_registerEQ" label: "K3LR_REGISTEREQ\n/home/gps/ada/adl/arch/ARM/STM32/svd/stm32f7x/stm32_svd-cryp.ads:321:9\n32 bytes (static)" }
edge: { sourcename: "stm32_svd__cryp__k3lr_registerEQ" targetname: "/home/gps/ada/adl/arch/ARM/STM32/svd/stm32f7x/stm32_svd-cryp.ads:stm32_svd__cryp__k3lr_registerEQ__E97s.5932" label: "/home/gps/ada/adl/arch/ARM/STM32/svd/stm32f7x/stm32_svd-cryp.ads:321:9" }
node: { title: "/home/gps/ada/adl/arch/ARM/STM32/svd/stm32f7x/stm32_svd-cryp.ads:stm32_svd__cryp__k3lr_registerEQ__E97s.5932" label: "E97S\n/home/gps/ada/adl/arch/ARM/STM32/svd/stm32f7x/stm32_svd-cryp.ads:321:9\n24 bytes (static)" }
node: { title: "stm32_svd__cryp__Tk3lr_b_field_arrayBIP" label: "TK3LR_B_FIELD_ARRAYBIP\n/home/gps/ada/adl/arch/ARM/STM32/svd/stm32f7x/stm32_svd-cryp.ads:317:4\n16 bytes (static)" }
node: { title: "stm32_svd__cryp__k2rr_registerIP" label: "K2RR_REGISTERIP\n/home/gps/ada/adl/arch/ARM/STM32/svd/stm32f7x/stm32_svd-cryp.ads:296:9\n16 bytes (static)" }
node: { title: "stm32_svd__cryp__k2rr_registerEQ" label: "K2RR_REGISTEREQ\n/home/gps/ada/adl/arch/ARM/STM32/svd/stm32f7x/stm32_svd-cryp.ads:296:9\n32 bytes (static)" }
edge: { sourcename: "stm32_svd__cryp__k2rr_registerEQ" targetname: "/home/gps/ada/adl/arch/ARM/STM32/svd/stm32f7x/stm32_svd-cryp.ads:stm32_svd__cryp__k2rr_registerEQ__E84s.5925" label: "/home/gps/ada/adl/arch/ARM/STM32/svd/stm32f7x/stm32_svd-cryp.ads:296:9" }
node: { title: "/home/gps/ada/adl/arch/ARM/STM32/svd/stm32f7x/stm32_svd-cryp.ads:stm32_svd__cryp__k2rr_registerEQ__E84s.5925" label: "E84S\n/home/gps/ada/adl/arch/ARM/STM32/svd/stm32f7x/stm32_svd-cryp.ads:296:9\n24 bytes (static)" }
node: { title: "stm32_svd__cryp__Tk2rr_b_field_arrayBIP" label: "TK2RR_B_FIELD_ARRAYBIP\n/home/gps/ada/adl/arch/ARM/STM32/svd/stm32f7x/stm32_svd-cryp.ads:292:4\n16 bytes (static)" }
node: { title: "stm32_svd__cryp__k2lr_registerIP" label: "K2LR_REGISTERIP\n/home/gps/ada/adl/arch/ARM/STM32/svd/stm32f7x/stm32_svd-cryp.ads:271:9\n16 bytes (static)" }
node: { title: "stm32_svd__cryp__k2lr_registerEQ" label: "K2LR_REGISTEREQ\n/home/gps/ada/adl/arch/ARM/STM32/svd/stm32f7x/stm32_svd-cryp.ads:271:9\n32 bytes (static)" }
edge: { sourcename: "stm32_svd__cryp__k2lr_registerEQ" targetname: "/home/gps/ada/adl/arch/ARM/STM32/svd/stm32f7x/stm32_svd-cryp.ads:stm32_svd__cryp__k2lr_registerEQ__E71s.5918" label: "/home/gps/ada/adl/arch/ARM/STM32/svd/stm32f7x/stm32_svd-cryp.ads:271:9" }
node: { title: "/home/gps/ada/adl/arch/ARM/STM32/svd/stm32f7x/stm32_svd-cryp.ads:stm32_svd__cryp__k2lr_registerEQ__E71s.5918" label: "E71S\n/home/gps/ada/adl/arch/ARM/STM32/svd/stm32f7x/stm32_svd-cryp.ads:271:9\n24 bytes (static)" }
node: { title: "stm32_svd__cryp__Tk2lr_b_field_arrayBIP" label: "TK2LR_B_FIELD_ARRAYBIP\n/home/gps/ada/adl/arch/ARM/STM32/svd/stm32f7x/stm32_svd-cryp.ads:267:4\n16 bytes (static)" }
node: { title: "stm32_svd__cryp__k1rr_registerIP" label: "K1RR_REGISTERIP\n/home/gps/ada/adl/arch/ARM/STM32/svd/stm32f7x/stm32_svd-cryp.ads:246:9\n16 bytes (static)" }
node: { title: "stm32_svd__cryp__k1rr_registerEQ" label: "K1RR_REGISTEREQ\n/home/gps/ada/adl/arch/ARM/STM32/svd/stm32f7x/stm32_svd-cryp.ads:246:9\n32 bytes (static)" }
edge: { sourcename: "stm32_svd__cryp__k1rr_registerEQ" targetname: "/home/gps/ada/adl/arch/ARM/STM32/svd/stm32f7x/stm32_svd-cryp.ads:stm32_svd__cryp__k1rr_registerEQ__E58s.5911" label: "/home/gps/ada/adl/arch/ARM/STM32/svd/stm32f7x/stm32_svd-cryp.ads:246:9" }
node: { title: "/home/gps/ada/adl/arch/ARM/STM32/svd/stm32f7x/stm32_svd-cryp.ads:stm32_svd__cryp__k1rr_registerEQ__E58s.5911" label: "E58S\n/home/gps/ada/adl/arch/ARM/STM32/svd/stm32f7x/stm32_svd-cryp.ads:246:9\n24 bytes (static)" }
node: { title: "stm32_svd__cryp__Tk1rr_b_field_arrayBIP" label: "TK1RR_B_FIELD_ARRAYBIP\n/home/gps/ada/adl/arch/ARM/STM32/svd/stm32f7x/stm32_svd-cryp.ads:242:4\n16 bytes (static)" }
node: { title: "stm32_svd__cryp__k1lr_registerIP" label: "K1LR_REGISTERIP\n/home/gps/ada/adl/arch/ARM/STM32/svd/stm32f7x/stm32_svd-cryp.ads:221:9\n16 bytes (static)" }
node: { title: "stm32_svd__cryp__k1lr_registerEQ" label: "K1LR_REGISTEREQ\n/home/gps/ada/adl/arch/ARM/STM32/svd/stm32f7x/stm32_svd-cryp.ads:221:9\n32 bytes (static)" }
edge: { sourcename: "stm32_svd__cryp__k1lr_registerEQ" targetname: "/home/gps/ada/adl/arch/ARM/STM32/svd/stm32f7x/stm32_svd-cryp.ads:stm32_svd__cryp__k1lr_registerEQ__E45s.5904" label: "/home/gps/ada/adl/arch/ARM/STM32/svd/stm32f7x/stm32_svd-cryp.ads:221:9" }
node: { title: "/home/gps/ada/adl/arch/ARM/STM32/svd/stm32f7x/stm32_svd-cryp.ads:stm32_svd__cryp__k1lr_registerEQ__E45s.5904" label: "E45S\n/home/gps/ada/adl/arch/ARM/STM32/svd/stm32f7x/stm32_svd-cryp.ads:221:9\n24 bytes (static)" }
node: { title: "stm32_svd__cryp__Tk1lr_b_field_arrayBIP" label: "TK1LR_B_FIELD_ARRAYBIP\n/home/gps/ada/adl/arch/ARM/STM32/svd/stm32f7x/stm32_svd-cryp.ads:217:4\n16 bytes (static)" }
node: { title: "stm32_svd__cryp__k0rr_registerIP" label: "K0RR_REGISTERIP\n/home/gps/ada/adl/arch/ARM/STM32/svd/stm32f7x/stm32_svd-cryp.ads:196:9\n16 bytes (static)" }
node: { title: "stm32_svd__cryp__k0rr_registerEQ" label: "K0RR_REGISTEREQ\n/home/gps/ada/adl/arch/ARM/STM32/svd/stm32f7x/stm32_svd-cryp.ads:196:9\n32 bytes (static)" }
edge: { sourcename: "stm32_svd__cryp__k0rr_registerEQ" targetname: "/home/gps/ada/adl/arch/ARM/STM32/svd/stm32f7x/stm32_svd-cryp.ads:stm32_svd__cryp__k0rr_registerEQ__E32s.5897" label: "/home/gps/ada/adl/arch/ARM/STM32/svd/stm32f7x/stm32_svd-cryp.ads:196:9" }
node: { title: "/home/gps/ada/adl/arch/ARM/STM32/svd/stm32f7x/stm32_svd-cryp.ads:stm32_svd__cryp__k0rr_registerEQ__E32s.5897" label: "E32S\n/home/gps/ada/adl/arch/ARM/STM32/svd/stm32f7x/stm32_svd-cryp.ads:196:9\n24 bytes (static)" }
node: { title: "stm32_svd__cryp__Tk0rr_b_field_arrayBIP" label: "TK0RR_B_FIELD_ARRAYBIP\n/home/gps/ada/adl/arch/ARM/STM32/svd/stm32f7x/stm32_svd-cryp.ads:192:4\n16 bytes (static)" }
node: { title: "stm32_svd__cryp__k0lr_registerIP" label: "K0LR_REGISTERIP\n/home/gps/ada/adl/arch/ARM/STM32/svd/stm32f7x/stm32_svd-cryp.ads:171:9\n16 bytes (static)" }
node: { title: "stm32_svd__cryp__k0lr_registerEQ" label: "K0LR_REGISTEREQ\n/home/gps/ada/adl/arch/ARM/STM32/svd/stm32f7x/stm32_svd-cryp.ads:171:9\n32 bytes (static)" }
edge: { sourcename: "stm32_svd__cryp__k0lr_registerEQ" targetname: "/home/gps/ada/adl/arch/ARM/STM32/svd/stm32f7x/stm32_svd-cryp.ads:stm32_svd__cryp__k0lr_registerEQ__E19s.5889" label: "/home/gps/ada/adl/arch/ARM/STM32/svd/stm32f7x/stm32_svd-cryp.ads:171:9" }
node: { title: "/home/gps/ada/adl/arch/ARM/STM32/svd/stm32f7x/stm32_svd-cryp.ads:stm32_svd__cryp__k0lr_registerEQ__E19s.5889" label: "E19S\n/home/gps/ada/adl/arch/ARM/STM32/svd/stm32f7x/stm32_svd-cryp.ads:171:9\n24 bytes (static)" }
node: { title: "stm32_svd__cryp__Tk0lr_b_field_arrayBIP" label: "TK0LR_B_FIELD_ARRAYBIP\n/home/gps/ada/adl/arch/ARM/STM32/svd/stm32f7x/stm32_svd-cryp.ads:167:4\n16 bytes (static)" }
node: { title: "stm32_svd__cryp__misr_registerIP" label: "MISR_REGISTERIP\n/home/gps/ada/adl/arch/ARM/STM32/svd/stm32f7x/stm32_svd-cryp.ads:149:9\n16 bytes (static)" }
node: { title: "stm32_svd__cryp__risr_registerIP" label: "RISR_REGISTERIP\n/home/gps/ada/adl/arch/ARM/STM32/svd/stm32f7x/stm32_svd-cryp.ads:131:9\n16 bytes (static)" }
node: { title: "stm32_svd__cryp__imscr_registerIP" label: "IMSCR_REGISTERIP\n/home/gps/ada/adl/arch/ARM/STM32/svd/stm32f7x/stm32_svd-cryp.ads:113:9\n16 bytes (static)" }
node: { title: "stm32_svd__cryp__dmacr_registerIP" label: "DMACR_REGISTERIP\n/home/gps/ada/adl/arch/ARM/STM32/svd/stm32f7x/stm32_svd-cryp.ads:95:9\n16 bytes (static)" }
node: { title: "stm32_svd__cryp__sr_registerIP" label: "SR_REGISTERIP\n/home/gps/ada/adl/arch/ARM/STM32/svd/stm32f7x/stm32_svd-cryp.ads:68:9\n16 bytes (static)" }
node: { title: "stm32_svd__cryp__cr_registerIP" label: "CR_REGISTERIP\n/home/gps/ada/adl/arch/ARM/STM32/svd/stm32f7x/stm32_svd-cryp.ads:23:9\n16 bytes (static)" }
}
