graph: { title: "/home/gps/ada/adl/arch/ARM/STM32/drivers/dma2d/stm32-dma2d-interrupt.adb"
node: { title: "stm32__dma2d__dma2d_init" label: "DMA2D_INIT\n/home/gps/ada/adl/arch/ARM/STM32/drivers/dma2d/stm32-dma2d.ads:163:14" shape : ellipse }
node: { title: "system__tasking__protected_objects__single_entry__protected_single_entry_call" label: "Protected_Single_Entry_Call\n/usr/gnat/arm-eabi/lib/gnat/ravenscar-sfp-stm32f746disco/gnarl/s-tposen.ads:212:14" shape : ellipse }
node: { title: "system__tasking__protected_objects__single_entry__service_entry" label: "Service_Entry\n/usr/gnat/arm-eabi/lib/gnat/ravenscar-sfp-stm32f746disco/gnarl/s-tposen.ads:203:14" shape : ellipse }
node: { title: "system__tasking__protected_objects__single_entry__lock_entry" label: "Lock_Entry\n/usr/gnat/arm-eabi/lib/gnat/ravenscar-sfp-stm32f746disco/gnarl/s-tposen.ads:192:14" shape : ellipse }
node: { title: "system__assertions__raise_assert_failure" label: "Raise_Assert_Failure\n/usr/gnat/arm-eabi/lib/gnat/ravenscar-sfp-stm32f746disco/gnat/s-assert.ads:46:14" shape : ellipse }
node: { title: "system__interrupts__install_restricted_handlers" label: "Install_Restricted_Handlers\n/usr/gnat/arm-eabi/lib/gnat/ravenscar-sfp-stm32f746disco/gnarl/s-interr.ads:92:14" shape : ellipse }
node: { title: "system__tasking__protected_objects__single_entry__initialize_protection_entry" label: "Initialize_Protection_Entry\n/usr/gnat/arm-eabi/lib/gnat/ravenscar-sfp-stm32f746disco/gnarl/s-tposen.ads:184:14" shape : ellipse }
node: { title: "stm32__dma2d__interrupt___elabb" label: "INTERRUPT\n/home/gps/ada/adl/arch/ARM/STM32/drivers/dma2d/stm32-dma2d-interrupt.adb:36:1\n8 bytes (static)" }
edge: { sourcename: "stm32__dma2d__interrupt___elabb" targetname: "stm32__dma2d__interrupt__syncTVIP" label: "/home/gps/ada/adl/arch/ARM/STM32/drivers/dma2d/stm32-dma2d-interrupt.adb:41:4" }
node: { title: "stm32__dma2d__interrupt__initialize" label: "INITIALIZE\n/home/gps/ada/adl/arch/ARM/STM32/drivers/dma2d/stm32-dma2d-interrupt.adb:142:4\n8 bytes (static)" }
edge: { sourcename: "stm32__dma2d__interrupt__initialize" targetname: "stm32__dma2d__dma2d_init" label: "/home/gps/ada/adl/arch/ARM/STM32/drivers/dma2d/stm32-dma2d-interrupt.adb:144:7" }
node: { title: "/home/gps/ada/adl/arch/ARM/STM32/drivers/dma2d/stm32-dma2d-interrupt.adb:stm32__dma2d__interrupt__dma2d_wait" label: "DMA2D_WAIT\n/home/gps/ada/adl/arch/ARM/STM32/drivers/dma2d/stm32-dma2d-interrupt.adb:133:4\n8 bytes (static)" }
edge: { sourcename: "/home/gps/ada/adl/arch/ARM/STM32/drivers/dma2d/stm32-dma2d-interrupt.adb:stm32__dma2d__interrupt__dma2d_wait" targetname: "system__tasking__protected_objects__single_entry__protected_single_entry_call" label: "/home/gps/ada/adl/arch/ARM/STM32/drivers/dma2d/stm32-dma2d-interrupt.adb:135:11" }
node: { title: "/home/gps/ada/adl/arch/ARM/STM32/drivers/dma2d/stm32-dma2d-interrupt.adb:stm32__dma2d__interrupt__dma2d_start" label: "DMA2D_START\n/home/gps/ada/adl/arch/ARM/STM32/drivers/dma2d/stm32-dma2d-interrupt.adb:124:4\n8 bytes (static)" }
edge: { sourcename: "/home/gps/ada/adl/arch/ARM/STM32/drivers/dma2d/stm32-dma2d-interrupt.adb:stm32__dma2d__interrupt__dma2d_start" targetname: "/home/gps/ada/adl/arch/ARM/STM32/drivers/dma2d/stm32-dma2d-interrupt.adb:stm32__dma2d__interrupt__sync__start_transferP" label: "/home/gps/ada/adl/arch/ARM/STM32/drivers/dma2d/stm32-dma2d-interrupt.adb:126:11" }
node: { title: "/home/gps/ada/adl/arch/ARM/STM32/drivers/dma2d/stm32-dma2d-interrupt.adb:stm32__dma2d__interrupt__sync__interruptP" label: "INTERRUPTP\n/home/gps/ada/adl/arch/ARM/STM32/drivers/dma2d/stm32-dma2d-interrupt.adb:94:7\n16 bytes (static)" }
edge: { sourcename: "/home/gps/ada/adl/arch/ARM/STM32/drivers/dma2d/stm32-dma2d-interrupt.adb:stm32__dma2d__interrupt__sync__interruptP" targetname: "system__tasking__protected_objects__single_entry__service_entry" label: "/home/gps/ada/adl/arch/ARM/STM32/drivers/dma2d/stm32-dma2d-interrupt.adb:94:7" }
edge: { sourcename: "/home/gps/ada/adl/arch/ARM/STM32/drivers/dma2d/stm32-dma2d-interrupt.adb:stm32__dma2d__interrupt__sync__interruptP" targetname: "/home/gps/ada/adl/arch/ARM/STM32/drivers/dma2d/stm32-dma2d-interrupt.adb:stm32__dma2d__interrupt__sync__interruptN" label: "/home/gps/ada/adl/arch/ARM/STM32/drivers/dma2d/stm32-dma2d-interrupt.adb:94:7" }
edge: { sourcename: "/home/gps/ada/adl/arch/ARM/STM32/drivers/dma2d/stm32-dma2d-interrupt.adb:stm32__dma2d__interrupt__sync__interruptP" targetname: "system__tasking__protected_objects__single_entry__lock_entry" label: "/home/gps/ada/adl/arch/ARM/STM32/drivers/dma2d/stm32-dma2d-interrupt.adb:94:7" }
node: { title: "/home/gps/ada/adl/arch/ARM/STM32/drivers/dma2d/stm32-dma2d-interrupt.adb:stm32__dma2d__interrupt__sync__interruptN" label: "INTERRUPTN\n/home/gps/ada/adl/arch/ARM/STM32/drivers/dma2d/stm32-dma2d-interrupt.adb:94:7\n40 bytes (static)" }
edge: { sourcename: "/home/gps/ada/adl/arch/ARM/STM32/drivers/dma2d/stm32-dma2d-interrupt.adb:stm32__dma2d__interrupt__sync__interruptN" targetname: "system__assertions__raise_assert_failure" label: "/home/gps/ada/adl/arch/ARM/STM32/drivers/dma2d/stm32-dma2d-interrupt.adb:111:28" }
node: { title: "/home/gps/ada/adl/arch/ARM/STM32/drivers/dma2d/stm32-dma2d-interrupt.adb:stm32__dma2d__interrupt__sync__start_transferP" label: "START_TRANSFERP\n/home/gps/ada/adl/arch/ARM/STM32/drivers/dma2d/stm32-dma2d-interrupt.adb:74:7\n16 bytes (static)" }
edge: { sourcename: "/home/gps/ada/adl/arch/ARM/STM32/drivers/dma2d/stm32-dma2d-interrupt.adb:stm32__dma2d__interrupt__sync__start_transferP" targetname: "system__tasking__protected_objects__single_entry__service_entry" label: "/home/gps/ada/adl/arch/ARM/STM32/drivers/dma2d/stm32-dma2d-interrupt.adb:74:7" }
edge: { sourcename: "/home/gps/ada/adl/arch/ARM/STM32/drivers/dma2d/stm32-dma2d-interrupt.adb:stm32__dma2d__interrupt__sync__start_transferP" targetname: "/home/gps/ada/adl/arch/ARM/STM32/drivers/dma2d/stm32-dma2d-interrupt.adb:stm32__dma2d__interrupt__sync__start_transferN" label: "/home/gps/ada/adl/arch/ARM/STM32/drivers/dma2d/stm32-dma2d-interrupt.adb:74:7" }
edge: { sourcename: "/home/gps/ada/adl/arch/ARM/STM32/drivers/dma2d/stm32-dma2d-interrupt.adb:stm32__dma2d__interrupt__sync__start_transferP" targetname: "system__tasking__protected_objects__single_entry__lock_entry" label: "/home/gps/ada/adl/arch/ARM/STM32/drivers/dma2d/stm32-dma2d-interrupt.adb:74:7" }
node: { title: "/home/gps/ada/adl/arch/ARM/STM32/drivers/dma2d/stm32-dma2d-interrupt.adb:stm32__dma2d__interrupt__sync__start_transferN" label: "START_TRANSFERN\n/home/gps/ada/adl/arch/ARM/STM32/drivers/dma2d/stm32-dma2d-interrupt.adb:74:7\n40 bytes (static)" }
edge: { sourcename: "/home/gps/ada/adl/arch/ARM/STM32/drivers/dma2d/stm32-dma2d-interrupt.adb:stm32__dma2d__interrupt__sync__start_transferN" targetname: "system__assertions__raise_assert_failure" label: "/home/gps/ada/adl/arch/ARM/STM32/drivers/dma2d/stm32-dma2d-interrupt.adb:76:25" }
node: { title: "/home/gps/ada/adl/arch/ARM/STM32/drivers/dma2d/stm32-dma2d-interrupt.adb:stm32__dma2d__interrupt__sync__wait_E1b" label: "WAIT_E1B\n/home/gps/ada/adl/arch/ARM/STM32/drivers/dma2d/stm32-dma2d-interrupt.adb:65:7\n48 bytes (static)" }
node: { title: "/home/gps/ada/adl/arch/ARM/STM32/drivers/dma2d/stm32-dma2d-interrupt.adb:stm32__dma2d__interrupt__sync__wait_B2b" label: "WAIT_B2B\n/home/gps/ada/adl/arch/ARM/STM32/drivers/dma2d/stm32-dma2d-interrupt.adb:65:23\n16 bytes (static)" }
node: { title: "stm32__dma2d__interrupt__syncTVIP" label: "SYNCTVIP\n/home/gps/ada/adl/arch/ARM/STM32/drivers/dma2d/stm32-dma2d-interrupt.adb:41:4\n40 bytes (static)" }
edge: { sourcename: "stm32__dma2d__interrupt__syncTVIP" targetname: "system__interrupts__install_restricted_handlers" label: "/home/gps/ada/adl/arch/ARM/STM32/drivers/dma2d/stm32-dma2d-interrupt.adb:41:4" }
edge: { sourcename: "stm32__dma2d__interrupt__syncTVIP" targetname: "system__tasking__protected_objects__single_entry__initialize_protection_entry" label: "/home/gps/ada/adl/arch/ARM/STM32/drivers/dma2d/stm32-dma2d-interrupt.adb:41:4" }
}
