graph: { title: "/home/gps/ada/adl/arch/ARM/STM32/svd/stm32f7x/stm32_svd-rng.ads"
node: { title: "stm32_svd__rng__rng_peripheralIP" label: "RNG_PERIPHERALIP\n/home/gps/ada/adl/arch/ARM/STM32/svd/stm32f7x/stm32_svd-rng.ads:73:9\n16 bytes (static)" }
edge: { sourcename: "stm32_svd__rng__rng_peripheralIP" targetname: "stm32_svd__rng__sr_registerIP" label: "/home/gps/ada/adl/arch/ARM/STM32/svd/stm32f7x/stm32_svd-rng.ads:77:7" }
edge: { sourcename: "stm32_svd__rng__rng_peripheralIP" targetname: "stm32_svd__rng__cr_registerIP" label: "/home/gps/ada/adl/arch/ARM/STM32/svd/stm32f7x/stm32_svd-rng.ads:75:7" }
node: { title: "stm32_svd__rng__sr_registerIP" label: "SR_REGISTERIP\n/home/gps/ada/adl/arch/ARM/STM32/svd/stm32f7x/stm32_svd-rng.ads:39:9\n16 bytes (static)" }
node: { title: "stm32_svd__rng__cr_registerIP" label: "CR_REGISTERIP\n/home/gps/ada/adl/arch/ARM/STM32/svd/stm32f7x/stm32_svd-rng.ads:18:9\n16 bytes (static)" }
}
