graph: { title: "/home/gps/ada/adl/arch/ARM/STM32/drivers/sd/stm32-sdmmc_interrupt.adb"
node: { title: "stm32__sdmmc__disable_interrupt" label: "DISABLE_INTERRUPT\n/home/gps/ada/adl/arch/ARM/STM32/drivers/sd/stm32-sdmmc.ads:147:14" shape : ellipse }
node: { title: "stm32__sdmmc__clear_flag" label: "CLEAR_FLAG\n/home/gps/ada/adl/arch/ARM/STM32/drivers/sd/stm32-sdmmc.ads:128:14" shape : ellipse }
node: { title: "stm32__sdmmc__get_flag" label: "GET_FLAG\n/home/gps/ada/adl/arch/ARM/STM32/drivers/sd/stm32-sdmmc.ads:124:13" shape : ellipse }
node: { title: "system__tasking__protected_objects__single_entry__service_entry" label: "Service_Entry\n/usr/gnat/arm-eabi/lib/gnat/ravenscar-sfp-stm32f746disco/gnarl/s-tposen.ads:203:14" shape : ellipse }
node: { title: "system__tasking__protected_objects__single_entry__lock_entry" label: "Lock_Entry\n/usr/gnat/arm-eabi/lib/gnat/ravenscar-sfp-stm32f746disco/gnarl/s-tposen.ads:192:14" shape : ellipse }
node: { title: "__gnat_last_chance_handler" label: "gnat_last_chance_handler\n<built-in>" shape : ellipse }
node: { title: "system__interrupts__install_restricted_handlers" label: "Install_Restricted_Handlers\n/usr/gnat/arm-eabi/lib/gnat/ravenscar-sfp-stm32f746disco/gnarl/s-interr.ads:92:14" shape : ellipse }
node: { title: "system__tasking__protected_objects__single_entry__initialize_protection_entry" label: "Initialize_Protection_Entry\n/usr/gnat/arm-eabi/lib/gnat/ravenscar-sfp-stm32f746disco/gnarl/s-tposen.ads:184:14" shape : ellipse }
node: { title: "stm32__sdmmc_interrupt__sdmmc_interrupt_handler__interruptP" label: "INTERRUPTP\n/home/gps/ada/adl/arch/ARM/STM32/drivers/sd/stm32-sdmmc_interrupt.adb:81:7\n16 bytes (static)" }
edge: { sourcename: "stm32__sdmmc_interrupt__sdmmc_interrupt_handler__interruptP" targetname: "system__tasking__protected_objects__single_entry__service_entry" label: "/home/gps/ada/adl/arch/ARM/STM32/drivers/sd/stm32-sdmmc_interrupt.adb:81:7" }
edge: { sourcename: "stm32__sdmmc_interrupt__sdmmc_interrupt_handler__interruptP" targetname: "stm32__sdmmc_interrupt__sdmmc_interrupt_handler__interruptN" label: "/home/gps/ada/adl/arch/ARM/STM32/drivers/sd/stm32-sdmmc_interrupt.adb:81:7" }
edge: { sourcename: "stm32__sdmmc_interrupt__sdmmc_interrupt_handler__interruptP" targetname: "system__tasking__protected_objects__single_entry__lock_entry" label: "/home/gps/ada/adl/arch/ARM/STM32/drivers/sd/stm32-sdmmc_interrupt.adb:81:7" }
node: { title: "stm32__sdmmc_interrupt__sdmmc_interrupt_handler__interruptN" label: "INTERRUPTN\n/home/gps/ada/adl/arch/ARM/STM32/drivers/sd/stm32-sdmmc_interrupt.adb:81:7\n40 bytes (static)" }
edge: { sourcename: "stm32__sdmmc_interrupt__sdmmc_interrupt_handler__interruptN" targetname: "stm32__sdmmc__disable_interrupt" label: "/home/gps/ada/adl/arch/ARM/STM32/drivers/sd/stm32-sdmmc_interrupt.adb:108:13" }
edge: { sourcename: "stm32__sdmmc_interrupt__sdmmc_interrupt_handler__interruptN" targetname: "__gnat_last_chance_handler" label: "/home/gps/ada/adl/arch/ARM/STM32/drivers/sd/stm32-sdmmc_interrupt.adb:108:39" }
edge: { sourcename: "stm32__sdmmc_interrupt__sdmmc_interrupt_handler__interruptN" targetname: "stm32__sdmmc__clear_flag" label: "/home/gps/ada/adl/arch/ARM/STM32/drivers/sd/stm32-sdmmc_interrupt.adb:103:13" }
edge: { sourcename: "stm32__sdmmc_interrupt__sdmmc_interrupt_handler__interruptN" targetname: "__gnat_last_chance_handler" label: "/home/gps/ada/adl/arch/ARM/STM32/drivers/sd/stm32-sdmmc_interrupt.adb:103:32" }
edge: { sourcename: "stm32__sdmmc_interrupt__sdmmc_interrupt_handler__interruptN" targetname: "stm32__sdmmc__get_flag" label: "/home/gps/ada/adl/arch/ARM/STM32/drivers/sd/stm32-sdmmc_interrupt.adb:102:16" }
edge: { sourcename: "stm32__sdmmc_interrupt__sdmmc_interrupt_handler__interruptN" targetname: "__gnat_last_chance_handler" label: "/home/gps/ada/adl/arch/ARM/STM32/drivers/sd/stm32-sdmmc_interrupt.adb:102:33" }
edge: { sourcename: "stm32__sdmmc_interrupt__sdmmc_interrupt_handler__interruptN" targetname: "stm32__sdmmc__clear_flag" label: "/home/gps/ada/adl/arch/ARM/STM32/drivers/sd/stm32-sdmmc_interrupt.adb:99:13" }
edge: { sourcename: "stm32__sdmmc_interrupt__sdmmc_interrupt_handler__interruptN" targetname: "__gnat_last_chance_handler" label: "/home/gps/ada/adl/arch/ARM/STM32/drivers/sd/stm32-sdmmc_interrupt.adb:99:32" }
edge: { sourcename: "stm32__sdmmc_interrupt__sdmmc_interrupt_handler__interruptN" targetname: "stm32__sdmmc__get_flag" label: "/home/gps/ada/adl/arch/ARM/STM32/drivers/sd/stm32-sdmmc_interrupt.adb:98:16" }
edge: { sourcename: "stm32__sdmmc_interrupt__sdmmc_interrupt_handler__interruptN" targetname: "__gnat_last_chance_handler" label: "/home/gps/ada/adl/arch/ARM/STM32/drivers/sd/stm32-sdmmc_interrupt.adb:98:33" }
edge: { sourcename: "stm32__sdmmc_interrupt__sdmmc_interrupt_handler__interruptN" targetname: "stm32__sdmmc__clear_flag" label: "/home/gps/ada/adl/arch/ARM/STM32/drivers/sd/stm32-sdmmc_interrupt.adb:95:13" }
edge: { sourcename: "stm32__sdmmc_interrupt__sdmmc_interrupt_handler__interruptN" targetname: "__gnat_last_chance_handler" label: "/home/gps/ada/adl/arch/ARM/STM32/drivers/sd/stm32-sdmmc_interrupt.adb:95:32" }
edge: { sourcename: "stm32__sdmmc_interrupt__sdmmc_interrupt_handler__interruptN" targetname: "stm32__sdmmc__get_flag" label: "/home/gps/ada/adl/arch/ARM/STM32/drivers/sd/stm32-sdmmc_interrupt.adb:94:16" }
edge: { sourcename: "stm32__sdmmc_interrupt__sdmmc_interrupt_handler__interruptN" targetname: "__gnat_last_chance_handler" label: "/home/gps/ada/adl/arch/ARM/STM32/drivers/sd/stm32-sdmmc_interrupt.adb:94:33" }
edge: { sourcename: "stm32__sdmmc_interrupt__sdmmc_interrupt_handler__interruptN" targetname: "stm32__sdmmc__clear_flag" label: "/home/gps/ada/adl/arch/ARM/STM32/drivers/sd/stm32-sdmmc_interrupt.adb:91:13" }
edge: { sourcename: "stm32__sdmmc_interrupt__sdmmc_interrupt_handler__interruptN" targetname: "__gnat_last_chance_handler" label: "/home/gps/ada/adl/arch/ARM/STM32/drivers/sd/stm32-sdmmc_interrupt.adb:91:32" }
edge: { sourcename: "stm32__sdmmc_interrupt__sdmmc_interrupt_handler__interruptN" targetname: "stm32__sdmmc__get_flag" label: "/home/gps/ada/adl/arch/ARM/STM32/drivers/sd/stm32-sdmmc_interrupt.adb:90:16" }
edge: { sourcename: "stm32__sdmmc_interrupt__sdmmc_interrupt_handler__interruptN" targetname: "__gnat_last_chance_handler" label: "/home/gps/ada/adl/arch/ARM/STM32/drivers/sd/stm32-sdmmc_interrupt.adb:90:33" }
edge: { sourcename: "stm32__sdmmc_interrupt__sdmmc_interrupt_handler__interruptN" targetname: "stm32__sdmmc__clear_flag" label: "/home/gps/ada/adl/arch/ARM/STM32/drivers/sd/stm32-sdmmc_interrupt.adb:87:13" }
edge: { sourcename: "stm32__sdmmc_interrupt__sdmmc_interrupt_handler__interruptN" targetname: "__gnat_last_chance_handler" label: "/home/gps/ada/adl/arch/ARM/STM32/drivers/sd/stm32-sdmmc_interrupt.adb:87:32" }
edge: { sourcename: "stm32__sdmmc_interrupt__sdmmc_interrupt_handler__interruptN" targetname: "stm32__sdmmc__get_flag" label: "/home/gps/ada/adl/arch/ARM/STM32/drivers/sd/stm32-sdmmc_interrupt.adb:86:13" }
edge: { sourcename: "stm32__sdmmc_interrupt__sdmmc_interrupt_handler__interruptN" targetname: "__gnat_last_chance_handler" label: "/home/gps/ada/adl/arch/ARM/STM32/drivers/sd/stm32-sdmmc_interrupt.adb:86:30" }
node: { title: "stm32__sdmmc_interrupt__sdmmc_interrupt_handler__clear_transfer_stateP" label: "CLEAR_TRANSFER_STATEP\n/home/gps/ada/adl/arch/ARM/STM32/drivers/sd/stm32-sdmmc_interrupt.adb:70:7\n16 bytes (static)" }
edge: { sourcename: "stm32__sdmmc_interrupt__sdmmc_interrupt_handler__clear_transfer_stateP" targetname: "system__tasking__protected_objects__single_entry__service_entry" label: "/home/gps/ada/adl/arch/ARM/STM32/drivers/sd/stm32-sdmmc_interrupt.adb:70:7" }
edge: { sourcename: "stm32__sdmmc_interrupt__sdmmc_interrupt_handler__clear_transfer_stateP" targetname: "stm32__sdmmc_interrupt__sdmmc_interrupt_handler__clear_transfer_stateN" label: "/home/gps/ada/adl/arch/ARM/STM32/drivers/sd/stm32-sdmmc_interrupt.adb:70:7" }
edge: { sourcename: "stm32__sdmmc_interrupt__sdmmc_interrupt_handler__clear_transfer_stateP" targetname: "system__tasking__protected_objects__single_entry__lock_entry" label: "/home/gps/ada/adl/arch/ARM/STM32/drivers/sd/stm32-sdmmc_interrupt.adb:70:7" }
node: { title: "stm32__sdmmc_interrupt__sdmmc_interrupt_handler__clear_transfer_stateN" label: "CLEAR_TRANSFER_STATEN\n/home/gps/ada/adl/arch/ARM/STM32/drivers/sd/stm32-sdmmc_interrupt.adb:70:7\n40 bytes (static)" }
node: { title: "stm32__sdmmc_interrupt__sdmmc_interrupt_handler__set_transfer_stateP" label: "SET_TRANSFER_STATEP\n/home/gps/ada/adl/arch/ARM/STM32/drivers/sd/stm32-sdmmc_interrupt.adb:59:7\n16 bytes (static)" }
edge: { sourcename: "stm32__sdmmc_interrupt__sdmmc_interrupt_handler__set_transfer_stateP" targetname: "system__tasking__protected_objects__single_entry__service_entry" label: "/home/gps/ada/adl/arch/ARM/STM32/drivers/sd/stm32-sdmmc_interrupt.adb:59:7" }
edge: { sourcename: "stm32__sdmmc_interrupt__sdmmc_interrupt_handler__set_transfer_stateP" targetname: "stm32__sdmmc_interrupt__sdmmc_interrupt_handler__set_transfer_stateN" label: "/home/gps/ada/adl/arch/ARM/STM32/drivers/sd/stm32-sdmmc_interrupt.adb:59:7" }
edge: { sourcename: "stm32__sdmmc_interrupt__sdmmc_interrupt_handler__set_transfer_stateP" targetname: "system__tasking__protected_objects__single_entry__lock_entry" label: "/home/gps/ada/adl/arch/ARM/STM32/drivers/sd/stm32-sdmmc_interrupt.adb:59:7" }
node: { title: "stm32__sdmmc_interrupt__sdmmc_interrupt_handler__set_transfer_stateN" label: "SET_TRANSFER_STATEN\n/home/gps/ada/adl/arch/ARM/STM32/drivers/sd/stm32-sdmmc_interrupt.adb:59:7\n40 bytes (static)" }
node: { title: "stm32__sdmmc_interrupt__sdmmc_interrupt_handler__wait_transfer_E13s" label: "WAIT_TRANSFER_E13S\n/home/gps/ada/adl/arch/ARM/STM32/drivers/sd/stm32-sdmmc_interrupt.adb:50:7\n56 bytes (static)" }
edge: { sourcename: "stm32__sdmmc_interrupt__sdmmc_interrupt_handler__wait_transfer_E13s" targetname: "__gnat_last_chance_handler" label: "/home/gps/ada/adl/arch/ARM/STM32/drivers/sd/stm32-sdmmc_interrupt.adb:52:10" }
edge: { sourcename: "stm32__sdmmc_interrupt__sdmmc_interrupt_handler__wait_transfer_E13s" targetname: "__gnat_last_chance_handler" label: "/home/gps/ada/adl/arch/ARM/STM32/drivers/sd/stm32-sdmmc_interrupt.adb:50:28" }
edge: { sourcename: "stm32__sdmmc_interrupt__sdmmc_interrupt_handler__wait_transfer_E13s" targetname: "__gnat_last_chance_handler" label: "/home/gps/ada/adl/arch/ARM/STM32/drivers/sd/stm32-sdmmc_interrupt.adb:50:7" }
node: { title: "stm32__sdmmc_interrupt__sdmmc_interrupt_handler__wait_transfer_B14s" label: "WAIT_TRANSFER_B14S\n/home/gps/ada/adl/arch/ARM/STM32/drivers/sd/stm32-sdmmc_interrupt.adb:50:56\n16 bytes (static)" }
node: { title: "stm32__sdmmc_interrupt__P9sIP" label: "P9SIP\n/home/gps/ada/adl/arch/ARM/STM32/drivers/sd/stm32-sdmmc_interrupt.ads:53:7\n16 bytes (static)" }
node: { title: "stm32__sdmmc_interrupt__sdmmc_interrupt_handlerVIP" label: "SDMMC_INTERRUPT_HANDLERVIP\n/home/gps/ada/adl/arch/ARM/STM32/drivers/sd/stm32-sdmmc_interrupt.ads:46:4\n40 bytes (static)" }
edge: { sourcename: "stm32__sdmmc_interrupt__sdmmc_interrupt_handlerVIP" targetname: "system__interrupts__install_restricted_handlers" label: "/home/gps/ada/adl/arch/ARM/STM32/drivers/sd/stm32-sdmmc_interrupt.ads:46:4" }
edge: { sourcename: "stm32__sdmmc_interrupt__sdmmc_interrupt_handlerVIP" targetname: "system__tasking__protected_objects__single_entry__initialize_protection_entry" label: "/home/gps/ada/adl/arch/ARM/STM32/drivers/sd/stm32-sdmmc_interrupt.ads:46:4" }
}
