graph: { title: "/home/gps/ada/adl/arch/ARM/STM32/devices/stm32f7x/stm32-device.adb"
node: { title: "stm32__rtc__rtc_deviceIP" label: "RTC_DEVICEIP\n/home/gps/ada/adl/arch/ARM/STM32/drivers/stm32-rtc.ads:59:9" shape : ellipse }
node: { title: "stm32__sdmmc__sdmmc_controllerIP" label: "SDMMC_CONTROLLERIP\n/home/gps/ada/adl/arch/ARM/STM32/drivers/sd/stm32-sdmmc.ads:187:9" shape : ellipse }
node: { title: "stm32__i2s__i2s_portIP" label: "I2S_PORTIP\n/home/gps/ada/adl/arch/ARM/STM32/drivers/stm32-i2s.ads:136:9" shape : ellipse }
node: { title: "stm32__spi__dma__spi_port_dmaIP" label: "SPI_PORT_DMAIP\n/home/gps/ada/adl/arch/ARM/STM32/drivers/stm32-spi-dma.ads:79:9" shape : ellipse }
node: { title: "stm32__spi__spi_portIP" label: "SPI_PORTIP\n/home/gps/ada/adl/arch/ARM/STM32/drivers/stm32-spi.ads:218:9" shape : ellipse }
node: { title: "stm32__i2c__i2c_portIP" label: "I2C_PORTIP\n/home/gps/ada/adl/arch/ARM/STM32/drivers/i2c_stm32f7/stm32-i2c.ads:136:9" shape : ellipse }
node: { title: "stm32__dma__interrupts__dma_interrupt_controllerVIP" label: "DMA_INTERRUPT_CONTROLLERVIP\n/home/gps/ada/adl/arch/ARM/STM32/drivers/dma_interrupts/stm32-dma-interrupts.ads:36:4" shape : ellipse }
node: { title: "stm32_svd__rcc__pllsaicfgr_registerIP" label: "PLLSAICFGR_REGISTERIP\n/home/gps/ada/adl/arch/ARM/STM32/svd/stm32f7x/stm32_svd-rcc.ads:1420:9" shape : ellipse }
node: { title: "system__assertions__raise_assert_failure" label: "Raise_Assert_Failure\n/usr/gnat/arm-eabi/lib/gnat/ravenscar-sfp-stm32f746disco/gnat/s-assert.ads:46:14" shape : ellipse }
node: { title: "stm32__sdmmc__set_clk_src_speed" label: "SET_CLK_SRC_SPEED\n/home/gps/ada/adl/arch/ARM/STM32/drivers/sd/stm32-sdmmc.ads:61:14" shape : ellipse }
node: { title: "__gnat_last_chance_handler" label: "gnat_last_chance_handler\n<built-in>" shape : ellipse }
node: { title: "__gnat_last_chance_handler" label: "Last_Chance_Handler\n/usr/gnat/arm-eabi/lib/gnat/ravenscar-sfp-stm32f746disco/gnat/a-except.adb:41:17" shape : ellipse }
node: { title: "stm32__device___elabs" label: "DEVICE\n/home/gps/ada/adl/arch/ARM/STM32/devices/stm32f7x/stm32-device.ads:68:1\n8 bytes (static)" }
edge: { sourcename: "stm32__device___elabs" targetname: "stm32__rtc__rtc_deviceIP" label: "/home/gps/ada/adl/arch/ARM/STM32/devices/stm32f7x/stm32-device.ads:650:4" }
edge: { sourcename: "stm32__device___elabs" targetname: "stm32__sdmmc__sdmmc_controllerIP" label: "/home/gps/ada/adl/arch/ARM/STM32/devices/stm32f7x/stm32-device.ads:589:4" }
edge: { sourcename: "stm32__device___elabs" targetname: "stm32__i2s__i2s_portIP" label: "/home/gps/ada/adl/arch/ARM/STM32/devices/stm32f7x/stm32-device.ads:529:4" }
edge: { sourcename: "stm32__device___elabs" targetname: "stm32__i2s__i2s_portIP" label: "/home/gps/ada/adl/arch/ARM/STM32/devices/stm32f7x/stm32-device.ads:528:4" }
edge: { sourcename: "stm32__device___elabs" targetname: "stm32__i2s__i2s_portIP" label: "/home/gps/ada/adl/arch/ARM/STM32/devices/stm32f7x/stm32-device.ads:527:4" }
edge: { sourcename: "stm32__device___elabs" targetname: "stm32__i2s__i2s_portIP" label: "/home/gps/ada/adl/arch/ARM/STM32/devices/stm32f7x/stm32-device.ads:526:4" }
edge: { sourcename: "stm32__device___elabs" targetname: "stm32__i2s__i2s_portIP" label: "/home/gps/ada/adl/arch/ARM/STM32/devices/stm32f7x/stm32-device.ads:525:4" }
edge: { sourcename: "stm32__device___elabs" targetname: "stm32__i2s__i2s_portIP" label: "/home/gps/ada/adl/arch/ARM/STM32/devices/stm32f7x/stm32-device.ads:524:4" }
edge: { sourcename: "stm32__device___elabs" targetname: "stm32__spi__dma__spi_port_dmaIP" label: "/home/gps/ada/adl/arch/ARM/STM32/devices/stm32f7x/stm32-device.ads:506:4" }
edge: { sourcename: "stm32__device___elabs" targetname: "stm32__spi__dma__spi_port_dmaIP" label: "/home/gps/ada/adl/arch/ARM/STM32/devices/stm32f7x/stm32-device.ads:505:4" }
edge: { sourcename: "stm32__device___elabs" targetname: "stm32__spi__dma__spi_port_dmaIP" label: "/home/gps/ada/adl/arch/ARM/STM32/devices/stm32f7x/stm32-device.ads:504:4" }
edge: { sourcename: "stm32__device___elabs" targetname: "stm32__spi__dma__spi_port_dmaIP" label: "/home/gps/ada/adl/arch/ARM/STM32/devices/stm32f7x/stm32-device.ads:503:4" }
edge: { sourcename: "stm32__device___elabs" targetname: "stm32__spi__dma__spi_port_dmaIP" label: "/home/gps/ada/adl/arch/ARM/STM32/devices/stm32f7x/stm32-device.ads:502:4" }
edge: { sourcename: "stm32__device___elabs" targetname: "stm32__spi__dma__spi_port_dmaIP" label: "/home/gps/ada/adl/arch/ARM/STM32/devices/stm32f7x/stm32-device.ads:501:4" }
edge: { sourcename: "stm32__device___elabs" targetname: "stm32__spi__spi_portIP" label: "/home/gps/ada/adl/arch/ARM/STM32/devices/stm32f7x/stm32-device.ads:499:4" }
edge: { sourcename: "stm32__device___elabs" targetname: "stm32__spi__spi_portIP" label: "/home/gps/ada/adl/arch/ARM/STM32/devices/stm32f7x/stm32-device.ads:498:4" }
edge: { sourcename: "stm32__device___elabs" targetname: "stm32__spi__spi_portIP" label: "/home/gps/ada/adl/arch/ARM/STM32/devices/stm32f7x/stm32-device.ads:497:4" }
edge: { sourcename: "stm32__device___elabs" targetname: "stm32__spi__spi_portIP" label: "/home/gps/ada/adl/arch/ARM/STM32/devices/stm32f7x/stm32-device.ads:496:4" }
edge: { sourcename: "stm32__device___elabs" targetname: "stm32__spi__spi_portIP" label: "/home/gps/ada/adl/arch/ARM/STM32/devices/stm32f7x/stm32-device.ads:495:4" }
edge: { sourcename: "stm32__device___elabs" targetname: "stm32__spi__spi_portIP" label: "/home/gps/ada/adl/arch/ARM/STM32/devices/stm32f7x/stm32-device.ads:494:4" }
edge: { sourcename: "stm32__device___elabs" targetname: "stm32__i2c__i2c_portIP" label: "/home/gps/ada/adl/arch/ARM/STM32/devices/stm32f7x/stm32-device.ads:465:4" }
edge: { sourcename: "stm32__device___elabs" targetname: "stm32__i2c__i2c_portIP" label: "/home/gps/ada/adl/arch/ARM/STM32/devices/stm32f7x/stm32-device.ads:464:4" }
edge: { sourcename: "stm32__device___elabs" targetname: "stm32__i2c__i2c_portIP" label: "/home/gps/ada/adl/arch/ARM/STM32/devices/stm32f7x/stm32-device.ads:463:4" }
edge: { sourcename: "stm32__device___elabs" targetname: "stm32__i2c__i2c_portIP" label: "/home/gps/ada/adl/arch/ARM/STM32/devices/stm32f7x/stm32-device.ads:462:4" }
edge: { sourcename: "stm32__device___elabs" targetname: "stm32__dma__interrupts__dma_interrupt_controllerVIP" label: "/home/gps/ada/adl/arch/ARM/STM32/devices/stm32f7x/stm32-device.ads:446:4" }
edge: { sourcename: "stm32__device___elabs" targetname: "stm32__dma__interrupts__dma_interrupt_controllerVIP" label: "/home/gps/ada/adl/arch/ARM/STM32/devices/stm32f7x/stm32-device.ads:444:4" }
edge: { sourcename: "stm32__device___elabs" targetname: "stm32__dma__interrupts__dma_interrupt_controllerVIP" label: "/home/gps/ada/adl/arch/ARM/STM32/devices/stm32f7x/stm32-device.ads:442:4" }
edge: { sourcename: "stm32__device___elabs" targetname: "stm32__dma__interrupts__dma_interrupt_controllerVIP" label: "/home/gps/ada/adl/arch/ARM/STM32/devices/stm32f7x/stm32-device.ads:440:4" }
edge: { sourcename: "stm32__device___elabs" targetname: "stm32__dma__interrupts__dma_interrupt_controllerVIP" label: "/home/gps/ada/adl/arch/ARM/STM32/devices/stm32f7x/stm32-device.ads:438:4" }
edge: { sourcename: "stm32__device___elabs" targetname: "stm32__dma__interrupts__dma_interrupt_controllerVIP" label: "/home/gps/ada/adl/arch/ARM/STM32/devices/stm32f7x/stm32-device.ads:436:4" }
edge: { sourcename: "stm32__device___elabs" targetname: "stm32__dma__interrupts__dma_interrupt_controllerVIP" label: "/home/gps/ada/adl/arch/ARM/STM32/devices/stm32f7x/stm32-device.ads:434:4" }
edge: { sourcename: "stm32__device___elabs" targetname: "stm32__dma__interrupts__dma_interrupt_controllerVIP" label: "/home/gps/ada/adl/arch/ARM/STM32/devices/stm32f7x/stm32-device.ads:432:4" }
edge: { sourcename: "stm32__device___elabs" targetname: "stm32__dma__interrupts__dma_interrupt_controllerVIP" label: "/home/gps/ada/adl/arch/ARM/STM32/devices/stm32f7x/stm32-device.ads:429:4" }
edge: { sourcename: "stm32__device___elabs" targetname: "stm32__dma__interrupts__dma_interrupt_controllerVIP" label: "/home/gps/ada/adl/arch/ARM/STM32/devices/stm32f7x/stm32-device.ads:427:4" }
edge: { sourcename: "stm32__device___elabs" targetname: "stm32__dma__interrupts__dma_interrupt_controllerVIP" label: "/home/gps/ada/adl/arch/ARM/STM32/devices/stm32f7x/stm32-device.ads:425:4" }
edge: { sourcename: "stm32__device___elabs" targetname: "stm32__dma__interrupts__dma_interrupt_controllerVIP" label: "/home/gps/ada/adl/arch/ARM/STM32/devices/stm32f7x/stm32-device.ads:423:4" }
edge: { sourcename: "stm32__device___elabs" targetname: "stm32__dma__interrupts__dma_interrupt_controllerVIP" label: "/home/gps/ada/adl/arch/ARM/STM32/devices/stm32f7x/stm32-device.ads:421:4" }
edge: { sourcename: "stm32__device___elabs" targetname: "stm32__dma__interrupts__dma_interrupt_controllerVIP" label: "/home/gps/ada/adl/arch/ARM/STM32/devices/stm32f7x/stm32-device.ads:419:4" }
edge: { sourcename: "stm32__device___elabs" targetname: "stm32__dma__interrupts__dma_interrupt_controllerVIP" label: "/home/gps/ada/adl/arch/ARM/STM32/devices/stm32f7x/stm32-device.ads:417:4" }
edge: { sourcename: "stm32__device___elabs" targetname: "stm32__dma__interrupts__dma_interrupt_controllerVIP" label: "/home/gps/ada/adl/arch/ARM/STM32/devices/stm32f7x/stm32-device.ads:415:4" }
node: { title: "stm32__device__reset_dcmi" label: "RESET_DCMI\n/home/gps/ada/adl/arch/ARM/STM32/devices/stm32f7x/stm32-device.adb:1060:4\n4 bytes (static)" }
node: { title: "stm32__device__enable_dcmi_clock" label: "ENABLE_DCMI_CLOCK\n/home/gps/ada/adl/arch/ARM/STM32/devices/stm32f7x/stm32-device.adb:1051:4\n4 bytes (static)" }
node: { title: "stm32__device__configure_sai_i2s_clock" label: "CONFIGURE_SAI_I2S_CLOCK\n/home/gps/ada/adl/arch/ARM/STM32/devices/stm32f7x/stm32-device.adb:999:4\n48 bytes (static)" }
edge: { sourcename: "stm32__device__configure_sai_i2s_clock" targetname: "stm32__device__enable_pllsai" label: "/home/gps/ada/adl/arch/ARM/STM32/devices/stm32f7x/stm32-device.adb:1037:10" }
edge: { sourcename: "stm32__device__configure_sai_i2s_clock" targetname: "__gnat_last_chance_handler" label: "/home/gps/ada/adl/arch/ARM/STM32/devices/stm32f7x/stm32-device.adb:1034:39" }
edge: { sourcename: "stm32__device__configure_sai_i2s_clock" targetname: "__gnat_last_chance_handler" label: "/home/gps/ada/adl/arch/ARM/STM32/devices/stm32f7x/stm32-device.adb:1034:39" }
edge: { sourcename: "stm32__device__configure_sai_i2s_clock" targetname: "__gnat_last_chance_handler" label: "/home/gps/ada/adl/arch/ARM/STM32/devices/stm32f7x/stm32-device.adb:1027:10" }
edge: { sourcename: "stm32__device__configure_sai_i2s_clock" targetname: "stm32__device__disable_pllsai" label: "/home/gps/ada/adl/arch/ARM/STM32/devices/stm32f7x/stm32-device.adb:1009:10" }
edge: { sourcename: "stm32__device__configure_sai_i2s_clock" targetname: "/home/gps/ada/adl/arch/ARM/STM32/devices/stm32f7x/stm32-device.adb:stm32__device__pllsai_enabled" label: "/home/gps/ada/adl/arch/ARM/STM32/devices/stm32f7x/stm32-device.adb:1006:7" }
node: { title: "stm32__device__set_pllsai_factors" label: "SET_PLLSAI_FACTORS\n/home/gps/ada/adl/arch/ARM/STM32/devices/stm32f7x/stm32-device.adb:972:4\n24 bytes (static)" }
edge: { sourcename: "stm32__device__set_pllsai_factors" targetname: "stm32__device__enable_pllsai" label: "/home/gps/ada/adl/arch/ARM/STM32/devices/stm32f7x/stm32-device.adb:991:10" }
edge: { sourcename: "stm32__device__set_pllsai_factors" targetname: "stm32__device__disable_pllsai" label: "/home/gps/ada/adl/arch/ARM/STM32/devices/stm32f7x/stm32-device.adb:980:10" }
edge: { sourcename: "stm32__device__set_pllsai_factors" targetname: "/home/gps/ada/adl/arch/ARM/STM32/devices/stm32f7x/stm32-device.adb:stm32__device__pllsai_enabled" label: "/home/gps/ada/adl/arch/ARM/STM32/devices/stm32f7x/stm32-device.adb:977:7" }
edge: { sourcename: "stm32__device__set_pllsai_factors" targetname: "stm32_svd__rcc__pllsaicfgr_registerIP" label: "/home/gps/ada/adl/arch/ARM/STM32/devices/stm32f7x/stm32-device.adb:976:7" }
node: { title: "/home/gps/ada/adl/arch/ARM/STM32/devices/stm32f7x/stm32-device.adb:stm32__device__pllsai_enabled" label: "PLLSAI_ENABLED\n/home/gps/ada/adl/arch/ARM/STM32/devices/stm32f7x/stm32-device.adb:963:4\n4 bytes (static)" }
node: { title: "stm32__device__disable_pllsai" label: "DISABLE_PLLSAI\n/home/gps/ada/adl/arch/ARM/STM32/devices/stm32f7x/stm32-device.adb:954:4\n4 bytes (static)" }
node: { title: "stm32__device__enable_pllsai" label: "ENABLE_PLLSAI\n/home/gps/ada/adl/arch/ARM/STM32/devices/stm32f7x/stm32-device.adb:940:4\n8 bytes (static)" }
edge: { sourcename: "stm32__device__enable_pllsai" targetname: "stm32__device__pllsai_ready" label: "/home/gps/ada/adl/arch/ARM/STM32/devices/stm32f7x/stm32-device.adb:946:20" }
node: { title: "stm32__device__pllsai_ready" label: "PLLSAI_READY\n/home/gps/ada/adl/arch/ARM/STM32/devices/stm32f7x/stm32-device.adb:931:4\n4 bytes (static)" }
node: { title: "stm32__device__disable_plli2s" label: "DISABLE_PLLI2S\n/home/gps/ada/adl/arch/ARM/STM32/devices/stm32f7x/stm32-device.adb:919:4\n16 bytes (static)" }
edge: { sourcename: "stm32__device__disable_plli2s" targetname: "/home/gps/ada/adl/arch/ARM/STM32/devices/stm32f7x/stm32-device.adb:stm32__device__disable_plli2s___postconditions.10486" label: "/home/gps/ada/adl/arch/ARM/STM32/devices/stm32f7x/stm32-device.adb:925:8" }
edge: { sourcename: "stm32__device__disable_plli2s" targetname: "stm32__device__plli2s_enabled" label: "/home/gps/ada/adl/arch/ARM/STM32/devices/stm32f7x/stm32-device.adb:923:24" }
node: { title: "/home/gps/ada/adl/arch/ARM/STM32/devices/stm32f7x/stm32-device.adb:stm32__device__disable_plli2s___postconditions.10486" label: "DISABLE_PLLI2S\n/home/gps/ada/adl/arch/ARM/STM32/devices/stm32f7x/stm32-device.adb:919:4\n24 bytes (static)" }
edge: { sourcename: "/home/gps/ada/adl/arch/ARM/STM32/devices/stm32f7x/stm32-device.adb:stm32__device__disable_plli2s___postconditions.10486" targetname: "system__assertions__raise_assert_failure" label: "/home/gps/ada/adl/arch/ARM/STM32/devices/stm32f7x/stm32-device.ads:622:19" }
edge: { sourcename: "/home/gps/ada/adl/arch/ARM/STM32/devices/stm32f7x/stm32-device.adb:stm32__device__disable_plli2s___postconditions.10486" targetname: "stm32__device__plli2s_enabled" label: "/home/gps/ada/adl/arch/ARM/STM32/devices/stm32f7x/stm32-device.ads:622:23" }
node: { title: "stm32__device__enable_plli2s" label: "ENABLE_PLLI2S\n/home/gps/ada/adl/arch/ARM/STM32/devices/stm32f7x/stm32-device.adb:907:4\n16 bytes (static)" }
edge: { sourcename: "stm32__device__enable_plli2s" targetname: "/home/gps/ada/adl/arch/ARM/STM32/devices/stm32f7x/stm32-device.adb:stm32__device__enable_plli2s___postconditions.10478" label: "/home/gps/ada/adl/arch/ARM/STM32/devices/stm32f7x/stm32-device.adb:913:8" }
edge: { sourcename: "stm32__device__enable_plli2s" targetname: "stm32__device__plli2s_enabled" label: "/home/gps/ada/adl/arch/ARM/STM32/devices/stm32f7x/stm32-device.adb:911:20" }
node: { title: "/home/gps/ada/adl/arch/ARM/STM32/devices/stm32f7x/stm32-device.adb:stm32__device__enable_plli2s___postconditions.10478" label: "ENABLE_PLLI2S\n/home/gps/ada/adl/arch/ARM/STM32/devices/stm32f7x/stm32-device.adb:907:4\n24 bytes (static)" }
edge: { sourcename: "/home/gps/ada/adl/arch/ARM/STM32/devices/stm32f7x/stm32-device.adb:stm32__device__enable_plli2s___postconditions.10478" targetname: "system__assertions__raise_assert_failure" label: "/home/gps/ada/adl/arch/ARM/STM32/devices/stm32f7x/stm32-device.ads:619:19" }
edge: { sourcename: "/home/gps/ada/adl/arch/ARM/STM32/devices/stm32f7x/stm32-device.adb:stm32__device__enable_plli2s___postconditions.10478" targetname: "stm32__device__plli2s_enabled" label: "/home/gps/ada/adl/arch/ARM/STM32/devices/stm32f7x/stm32-device.ads:619:19" }
node: { title: "stm32__device__set_plli2s_factors" label: "SET_PLLI2S_FACTORS\n/home/gps/ada/adl/arch/ARM/STM32/devices/stm32f7x/stm32-device.adb:894:4\n16 bytes (static)" }
node: { title: "stm32__device__plli2s_enabled" label: "PLLI2S_ENABLED\n/home/gps/ada/adl/arch/ARM/STM32/devices/stm32f7x/stm32-device.adb:887:4\n4 bytes (static)" }
node: { title: "stm32__device__system_clock_frequencies" label: "SYSTEM_CLOCK_FREQUENCIES\n/home/gps/ada/adl/arch/ARM/STM32/devices/stm32f7x/stm32-device.adb:776:4\n96 bytes (static)" }
edge: { sourcename: "stm32__device__system_clock_frequencies" targetname: "__gnat_last_chance_handler" label: "/home/gps/ada/adl/arch/ARM/STM32/devices/stm32f7x/stm32-device.adb:876:56" }
edge: { sourcename: "stm32__device__system_clock_frequencies" targetname: "__gnat_last_chance_handler" label: "/home/gps/ada/adl/arch/ARM/STM32/devices/stm32f7x/stm32-device.adb:867:10" }
edge: { sourcename: "stm32__device__system_clock_frequencies" targetname: "__gnat_last_chance_handler" label: "/home/gps/ada/adl/arch/ARM/STM32/devices/stm32f7x/stm32-device.adb:827:38" }
edge: { sourcename: "stm32__device__system_clock_frequencies" targetname: "__gnat_last_chance_handler" label: "/home/gps/ada/adl/arch/ARM/STM32/devices/stm32f7x/stm32-device.adb:826:38" }
edge: { sourcename: "stm32__device__system_clock_frequencies" targetname: "__gnat_last_chance_handler" label: "/home/gps/ada/adl/arch/ARM/STM32/devices/stm32f7x/stm32-device.adb:825:40" }
edge: { sourcename: "stm32__device__system_clock_frequencies" targetname: "__gnat_last_chance_handler" label: "/home/gps/ada/adl/arch/ARM/STM32/devices/stm32f7x/stm32-device.adb:814:40" }
edge: { sourcename: "stm32__device__system_clock_frequencies" targetname: "__gnat_last_chance_handler" label: "/home/gps/ada/adl/arch/ARM/STM32/devices/stm32f7x/stm32-device.adb:808:33" }
edge: { sourcename: "stm32__device__system_clock_frequencies" targetname: "__gnat_last_chance_handler" label: "/home/gps/ada/adl/arch/ARM/STM32/devices/stm32f7x/stm32-device.adb:783:12" }
node: { title: "stm32__device__set_clock_source" label: "SET_CLOCK_SOURCE\n/home/gps/ada/adl/arch/ARM/STM32/devices/stm32f7x/stm32-device.adb:751:4\n64 bytes (static)" }
edge: { sourcename: "stm32__device__set_clock_source" targetname: "stm32__sdmmc__set_clk_src_speed" label: "/home/gps/ada/adl/arch/ARM/STM32/devices/stm32f7x/stm32-device.adb:767:24" }
edge: { sourcename: "stm32__device__set_clock_source" targetname: "stm32__sdmmc__set_clk_src_speed" label: "/home/gps/ada/adl/arch/ARM/STM32/devices/stm32f7x/stm32-device.adb:764:24" }
edge: { sourcename: "stm32__device__set_clock_source" targetname: "stm32__device__system_clock_frequencies" label: "/home/gps/ada/adl/arch/ARM/STM32/devices/stm32f7x/stm32-device.adb:765:22" }
edge: { sourcename: "stm32__device__set_clock_source" targetname: "__gnat_last_chance_handler" label: "/home/gps/ada/adl/arch/ARM/STM32/devices/stm32f7x/stm32-device.adb:762:12" }
edge: { sourcename: "stm32__device__set_clock_source" targetname: "__gnat_last_chance_handler" label: "/home/gps/ada/adl/arch/ARM/STM32/devices/stm32f7x/stm32-device.adb:757:10" }
node: { title: "stm32__device__reset__12" label: "RESET\n/home/gps/ada/adl/arch/ARM/STM32/devices/stm32f7x/stm32-device.adb:736:4\n32 bytes (static)" }
edge: { sourcename: "stm32__device__reset__12" targetname: "__gnat_last_chance_handler" label: "/home/gps/ada/adl/arch/ARM/STM32/devices/stm32f7x/stm32-device.adb:740:10" }
node: { title: "stm32__device__enable_clock__13" label: "ENABLE_CLOCK\n/home/gps/ada/adl/arch/ARM/STM32/devices/stm32f7x/stm32-device.adb:722:4\n32 bytes (static)" }
edge: { sourcename: "stm32__device__enable_clock__13" targetname: "__gnat_last_chance_handler" label: "/home/gps/ada/adl/arch/ARM/STM32/devices/stm32f7x/stm32-device.adb:726:10" }
node: { title: "stm32__device__get_input_clock" label: "GET_INPUT_CLOCK\n/home/gps/ada/adl/arch/ARM/STM32/devices/stm32f7x/stm32-device.adb:667:4\n56 bytes (static)" }
edge: { sourcename: "stm32__device__get_input_clock" targetname: "__gnat_last_chance_handler" label: "/home/gps/ada/adl/arch/ARM/STM32/devices/stm32f7x/stm32-device.adb:714:33" }
edge: { sourcename: "stm32__device__get_input_clock" targetname: "__gnat_last_chance_handler" label: "/home/gps/ada/adl/arch/ARM/STM32/devices/stm32f7x/stm32-device.adb:711:63" }
edge: { sourcename: "stm32__device__get_input_clock" targetname: "__gnat_last_chance_handler" label: "/home/gps/ada/adl/arch/ARM/STM32/devices/stm32f7x/stm32-device.adb:706:33" }
edge: { sourcename: "stm32__device__get_input_clock" targetname: "__gnat_last_chance_handler" label: "/home/gps/ada/adl/arch/ARM/STM32/devices/stm32f7x/stm32-device.adb:702:63" }
edge: { sourcename: "stm32__device__get_input_clock" targetname: "__gnat_last_chance_handler" label: "/home/gps/ada/adl/arch/ARM/STM32/devices/stm32f7x/stm32-device.adb:693:33" }
edge: { sourcename: "stm32__device__get_input_clock" targetname: "__gnat_last_chance_handler" label: "/home/gps/ada/adl/arch/ARM/STM32/devices/stm32f7x/stm32-device.adb:690:33" }
edge: { sourcename: "stm32__device__get_input_clock" targetname: "__gnat_last_chance_handler" label: "/home/gps/ada/adl/arch/ARM/STM32/devices/stm32f7x/stm32-device.adb:684:10" }
edge: { sourcename: "stm32__device__get_input_clock" targetname: "__gnat_last_chance_handler" label: "/home/gps/ada/adl/arch/ARM/STM32/devices/stm32f7x/stm32-device.adb:678:10" }
node: { title: "stm32__device__reset__11" label: "RESET\n/home/gps/ada/adl/arch/ARM/STM32/devices/stm32f7x/stm32-device.adb:649:4\n32 bytes (static)" }
edge: { sourcename: "stm32__device__reset__11" targetname: "__gnat_last_chance_handler" label: "/home/gps/ada/adl/arch/ARM/STM32/devices/stm32f7x/stm32-device.adb:659:10" }
node: { title: "stm32__device__enable_clock__12" label: "ENABLE_CLOCK\n/home/gps/ada/adl/arch/ARM/STM32/devices/stm32f7x/stm32-device.adb:633:4\n32 bytes (static)" }
edge: { sourcename: "stm32__device__enable_clock__12" targetname: "__gnat_last_chance_handler" label: "/home/gps/ada/adl/arch/ARM/STM32/devices/stm32f7x/stm32-device.adb:641:10" }
node: { title: "stm32__device__reset__10" label: "RESET\n/home/gps/ada/adl/arch/ARM/STM32/devices/stm32f7x/stm32-device.adb:580:4\n32 bytes (static)" }
edge: { sourcename: "stm32__device__reset__10" targetname: "__gnat_last_chance_handler" label: "/home/gps/ada/adl/arch/ARM/STM32/devices/stm32f7x/stm32-device.adb:625:10" }
node: { title: "stm32__device__enable_clock__11" label: "ENABLE_CLOCK\n/home/gps/ada/adl/arch/ARM/STM32/devices/stm32f7x/stm32-device.adb:541:4\n32 bytes (static)" }
edge: { sourcename: "stm32__device__enable_clock__11" targetname: "__gnat_last_chance_handler" label: "/home/gps/ada/adl/arch/ARM/STM32/devices/stm32f7x/stm32-device.adb:572:10" }
node: { title: "stm32__device__reset__9" label: "RESET\n/home/gps/ada/adl/arch/ARM/STM32/devices/stm32f7x/stm32-device.adb:512:4\n32 bytes (static)" }
edge: { sourcename: "stm32__device__reset__9" targetname: "__gnat_last_chance_handler" label: "/home/gps/ada/adl/arch/ARM/STM32/devices/stm32f7x/stm32-device.adb:533:10" }
node: { title: "stm32__device__enable_clock__10" label: "ENABLE_CLOCK\n/home/gps/ada/adl/arch/ARM/STM32/devices/stm32f7x/stm32-device.adb:489:4\n32 bytes (static)" }
edge: { sourcename: "stm32__device__enable_clock__10" targetname: "__gnat_last_chance_handler" label: "/home/gps/ada/adl/arch/ARM/STM32/devices/stm32f7x/stm32-device.adb:504:10" }
node: { title: "stm32__device__reset__8" label: "RESET\n/home/gps/ada/adl/arch/ARM/STM32/devices/stm32f7x/stm32-device.adb:460:4\n32 bytes (static)" }
edge: { sourcename: "stm32__device__reset__8" targetname: "__gnat_last_chance_handler" label: "/home/gps/ada/adl/arch/ARM/STM32/devices/stm32f7x/stm32-device.adb:481:10" }
node: { title: "stm32__device__enable_clock__9" label: "ENABLE_CLOCK\n/home/gps/ada/adl/arch/ARM/STM32/devices/stm32f7x/stm32-device.adb:437:4\n32 bytes (static)" }
edge: { sourcename: "stm32__device__enable_clock__9" targetname: "__gnat_last_chance_handler" label: "/home/gps/ada/adl/arch/ARM/STM32/devices/stm32f7x/stm32-device.adb:452:10" }
node: { title: "stm32__device__reset__7" label: "RESET\n/home/gps/ada/adl/arch/ARM/STM32/devices/stm32f7x/stm32-device.adb:415:4\n16 bytes (static)" }
edge: { sourcename: "stm32__device__reset__7" targetname: "__gnat_last_chance_handler" label: "/home/gps/ada/adl/arch/ARM/STM32/devices/stm32f7x/stm32-device.adb:417:12" }
node: { title: "stm32__device__reset__6" label: "RESET\n/home/gps/ada/adl/arch/ARM/STM32/devices/stm32f7x/stm32-device.adb:406:4\n16 bytes (static)" }
edge: { sourcename: "stm32__device__reset__6" targetname: "stm32__device__reset__7" label: "/home/gps/ada/adl/arch/ARM/STM32/devices/stm32f7x/stm32-device.adb:408:7" }
edge: { sourcename: "stm32__device__reset__6" targetname: "stm32__device__as_port_id" label: "/home/gps/ada/adl/arch/ARM/STM32/devices/stm32f7x/stm32-device.adb:408:14" }
node: { title: "stm32__device__enable_clock__8" label: "ENABLE_CLOCK\n/home/gps/ada/adl/arch/ARM/STM32/devices/stm32f7x/stm32-device.adb:388:4\n16 bytes (static)" }
edge: { sourcename: "stm32__device__enable_clock__8" targetname: "__gnat_last_chance_handler" label: "/home/gps/ada/adl/arch/ARM/STM32/devices/stm32f7x/stm32-device.adb:390:12" }
node: { title: "stm32__device__enable_clock__7" label: "ENABLE_CLOCK\n/home/gps/ada/adl/arch/ARM/STM32/devices/stm32f7x/stm32-device.adb:379:4\n16 bytes (static)" }
edge: { sourcename: "stm32__device__enable_clock__7" targetname: "stm32__device__enable_clock__8" label: "/home/gps/ada/adl/arch/ARM/STM32/devices/stm32f7x/stm32-device.adb:381:7" }
edge: { sourcename: "stm32__device__enable_clock__7" targetname: "stm32__device__as_port_id" label: "/home/gps/ada/adl/arch/ARM/STM32/devices/stm32f7x/stm32-device.adb:381:21" }
node: { title: "stm32__device__as_port_id" label: "AS_PORT_ID\n/home/gps/ada/adl/arch/ARM/STM32/devices/stm32f7x/stm32-device.adb:360:4\n32 bytes (static)" }
edge: { sourcename: "stm32__device__as_port_id" targetname: "__gnat_last_chance_handler" label: "/home/gps/ada/adl/arch/ARM/STM32/devices/stm32f7x/stm32-device.adb:371:10" }
node: { title: "stm32__device__reset__5" label: "RESET\n/home/gps/ada/adl/arch/ARM/STM32/devices/stm32f7x/stm32-device.adb:343:4\n32 bytes (static)" }
edge: { sourcename: "stm32__device__reset__5" targetname: "__gnat_last_chance_handler" label: "/home/gps/ada/adl/arch/ARM/STM32/devices/stm32f7x/stm32-device.adb:352:10" }
node: { title: "stm32__device__enable_clock__6" label: "ENABLE_CLOCK\n/home/gps/ada/adl/arch/ARM/STM32/devices/stm32f7x/stm32-device.adb:328:4\n32 bytes (static)" }
edge: { sourcename: "stm32__device__enable_clock__6" targetname: "__gnat_last_chance_handler" label: "/home/gps/ada/adl/arch/ARM/STM32/devices/stm32f7x/stm32-device.adb:335:10" }
node: { title: "stm32__device__reset__4" label: "RESET\n/home/gps/ada/adl/arch/ARM/STM32/devices/stm32f7x/stm32-device.adb:255:4\n16 bytes (static)" }
node: { title: "stm32__device__enable_clock__5" label: "ENABLE_CLOCK\n/home/gps/ada/adl/arch/ARM/STM32/devices/stm32f7x/stm32-device.adb:244:4\n16 bytes (static)" }
node: { title: "stm32__device__reset_all_adc_units" label: "RESET_ALL_ADC_UNITS\n/home/gps/ada/adl/arch/ARM/STM32/devices/stm32f7x/stm32-device.adb:234:4\n4 bytes (static)" }
node: { title: "stm32__device__enable_clock__4" label: "ENABLE_CLOCK\n/home/gps/ada/adl/arch/ARM/STM32/devices/stm32f7x/stm32-device.adb:216:4\n32 bytes (static)" }
edge: { sourcename: "stm32__device__enable_clock__4" targetname: "__gnat_last_chance_handler" label: "/home/gps/ada/adl/arch/ARM/STM32/devices/stm32f7x/stm32-device.adb:226:10" }
node: { title: "stm32__device__gpio_port_representation" label: "GPIO_PORT_REPRESENTATION\n/home/gps/ada/adl/arch/ARM/STM32/devices/stm32f7x/stm32-device.adb:182:4\n16 bytes (static)" }
edge: { sourcename: "stm32__device__gpio_port_representation" targetname: "__gnat_last_chance_handler" label: "/home/gps/ada/adl/arch/ARM/STM32/devices/stm32f7x/stm32-device.adb:208:10" }
node: { title: "stm32__device__reset__3" label: "RESET\n/home/gps/ada/adl/arch/ARM/STM32/devices/stm32f7x/stm32-device.adb:158:4\n64 bytes (static)" }
edge: { sourcename: "stm32__device__reset__3" targetname: "stm32__device__reset" label: "/home/gps/ada/adl/arch/ARM/STM32/devices/stm32f7x/stm32-device.adb:173:13" }
edge: { sourcename: "stm32__device__reset__3" targetname: "__gnat_last_chance_handler" label: "/home/gps/ada/adl/arch/ARM/STM32/devices/stm32f7x/stm32-device.adb:173:38" }
edge: { sourcename: "stm32__device__reset__3" targetname: "__gnat_last_chance_handler" label: "/home/gps/ada/adl/arch/ARM/STM32/devices/stm32f7x/stm32-device.adb:165:16" }
edge: { sourcename: "stm32__device__reset__3" targetname: "__gnat_last_chance_handler" label: "/home/gps/ada/adl/arch/ARM/STM32/devices/stm32f7x/stm32-device.adb:164:37" }
node: { title: "stm32__device__reset__2" label: "RESET\n/home/gps/ada/adl/arch/ARM/STM32/devices/stm32f7x/stm32-device.adb:149:4\n16 bytes (static)" }
edge: { sourcename: "stm32__device__reset__2" targetname: "stm32__device__reset" label: "/home/gps/ada/adl/arch/ARM/STM32/devices/stm32f7x/stm32-device.adb:151:7" }
edge: { sourcename: "stm32__device__reset__2" targetname: "__gnat_last_chance_handler" label: "/home/gps/ada/adl/arch/ARM/STM32/devices/stm32f7x/stm32-device.adb:151:27" }
node: { title: "stm32__device__reset" label: "RESET\n/home/gps/ada/adl/arch/ARM/STM32/devices/stm32f7x/stm32-device.adb:105:4\n32 bytes (static)" }
edge: { sourcename: "stm32__device__reset" targetname: "__gnat_last_chance_handler" label: "/home/gps/ada/adl/arch/ARM/STM32/devices/stm32f7x/stm32-device.adb:141:10" }
node: { title: "stm32__device__enable_clock__3" label: "ENABLE_CLOCK\n/home/gps/ada/adl/arch/ARM/STM32/devices/stm32f7x/stm32-device.adb:93:4\n40 bytes (static)" }
edge: { sourcename: "stm32__device__enable_clock__3" targetname: "stm32__device__enable_clock__2" label: "/home/gps/ada/adl/arch/ARM/STM32/devices/stm32f7x/stm32-device.adb:97:10" }
node: { title: "stm32__device__enable_clock__2" label: "ENABLE_CLOCK\n/home/gps/ada/adl/arch/ARM/STM32/devices/stm32f7x/stm32-device.adb:83:4\n16 bytes (static)" }
edge: { sourcename: "stm32__device__enable_clock__2" targetname: "stm32__device__enable_clock" label: "/home/gps/ada/adl/arch/ARM/STM32/devices/stm32f7x/stm32-device.adb:86:7" }
edge: { sourcename: "stm32__device__enable_clock__2" targetname: "__gnat_last_chance_handler" label: "/home/gps/ada/adl/arch/ARM/STM32/devices/stm32f7x/stm32-device.adb:86:34" }
node: { title: "stm32__device__enable_clock" label: "ENABLE_CLOCK\n/home/gps/ada/adl/arch/ARM/STM32/devices/stm32f7x/stm32-device.adb:50:4\n32 bytes (static)" }
edge: { sourcename: "stm32__device__enable_clock" targetname: "__gnat_last_chance_handler" label: "/home/gps/ada/adl/arch/ARM/STM32/devices/stm32f7x/stm32-device.adb:75:10" }
node: { title: "stm32__device__rcc_system_clocksIP" label: "RCC_SYSTEM_CLOCKSIP\n/home/gps/ada/adl/arch/ARM/STM32/devices/stm32f7x/stm32-device.ads:601:9\n16 bytes (static)" }
}
