graph: { title: "/home/gps/ada/adl/arch/ARM/STM32/svd/stm32f7x/stm32_svd-usb_otg_fs.ads"
node: { title: "stm32_svd__usb_otg_fs__otg_fs_pwrclk_peripheralIP" label: "OTG_FS_PWRCLK_PERIPHERALIP\n/home/gps/ada/adl/arch/ARM/STM32/svd/stm32f7x/stm32_svd-usb_otg_fs.ads:2465:9\n16 bytes (static)" }
edge: { sourcename: "stm32_svd__usb_otg_fs__otg_fs_pwrclk_peripheralIP" targetname: "stm32_svd__usb_otg_fs__otg_fs_pcgcctl_registerIP" label: "/home/gps/ada/adl/arch/ARM/STM32/svd/stm32f7x/stm32_svd-usb_otg_fs.ads:2467:7" }
node: { title: "stm32_svd__usb_otg_fs__otg_fs_pcgcctl_registerIP" label: "OTG_FS_PCGCCTL_REGISTERIP\n/home/gps/ada/adl/arch/ARM/STM32/svd/stm32f7x/stm32_svd-usb_otg_fs.ads:1974:9\n16 bytes (static)" }
node: { title: "stm32_svd__usb_otg_fs__otg_fs_host_peripheralIP" label: "OTG_FS_HOST_PERIPHERALIP\n/home/gps/ada/adl/arch/ARM/STM32/svd/stm32f7x/stm32_svd-usb_otg_fs.ads:2287:9\n16 bytes (static)" }
edge: { sourcename: "stm32_svd__usb_otg_fs__otg_fs_host_peripheralIP" targetname: "stm32_svd__usb_otg_fs__otg_fs_hctsiz_registerIP" label: "/home/gps/ada/adl/arch/ARM/STM32/svd/stm32f7x/stm32_svd-usb_otg_fs.ads:2398:7" }
edge: { sourcename: "stm32_svd__usb_otg_fs__otg_fs_host_peripheralIP" targetname: "stm32_svd__usb_otg_fs__otg_fs_hcintmsk_registerIP" label: "/home/gps/ada/adl/arch/ARM/STM32/svd/stm32f7x/stm32_svd-usb_otg_fs.ads:2396:7" }
edge: { sourcename: "stm32_svd__usb_otg_fs__otg_fs_host_peripheralIP" targetname: "stm32_svd__usb_otg_fs__otg_fs_hcint_registerIP" label: "/home/gps/ada/adl/arch/ARM/STM32/svd/stm32f7x/stm32_svd-usb_otg_fs.ads:2394:7" }
edge: { sourcename: "stm32_svd__usb_otg_fs__otg_fs_host_peripheralIP" targetname: "stm32_svd__usb_otg_fs__otg_fs_hcchar_registerIP" label: "/home/gps/ada/adl/arch/ARM/STM32/svd/stm32f7x/stm32_svd-usb_otg_fs.ads:2392:7" }
edge: { sourcename: "stm32_svd__usb_otg_fs__otg_fs_host_peripheralIP" targetname: "stm32_svd__usb_otg_fs__otg_fs_hctsiz_registerIP" label: "/home/gps/ada/adl/arch/ARM/STM32/svd/stm32f7x/stm32_svd-usb_otg_fs.ads:2390:7" }
edge: { sourcename: "stm32_svd__usb_otg_fs__otg_fs_host_peripheralIP" targetname: "stm32_svd__usb_otg_fs__otg_fs_hcintmsk_registerIP" label: "/home/gps/ada/adl/arch/ARM/STM32/svd/stm32f7x/stm32_svd-usb_otg_fs.ads:2388:7" }
edge: { sourcename: "stm32_svd__usb_otg_fs__otg_fs_host_peripheralIP" targetname: "stm32_svd__usb_otg_fs__otg_fs_hcint_registerIP" label: "/home/gps/ada/adl/arch/ARM/STM32/svd/stm32f7x/stm32_svd-usb_otg_fs.ads:2386:7" }
edge: { sourcename: "stm32_svd__usb_otg_fs__otg_fs_host_peripheralIP" targetname: "stm32_svd__usb_otg_fs__otg_fs_hcchar_registerIP" label: "/home/gps/ada/adl/arch/ARM/STM32/svd/stm32f7x/stm32_svd-usb_otg_fs.ads:2384:7" }
edge: { sourcename: "stm32_svd__usb_otg_fs__otg_fs_host_peripheralIP" targetname: "stm32_svd__usb_otg_fs__otg_fs_hctsiz_registerIP" label: "/home/gps/ada/adl/arch/ARM/STM32/svd/stm32f7x/stm32_svd-usb_otg_fs.ads:2382:7" }
edge: { sourcename: "stm32_svd__usb_otg_fs__otg_fs_host_peripheralIP" targetname: "stm32_svd__usb_otg_fs__otg_fs_hcintmsk_registerIP" label: "/home/gps/ada/adl/arch/ARM/STM32/svd/stm32f7x/stm32_svd-usb_otg_fs.ads:2380:7" }
edge: { sourcename: "stm32_svd__usb_otg_fs__otg_fs_host_peripheralIP" targetname: "stm32_svd__usb_otg_fs__otg_fs_hcint_registerIP" label: "/home/gps/ada/adl/arch/ARM/STM32/svd/stm32f7x/stm32_svd-usb_otg_fs.ads:2378:7" }
edge: { sourcename: "stm32_svd__usb_otg_fs__otg_fs_host_peripheralIP" targetname: "stm32_svd__usb_otg_fs__otg_fs_hcchar_registerIP" label: "/home/gps/ada/adl/arch/ARM/STM32/svd/stm32f7x/stm32_svd-usb_otg_fs.ads:2376:7" }
edge: { sourcename: "stm32_svd__usb_otg_fs__otg_fs_host_peripheralIP" targetname: "stm32_svd__usb_otg_fs__otg_fs_hctsiz_registerIP" label: "/home/gps/ada/adl/arch/ARM/STM32/svd/stm32f7x/stm32_svd-usb_otg_fs.ads:2374:7" }
edge: { sourcename: "stm32_svd__usb_otg_fs__otg_fs_host_peripheralIP" targetname: "stm32_svd__usb_otg_fs__otg_fs_hcintmsk_registerIP" label: "/home/gps/ada/adl/arch/ARM/STM32/svd/stm32f7x/stm32_svd-usb_otg_fs.ads:2372:7" }
edge: { sourcename: "stm32_svd__usb_otg_fs__otg_fs_host_peripheralIP" targetname: "stm32_svd__usb_otg_fs__otg_fs_hcint_registerIP" label: "/home/gps/ada/adl/arch/ARM/STM32/svd/stm32f7x/stm32_svd-usb_otg_fs.ads:2370:7" }
edge: { sourcename: "stm32_svd__usb_otg_fs__otg_fs_host_peripheralIP" targetname: "stm32_svd__usb_otg_fs__otg_fs_hcchar_registerIP" label: "/home/gps/ada/adl/arch/ARM/STM32/svd/stm32f7x/stm32_svd-usb_otg_fs.ads:2368:7" }
edge: { sourcename: "stm32_svd__usb_otg_fs__otg_fs_host_peripheralIP" targetname: "stm32_svd__usb_otg_fs__otg_fs_hctsiz_registerIP" label: "/home/gps/ada/adl/arch/ARM/STM32/svd/stm32f7x/stm32_svd-usb_otg_fs.ads:2366:7" }
edge: { sourcename: "stm32_svd__usb_otg_fs__otg_fs_host_peripheralIP" targetname: "stm32_svd__usb_otg_fs__otg_fs_hcintmsk_registerIP" label: "/home/gps/ada/adl/arch/ARM/STM32/svd/stm32f7x/stm32_svd-usb_otg_fs.ads:2364:7" }
edge: { sourcename: "stm32_svd__usb_otg_fs__otg_fs_host_peripheralIP" targetname: "stm32_svd__usb_otg_fs__otg_fs_hcint_registerIP" label: "/home/gps/ada/adl/arch/ARM/STM32/svd/stm32f7x/stm32_svd-usb_otg_fs.ads:2362:7" }
edge: { sourcename: "stm32_svd__usb_otg_fs__otg_fs_host_peripheralIP" targetname: "stm32_svd__usb_otg_fs__otg_fs_hcchar_registerIP" label: "/home/gps/ada/adl/arch/ARM/STM32/svd/stm32f7x/stm32_svd-usb_otg_fs.ads:2360:7" }
edge: { sourcename: "stm32_svd__usb_otg_fs__otg_fs_host_peripheralIP" targetname: "stm32_svd__usb_otg_fs__otg_fs_hctsiz_registerIP" label: "/home/gps/ada/adl/arch/ARM/STM32/svd/stm32f7x/stm32_svd-usb_otg_fs.ads:2358:7" }
edge: { sourcename: "stm32_svd__usb_otg_fs__otg_fs_host_peripheralIP" targetname: "stm32_svd__usb_otg_fs__otg_fs_hcintmsk_registerIP" label: "/home/gps/ada/adl/arch/ARM/STM32/svd/stm32f7x/stm32_svd-usb_otg_fs.ads:2356:7" }
edge: { sourcename: "stm32_svd__usb_otg_fs__otg_fs_host_peripheralIP" targetname: "stm32_svd__usb_otg_fs__otg_fs_hcint_registerIP" label: "/home/gps/ada/adl/arch/ARM/STM32/svd/stm32f7x/stm32_svd-usb_otg_fs.ads:2354:7" }
edge: { sourcename: "stm32_svd__usb_otg_fs__otg_fs_host_peripheralIP" targetname: "stm32_svd__usb_otg_fs__otg_fs_hcchar_registerIP" label: "/home/gps/ada/adl/arch/ARM/STM32/svd/stm32f7x/stm32_svd-usb_otg_fs.ads:2352:7" }
edge: { sourcename: "stm32_svd__usb_otg_fs__otg_fs_host_peripheralIP" targetname: "stm32_svd__usb_otg_fs__otg_fs_hctsiz_registerIP" label: "/home/gps/ada/adl/arch/ARM/STM32/svd/stm32f7x/stm32_svd-usb_otg_fs.ads:2350:7" }
edge: { sourcename: "stm32_svd__usb_otg_fs__otg_fs_host_peripheralIP" targetname: "stm32_svd__usb_otg_fs__otg_fs_hcintmsk_registerIP" label: "/home/gps/ada/adl/arch/ARM/STM32/svd/stm32f7x/stm32_svd-usb_otg_fs.ads:2348:7" }
edge: { sourcename: "stm32_svd__usb_otg_fs__otg_fs_host_peripheralIP" targetname: "stm32_svd__usb_otg_fs__otg_fs_hcint_registerIP" label: "/home/gps/ada/adl/arch/ARM/STM32/svd/stm32f7x/stm32_svd-usb_otg_fs.ads:2346:7" }
edge: { sourcename: "stm32_svd__usb_otg_fs__otg_fs_host_peripheralIP" targetname: "stm32_svd__usb_otg_fs__otg_fs_hcchar_registerIP" label: "/home/gps/ada/adl/arch/ARM/STM32/svd/stm32f7x/stm32_svd-usb_otg_fs.ads:2344:7" }
edge: { sourcename: "stm32_svd__usb_otg_fs__otg_fs_host_peripheralIP" targetname: "stm32_svd__usb_otg_fs__otg_fs_hctsiz_registerIP" label: "/home/gps/ada/adl/arch/ARM/STM32/svd/stm32f7x/stm32_svd-usb_otg_fs.ads:2342:7" }
edge: { sourcename: "stm32_svd__usb_otg_fs__otg_fs_host_peripheralIP" targetname: "stm32_svd__usb_otg_fs__otg_fs_hcintmsk_registerIP" label: "/home/gps/ada/adl/arch/ARM/STM32/svd/stm32f7x/stm32_svd-usb_otg_fs.ads:2340:7" }
edge: { sourcename: "stm32_svd__usb_otg_fs__otg_fs_host_peripheralIP" targetname: "stm32_svd__usb_otg_fs__otg_fs_hcint_registerIP" label: "/home/gps/ada/adl/arch/ARM/STM32/svd/stm32f7x/stm32_svd-usb_otg_fs.ads:2338:7" }
edge: { sourcename: "stm32_svd__usb_otg_fs__otg_fs_host_peripheralIP" targetname: "stm32_svd__usb_otg_fs__otg_fs_hcchar_registerIP" label: "/home/gps/ada/adl/arch/ARM/STM32/svd/stm32f7x/stm32_svd-usb_otg_fs.ads:2336:7" }
edge: { sourcename: "stm32_svd__usb_otg_fs__otg_fs_host_peripheralIP" targetname: "stm32_svd__usb_otg_fs__otg_fs_hctsiz_registerIP" label: "/home/gps/ada/adl/arch/ARM/STM32/svd/stm32f7x/stm32_svd-usb_otg_fs.ads:2334:7" }
edge: { sourcename: "stm32_svd__usb_otg_fs__otg_fs_host_peripheralIP" targetname: "stm32_svd__usb_otg_fs__otg_fs_hcintmsk_registerIP" label: "/home/gps/ada/adl/arch/ARM/STM32/svd/stm32f7x/stm32_svd-usb_otg_fs.ads:2332:7" }
edge: { sourcename: "stm32_svd__usb_otg_fs__otg_fs_host_peripheralIP" targetname: "stm32_svd__usb_otg_fs__otg_fs_hcint_registerIP" label: "/home/gps/ada/adl/arch/ARM/STM32/svd/stm32f7x/stm32_svd-usb_otg_fs.ads:2330:7" }
edge: { sourcename: "stm32_svd__usb_otg_fs__otg_fs_host_peripheralIP" targetname: "stm32_svd__usb_otg_fs__otg_fs_hcchar_registerIP" label: "/home/gps/ada/adl/arch/ARM/STM32/svd/stm32f7x/stm32_svd-usb_otg_fs.ads:2328:7" }
edge: { sourcename: "stm32_svd__usb_otg_fs__otg_fs_host_peripheralIP" targetname: "stm32_svd__usb_otg_fs__otg_fs_hctsiz_registerIP" label: "/home/gps/ada/adl/arch/ARM/STM32/svd/stm32f7x/stm32_svd-usb_otg_fs.ads:2326:7" }
edge: { sourcename: "stm32_svd__usb_otg_fs__otg_fs_host_peripheralIP" targetname: "stm32_svd__usb_otg_fs__otg_fs_hcintmsk_registerIP" label: "/home/gps/ada/adl/arch/ARM/STM32/svd/stm32f7x/stm32_svd-usb_otg_fs.ads:2324:7" }
edge: { sourcename: "stm32_svd__usb_otg_fs__otg_fs_host_peripheralIP" targetname: "stm32_svd__usb_otg_fs__otg_fs_hcint_registerIP" label: "/home/gps/ada/adl/arch/ARM/STM32/svd/stm32f7x/stm32_svd-usb_otg_fs.ads:2322:7" }
edge: { sourcename: "stm32_svd__usb_otg_fs__otg_fs_host_peripheralIP" targetname: "stm32_svd__usb_otg_fs__otg_fs_hcchar_registerIP" label: "/home/gps/ada/adl/arch/ARM/STM32/svd/stm32f7x/stm32_svd-usb_otg_fs.ads:2320:7" }
edge: { sourcename: "stm32_svd__usb_otg_fs__otg_fs_host_peripheralIP" targetname: "stm32_svd__usb_otg_fs__otg_fs_hctsiz_registerIP" label: "/home/gps/ada/adl/arch/ARM/STM32/svd/stm32f7x/stm32_svd-usb_otg_fs.ads:2318:7" }
edge: { sourcename: "stm32_svd__usb_otg_fs__otg_fs_host_peripheralIP" targetname: "stm32_svd__usb_otg_fs__otg_fs_hcintmsk_registerIP" label: "/home/gps/ada/adl/arch/ARM/STM32/svd/stm32f7x/stm32_svd-usb_otg_fs.ads:2316:7" }
edge: { sourcename: "stm32_svd__usb_otg_fs__otg_fs_host_peripheralIP" targetname: "stm32_svd__usb_otg_fs__otg_fs_hcint_registerIP" label: "/home/gps/ada/adl/arch/ARM/STM32/svd/stm32f7x/stm32_svd-usb_otg_fs.ads:2314:7" }
edge: { sourcename: "stm32_svd__usb_otg_fs__otg_fs_host_peripheralIP" targetname: "stm32_svd__usb_otg_fs__otg_fs_hcchar_registerIP" label: "/home/gps/ada/adl/arch/ARM/STM32/svd/stm32f7x/stm32_svd-usb_otg_fs.ads:2312:7" }
edge: { sourcename: "stm32_svd__usb_otg_fs__otg_fs_host_peripheralIP" targetname: "stm32_svd__usb_otg_fs__otg_fs_hctsiz_registerIP" label: "/home/gps/ada/adl/arch/ARM/STM32/svd/stm32f7x/stm32_svd-usb_otg_fs.ads:2310:7" }
edge: { sourcename: "stm32_svd__usb_otg_fs__otg_fs_host_peripheralIP" targetname: "stm32_svd__usb_otg_fs__otg_fs_hcintmsk_registerIP" label: "/home/gps/ada/adl/arch/ARM/STM32/svd/stm32f7x/stm32_svd-usb_otg_fs.ads:2308:7" }
edge: { sourcename: "stm32_svd__usb_otg_fs__otg_fs_host_peripheralIP" targetname: "stm32_svd__usb_otg_fs__otg_fs_hcint_registerIP" label: "/home/gps/ada/adl/arch/ARM/STM32/svd/stm32f7x/stm32_svd-usb_otg_fs.ads:2306:7" }
edge: { sourcename: "stm32_svd__usb_otg_fs__otg_fs_host_peripheralIP" targetname: "stm32_svd__usb_otg_fs__otg_fs_hcchar_registerIP" label: "/home/gps/ada/adl/arch/ARM/STM32/svd/stm32f7x/stm32_svd-usb_otg_fs.ads:2304:7" }
edge: { sourcename: "stm32_svd__usb_otg_fs__otg_fs_host_peripheralIP" targetname: "stm32_svd__usb_otg_fs__otg_fs_hprt_registerIP" label: "/home/gps/ada/adl/arch/ARM/STM32/svd/stm32f7x/stm32_svd-usb_otg_fs.ads:2302:7" }
edge: { sourcename: "stm32_svd__usb_otg_fs__otg_fs_host_peripheralIP" targetname: "stm32_svd__usb_otg_fs__otg_fs_haintmsk_registerIP" label: "/home/gps/ada/adl/arch/ARM/STM32/svd/stm32f7x/stm32_svd-usb_otg_fs.ads:2300:7" }
edge: { sourcename: "stm32_svd__usb_otg_fs__otg_fs_host_peripheralIP" targetname: "stm32_svd__usb_otg_fs__otg_fs_hptxsts_registerIP" label: "/home/gps/ada/adl/arch/ARM/STM32/svd/stm32f7x/stm32_svd-usb_otg_fs.ads:2296:7" }
edge: { sourcename: "stm32_svd__usb_otg_fs__otg_fs_host_peripheralIP" targetname: "stm32_svd__usb_otg_fs__otg_fs_hfir_registerIP" label: "/home/gps/ada/adl/arch/ARM/STM32/svd/stm32f7x/stm32_svd-usb_otg_fs.ads:2291:7" }
edge: { sourcename: "stm32_svd__usb_otg_fs__otg_fs_host_peripheralIP" targetname: "stm32_svd__usb_otg_fs__otg_fs_hcfg_registerIP" label: "/home/gps/ada/adl/arch/ARM/STM32/svd/stm32f7x/stm32_svd-usb_otg_fs.ads:2289:7" }
node: { title: "stm32_svd__usb_otg_fs__otg_fs_hctsiz_registerIP" label: "OTG_FS_HCTSIZ_REGISTERIP\n/home/gps/ada/adl/arch/ARM/STM32/svd/stm32f7x/stm32_svd-usb_otg_fs.ads:1953:9\n16 bytes (static)" }
node: { title: "stm32_svd__usb_otg_fs__otg_fs_hcintmsk_registerIP" label: "OTG_FS_HCINTMSK_REGISTERIP\n/home/gps/ada/adl/arch/ARM/STM32/svd/stm32f7x/stm32_svd-usb_otg_fs.ads:1904:9\n16 bytes (static)" }
node: { title: "stm32_svd__usb_otg_fs__otg_fs_hcint_registerIP" label: "OTG_FS_HCINT_REGISTERIP\n/home/gps/ada/adl/arch/ARM/STM32/svd/stm32f7x/stm32_svd-usb_otg_fs.ads:1859:9\n16 bytes (static)" }
node: { title: "stm32_svd__usb_otg_fs__otg_fs_hcchar_registerIP" label: "OTG_FS_HCCHAR_REGISTERIP\n/home/gps/ada/adl/arch/ARM/STM32/svd/stm32f7x/stm32_svd-usb_otg_fs.ads:1817:9\n16 bytes (static)" }
node: { title: "stm32_svd__usb_otg_fs__otg_fs_hprt_registerIP" label: "OTG_FS_HPRT_REGISTERIP\n/home/gps/ada/adl/arch/ARM/STM32/svd/stm32f7x/stm32_svd-usb_otg_fs.ads:1757:9\n16 bytes (static)" }
node: { title: "stm32_svd__usb_otg_fs__otg_fs_haintmsk_registerIP" label: "OTG_FS_HAINTMSK_REGISTERIP\n/home/gps/ada/adl/arch/ARM/STM32/svd/stm32f7x/stm32_svd-usb_otg_fs.ads:1738:9\n16 bytes (static)" }
node: { title: "stm32_svd__usb_otg_fs__otg_fs_haint_registerIP" label: "OTG_FS_HAINT_REGISTERIP\n/home/gps/ada/adl/arch/ARM/STM32/svd/stm32f7x/stm32_svd-usb_otg_fs.ads:1721:9\n16 bytes (static)" }
node: { title: "stm32_svd__usb_otg_fs__otg_fs_hptxsts_registerIP" label: "OTG_FS_HPTXSTS_REGISTERIP\n/home/gps/ada/adl/arch/ARM/STM32/svd/stm32f7x/stm32_svd-usb_otg_fs.ads:1701:9\n16 bytes (static)" }
node: { title: "stm32_svd__usb_otg_fs__otg_fs_hfnum_registerIP" label: "OTG_FS_HFNUM_REGISTERIP\n/home/gps/ada/adl/arch/ARM/STM32/svd/stm32f7x/stm32_svd-usb_otg_fs.ads:1681:9\n16 bytes (static)" }
node: { title: "stm32_svd__usb_otg_fs__otg_fs_hfir_registerIP" label: "OTG_FS_HFIR_REGISTERIP\n/home/gps/ada/adl/arch/ARM/STM32/svd/stm32f7x/stm32_svd-usb_otg_fs.ads:1663:9\n16 bytes (static)" }
node: { title: "stm32_svd__usb_otg_fs__otg_fs_hcfg_registerIP" label: "OTG_FS_HCFG_REGISTERIP\n/home/gps/ada/adl/arch/ARM/STM32/svd/stm32f7x/stm32_svd-usb_otg_fs.ads:1643:9\n16 bytes (static)" }
node: { title: "stm32_svd__usb_otg_fs__otg_fs_global_peripheralIP" label: "OTG_FS_GLOBAL_PERIPHERALIP\n/home/gps/ada/adl/arch/ARM/STM32/svd/stm32f7x/stm32_svd-usb_otg_fs.ads:2180:9\n16 bytes (static)" }
edge: { sourcename: "stm32_svd__usb_otg_fs__otg_fs_global_peripheralIP" targetname: "stm32_svd__usb_otg_fs__otg_fs_hnptxfsiz_host_registerIP" label: "/home/gps/ada/adl/arch/ARM/STM32/svd/stm32f7x/stm32_svd-usb_otg_fs.ads:2247:13" }
edge: { sourcename: "stm32_svd__usb_otg_fs__otg_fs_global_peripheralIP" targetname: "stm32_svd__usb_otg_fs__otg_fs_dieptxf0_device_registerIP" label: "/home/gps/ada/adl/arch/ARM/STM32/svd/stm32f7x/stm32_svd-usb_otg_fs.ads:2244:13" }
edge: { sourcename: "stm32_svd__usb_otg_fs__otg_fs_global_peripheralIP" targetname: "stm32_svd__usb_otg_fs__otg_fs_dieptxf_registerIP" label: "/home/gps/ada/adl/arch/ARM/STM32/svd/stm32f7x/stm32_svd-usb_otg_fs.ads:2230:7" }
edge: { sourcename: "stm32_svd__usb_otg_fs__otg_fs_global_peripheralIP" targetname: "stm32_svd__usb_otg_fs__otg_fs_dieptxf_registerIP" label: "/home/gps/ada/adl/arch/ARM/STM32/svd/stm32f7x/stm32_svd-usb_otg_fs.ads:2227:7" }
edge: { sourcename: "stm32_svd__usb_otg_fs__otg_fs_global_peripheralIP" targetname: "stm32_svd__usb_otg_fs__otg_fs_dieptxf_registerIP" label: "/home/gps/ada/adl/arch/ARM/STM32/svd/stm32f7x/stm32_svd-usb_otg_fs.ads:2224:7" }
edge: { sourcename: "stm32_svd__usb_otg_fs__otg_fs_global_peripheralIP" targetname: "stm32_svd__usb_otg_fs__otg_fs_dieptxf_registerIP" label: "/home/gps/ada/adl/arch/ARM/STM32/svd/stm32f7x/stm32_svd-usb_otg_fs.ads:2221:7" }
edge: { sourcename: "stm32_svd__usb_otg_fs__otg_fs_global_peripheralIP" targetname: "stm32_svd__usb_otg_fs__otg_fs_dieptxf_registerIP" label: "/home/gps/ada/adl/arch/ARM/STM32/svd/stm32f7x/stm32_svd-usb_otg_fs.ads:2218:7" }
edge: { sourcename: "stm32_svd__usb_otg_fs__otg_fs_global_peripheralIP" targetname: "stm32_svd__usb_otg_fs__otg_fs_hptxfsiz_registerIP" label: "/home/gps/ada/adl/arch/ARM/STM32/svd/stm32f7x/stm32_svd-usb_otg_fs.ads:2215:7" }
edge: { sourcename: "stm32_svd__usb_otg_fs__otg_fs_global_peripheralIP" targetname: "stm32_svd__usb_otg_fs__otg_fs_gadpctl_registerIP" label: "/home/gps/ada/adl/arch/ARM/STM32/svd/stm32f7x/stm32_svd-usb_otg_fs.ads:2213:7" }
edge: { sourcename: "stm32_svd__usb_otg_fs__otg_fs_global_peripheralIP" targetname: "stm32_svd__usb_otg_fs__otg_fs_gpwrdn_registerIP" label: "/home/gps/ada/adl/arch/ARM/STM32/svd/stm32f7x/stm32_svd-usb_otg_fs.ads:2211:7" }
edge: { sourcename: "stm32_svd__usb_otg_fs__otg_fs_global_peripheralIP" targetname: "stm32_svd__usb_otg_fs__otg_fs_glpmcfg_registerIP" label: "/home/gps/ada/adl/arch/ARM/STM32/svd/stm32f7x/stm32_svd-usb_otg_fs.ads:2209:7" }
edge: { sourcename: "stm32_svd__usb_otg_fs__otg_fs_global_peripheralIP" targetname: "stm32_svd__usb_otg_fs__otg_fs_gccfg_registerIP" label: "/home/gps/ada/adl/arch/ARM/STM32/svd/stm32f7x/stm32_svd-usb_otg_fs.ads:2205:7" }
edge: { sourcename: "stm32_svd__usb_otg_fs__otg_fs_global_peripheralIP" targetname: "stm32_svd__usb_otg_fs__otg_fs_gi2cctl_registerIP" label: "/home/gps/ada/adl/arch/ARM/STM32/svd/stm32f7x/stm32_svd-usb_otg_fs.ads:2203:7" }
edge: { sourcename: "stm32_svd__usb_otg_fs__otg_fs_global_peripheralIP" targetname: "stm32_svd__usb_otg_fs__otg_fs_grxfsiz_registerIP" label: "/home/gps/ada/adl/arch/ARM/STM32/svd/stm32f7x/stm32_svd-usb_otg_fs.ads:2198:7" }
edge: { sourcename: "stm32_svd__usb_otg_fs__otg_fs_global_peripheralIP" targetname: "stm32_svd__usb_otg_fs__otg_fs_gintmsk_registerIP" label: "/home/gps/ada/adl/arch/ARM/STM32/svd/stm32f7x/stm32_svd-usb_otg_fs.ads:2196:7" }
edge: { sourcename: "stm32_svd__usb_otg_fs__otg_fs_global_peripheralIP" targetname: "stm32_svd__usb_otg_fs__otg_fs_gintsts_registerIP" label: "/home/gps/ada/adl/arch/ARM/STM32/svd/stm32f7x/stm32_svd-usb_otg_fs.ads:2194:7" }
edge: { sourcename: "stm32_svd__usb_otg_fs__otg_fs_global_peripheralIP" targetname: "stm32_svd__usb_otg_fs__otg_fs_grstctl_registerIP" label: "/home/gps/ada/adl/arch/ARM/STM32/svd/stm32f7x/stm32_svd-usb_otg_fs.ads:2192:7" }
edge: { sourcename: "stm32_svd__usb_otg_fs__otg_fs_global_peripheralIP" targetname: "stm32_svd__usb_otg_fs__otg_fs_gusbcfg_registerIP" label: "/home/gps/ada/adl/arch/ARM/STM32/svd/stm32f7x/stm32_svd-usb_otg_fs.ads:2190:7" }
edge: { sourcename: "stm32_svd__usb_otg_fs__otg_fs_global_peripheralIP" targetname: "stm32_svd__usb_otg_fs__otg_fs_gahbcfg_registerIP" label: "/home/gps/ada/adl/arch/ARM/STM32/svd/stm32f7x/stm32_svd-usb_otg_fs.ads:2188:7" }
edge: { sourcename: "stm32_svd__usb_otg_fs__otg_fs_global_peripheralIP" targetname: "stm32_svd__usb_otg_fs__otg_fs_gotgint_registerIP" label: "/home/gps/ada/adl/arch/ARM/STM32/svd/stm32f7x/stm32_svd-usb_otg_fs.ads:2186:7" }
edge: { sourcename: "stm32_svd__usb_otg_fs__otg_fs_global_peripheralIP" targetname: "stm32_svd__usb_otg_fs__otg_fs_gotgctl_registerIP" label: "/home/gps/ada/adl/arch/ARM/STM32/svd/stm32f7x/stm32_svd-usb_otg_fs.ads:2184:7" }
node: { title: "stm32_svd__usb_otg_fs__otg_fs_global_peripheralEQ" label: "OTG_FS_GLOBAL_PERIPHERALEQ\n/home/gps/ada/adl/arch/ARM/STM32/svd/stm32f7x/stm32_svd-usb_otg_fs.ads:2180:9\n24 bytes (static)" }
node: { title: "stm32_svd__usb_otg_fs__otg_fs_hnptxfsiz_host_registerIP" label: "OTG_FS_HNPTXFSIZ_HOST_REGISTERIP\n/home/gps/ada/adl/arch/ARM/STM32/svd/stm32f7x/stm32_svd-usb_otg_fs.ads:1324:9\n16 bytes (static)" }
node: { title: "stm32_svd__usb_otg_fs__otg_fs_dieptxf0_device_registerIP" label: "OTG_FS_DIEPTXF0_DEVICE_REGISTERIP\n/home/gps/ada/adl/arch/ARM/STM32/svd/stm32f7x/stm32_svd-usb_otg_fs.ads:1306:9\n16 bytes (static)" }
node: { title: "stm32_svd__usb_otg_fs__otg_fs_grxstsp_host_registerIP" label: "OTG_FS_GRXSTSP_HOST_REGISTERIP\n/home/gps/ada/adl/arch/ARM/STM32/svd/stm32f7x/stm32_svd-usb_otg_fs.ads:1262:9\n16 bytes (static)" }
node: { title: "stm32_svd__usb_otg_fs__otg_fs_grxstsr_host_registerIP" label: "OTG_FS_GRXSTSR_HOST_REGISTERIP\n/home/gps/ada/adl/arch/ARM/STM32/svd/stm32f7x/stm32_svd-usb_otg_fs.ads:1200:9\n16 bytes (static)" }
node: { title: "stm32_svd__usb_otg_fs__otg_fs_grxstsp_device_registerIP" label: "OTG_FS_GRXSTSP_DEVICE_REGISTERIP\n/home/gps/ada/adl/arch/ARM/STM32/svd/stm32f7x/stm32_svd-usb_otg_fs.ads:1230:9\n16 bytes (static)" }
node: { title: "stm32_svd__usb_otg_fs__otg_fs_grxstsr_device_registerIP" label: "OTG_FS_GRXSTSR_DEVICE_REGISTERIP\n/home/gps/ada/adl/arch/ARM/STM32/svd/stm32f7x/stm32_svd-usb_otg_fs.ads:1168:9\n16 bytes (static)" }
node: { title: "stm32_svd__usb_otg_fs__otg_fs_dieptxf_registerIP" label: "OTG_FS_DIEPTXF_REGISTERIP\n/home/gps/ada/adl/arch/ARM/STM32/svd/stm32f7x/stm32_svd-usb_otg_fs.ads:1626:9\n16 bytes (static)" }
node: { title: "stm32_svd__usb_otg_fs__otg_fs_hptxfsiz_registerIP" label: "OTG_FS_HPTXFSIZ_REGISTERIP\n/home/gps/ada/adl/arch/ARM/STM32/svd/stm32f7x/stm32_svd-usb_otg_fs.ads:1608:9\n16 bytes (static)" }
node: { title: "stm32_svd__usb_otg_fs__otg_fs_gadpctl_registerIP" label: "OTG_FS_GADPCTL_REGISTERIP\n/home/gps/ada/adl/arch/ARM/STM32/svd/stm32f7x/stm32_svd-usb_otg_fs.ads:1548:9\n16 bytes (static)" }
node: { title: "stm32_svd__usb_otg_fs__otg_fs_gpwrdn_registerIP" label: "OTG_FS_GPWRDN_REGISTERIP\n/home/gps/ada/adl/arch/ARM/STM32/svd/stm32f7x/stm32_svd-usb_otg_fs.ads:1521:9\n16 bytes (static)" }
node: { title: "stm32_svd__usb_otg_fs__otg_fs_glpmcfg_registerIP" label: "OTG_FS_GLPMCFG_REGISTERIP\n/home/gps/ada/adl/arch/ARM/STM32/svd/stm32f7x/stm32_svd-usb_otg_fs.ads:1464:9\n16 bytes (static)" }
node: { title: "stm32_svd__usb_otg_fs__otg_fs_gccfg_registerIP" label: "OTG_FS_GCCFG_REGISTERIP\n/home/gps/ada/adl/arch/ARM/STM32/svd/stm32f7x/stm32_svd-usb_otg_fs.ads:1412:9\n16 bytes (static)" }
node: { title: "stm32_svd__usb_otg_fs__otg_fs_gi2cctl_registerIP" label: "OTG_FS_GI2CCTL_REGISTERIP\n/home/gps/ada/adl/arch/ARM/STM32/svd/stm32f7x/stm32_svd-usb_otg_fs.ads:1370:9\n16 bytes (static)" }
node: { title: "stm32_svd__usb_otg_fs__otg_fs_hnptxsts_registerIP" label: "OTG_FS_HNPTXSTS_REGISTERIP\n/home/gps/ada/adl/arch/ARM/STM32/svd/stm32f7x/stm32_svd-usb_otg_fs.ads:1344:9\n16 bytes (static)" }
node: { title: "stm32_svd__usb_otg_fs__otg_fs_grxfsiz_registerIP" label: "OTG_FS_GRXFSIZ_REGISTERIP\n/home/gps/ada/adl/arch/ARM/STM32/svd/stm32f7x/stm32_svd-usb_otg_fs.ads:1288:9\n16 bytes (static)" }
node: { title: "stm32_svd__usb_otg_fs__otg_fs_gintmsk_registerIP" label: "OTG_FS_GINTMSK_REGISTERIP\n/home/gps/ada/adl/arch/ARM/STM32/svd/stm32f7x/stm32_svd-usb_otg_fs.ads:1062:9\n16 bytes (static)" }
node: { title: "stm32_svd__usb_otg_fs__otg_fs_gintsts_registerIP" label: "OTG_FS_GINTSTS_REGISTERIP\n/home/gps/ada/adl/arch/ARM/STM32/svd/stm32f7x/stm32_svd-usb_otg_fs.ads:962:9\n16 bytes (static)" }
node: { title: "stm32_svd__usb_otg_fs__otg_fs_grstctl_registerIP" label: "OTG_FS_GRSTCTL_REGISTERIP\n/home/gps/ada/adl/arch/ARM/STM32/svd/stm32f7x/stm32_svd-usb_otg_fs.ads:926:9\n16 bytes (static)" }
node: { title: "stm32_svd__usb_otg_fs__otg_fs_gusbcfg_registerIP" label: "OTG_FS_GUSBCFG_REGISTERIP\n/home/gps/ada/adl/arch/ARM/STM32/svd/stm32f7x/stm32_svd-usb_otg_fs.ads:882:9\n16 bytes (static)" }
node: { title: "stm32_svd__usb_otg_fs__otg_fs_gahbcfg_registerIP" label: "OTG_FS_GAHBCFG_REGISTERIP\n/home/gps/ada/adl/arch/ARM/STM32/svd/stm32f7x/stm32_svd-usb_otg_fs.ads:855:9\n16 bytes (static)" }
node: { title: "stm32_svd__usb_otg_fs__otg_fs_gotgint_registerIP" label: "OTG_FS_GOTGINT_REGISTERIP\n/home/gps/ada/adl/arch/ARM/STM32/svd/stm32f7x/stm32_svd-usb_otg_fs.ads:813:9\n16 bytes (static)" }
node: { title: "stm32_svd__usb_otg_fs__otg_fs_gotgctl_registerIP" label: "OTG_FS_GOTGCTL_REGISTERIP\n/home/gps/ada/adl/arch/ARM/STM32/svd/stm32f7x/stm32_svd-usb_otg_fs.ads:744:9\n16 bytes (static)" }
node: { title: "stm32_svd__usb_otg_fs__otg_fs_device_peripheralIP" label: "OTG_FS_DEVICE_PERIPHERALIP\n/home/gps/ada/adl/arch/ARM/STM32/svd/stm32f7x/stm32_svd-usb_otg_fs.ads:2002:9\n16 bytes (static)" }
edge: { sourcename: "stm32_svd__usb_otg_fs__otg_fs_device_peripheralIP" targetname: "stm32_svd__usb_otg_fs__otg_fs_doeptsiz_registerIP" label: "/home/gps/ada/adl/arch/ARM/STM32/svd/stm32f7x/stm32_svd-usb_otg_fs.ads:2109:7" }
edge: { sourcename: "stm32_svd__usb_otg_fs__otg_fs_device_peripheralIP" targetname: "stm32_svd__usb_otg_fs__otg_fs_doepint_registerIP" label: "/home/gps/ada/adl/arch/ARM/STM32/svd/stm32f7x/stm32_svd-usb_otg_fs.ads:2107:7" }
edge: { sourcename: "stm32_svd__usb_otg_fs__otg_fs_device_peripheralIP" targetname: "stm32_svd__usb_otg_fs__otg_fs_doepctl_registerIP" label: "/home/gps/ada/adl/arch/ARM/STM32/svd/stm32f7x/stm32_svd-usb_otg_fs.ads:2105:7" }
edge: { sourcename: "stm32_svd__usb_otg_fs__otg_fs_device_peripheralIP" targetname: "stm32_svd__usb_otg_fs__otg_fs_doeptsiz_registerIP" label: "/home/gps/ada/adl/arch/ARM/STM32/svd/stm32f7x/stm32_svd-usb_otg_fs.ads:2103:7" }
edge: { sourcename: "stm32_svd__usb_otg_fs__otg_fs_device_peripheralIP" targetname: "stm32_svd__usb_otg_fs__otg_fs_doepint_registerIP" label: "/home/gps/ada/adl/arch/ARM/STM32/svd/stm32f7x/stm32_svd-usb_otg_fs.ads:2101:7" }
edge: { sourcename: "stm32_svd__usb_otg_fs__otg_fs_device_peripheralIP" targetname: "stm32_svd__usb_otg_fs__otg_fs_doepctl_registerIP" label: "/home/gps/ada/adl/arch/ARM/STM32/svd/stm32f7x/stm32_svd-usb_otg_fs.ads:2099:7" }
edge: { sourcename: "stm32_svd__usb_otg_fs__otg_fs_device_peripheralIP" targetname: "stm32_svd__usb_otg_fs__otg_fs_doeptsiz_registerIP" label: "/home/gps/ada/adl/arch/ARM/STM32/svd/stm32f7x/stm32_svd-usb_otg_fs.ads:2097:7" }
edge: { sourcename: "stm32_svd__usb_otg_fs__otg_fs_device_peripheralIP" targetname: "stm32_svd__usb_otg_fs__otg_fs_doepint_registerIP" label: "/home/gps/ada/adl/arch/ARM/STM32/svd/stm32f7x/stm32_svd-usb_otg_fs.ads:2095:7" }
edge: { sourcename: "stm32_svd__usb_otg_fs__otg_fs_device_peripheralIP" targetname: "stm32_svd__usb_otg_fs__otg_fs_doepctl_registerIP" label: "/home/gps/ada/adl/arch/ARM/STM32/svd/stm32f7x/stm32_svd-usb_otg_fs.ads:2093:7" }
edge: { sourcename: "stm32_svd__usb_otg_fs__otg_fs_device_peripheralIP" targetname: "stm32_svd__usb_otg_fs__otg_fs_doeptsiz_registerIP" label: "/home/gps/ada/adl/arch/ARM/STM32/svd/stm32f7x/stm32_svd-usb_otg_fs.ads:2091:7" }
edge: { sourcename: "stm32_svd__usb_otg_fs__otg_fs_device_peripheralIP" targetname: "stm32_svd__usb_otg_fs__otg_fs_doepint_registerIP" label: "/home/gps/ada/adl/arch/ARM/STM32/svd/stm32f7x/stm32_svd-usb_otg_fs.ads:2089:7" }
edge: { sourcename: "stm32_svd__usb_otg_fs__otg_fs_device_peripheralIP" targetname: "stm32_svd__usb_otg_fs__otg_fs_doepctl_registerIP" label: "/home/gps/ada/adl/arch/ARM/STM32/svd/stm32f7x/stm32_svd-usb_otg_fs.ads:2087:7" }
edge: { sourcename: "stm32_svd__usb_otg_fs__otg_fs_device_peripheralIP" targetname: "stm32_svd__usb_otg_fs__otg_fs_doeptsiz_registerIP" label: "/home/gps/ada/adl/arch/ARM/STM32/svd/stm32f7x/stm32_svd-usb_otg_fs.ads:2085:7" }
edge: { sourcename: "stm32_svd__usb_otg_fs__otg_fs_device_peripheralIP" targetname: "stm32_svd__usb_otg_fs__otg_fs_doepint_registerIP" label: "/home/gps/ada/adl/arch/ARM/STM32/svd/stm32f7x/stm32_svd-usb_otg_fs.ads:2083:7" }
edge: { sourcename: "stm32_svd__usb_otg_fs__otg_fs_device_peripheralIP" targetname: "stm32_svd__usb_otg_fs__otg_fs_doepctl_registerIP" label: "/home/gps/ada/adl/arch/ARM/STM32/svd/stm32f7x/stm32_svd-usb_otg_fs.ads:2081:7" }
edge: { sourcename: "stm32_svd__usb_otg_fs__otg_fs_device_peripheralIP" targetname: "stm32_svd__usb_otg_fs__otg_fs_doeptsiz0_registerIP" label: "/home/gps/ada/adl/arch/ARM/STM32/svd/stm32f7x/stm32_svd-usb_otg_fs.ads:2079:7" }
edge: { sourcename: "stm32_svd__usb_otg_fs__otg_fs_device_peripheralIP" targetname: "stm32_svd__usb_otg_fs__otg_fs_doepint_registerIP" label: "/home/gps/ada/adl/arch/ARM/STM32/svd/stm32f7x/stm32_svd-usb_otg_fs.ads:2077:7" }
edge: { sourcename: "stm32_svd__usb_otg_fs__otg_fs_device_peripheralIP" targetname: "stm32_svd__usb_otg_fs__otg_fs_doepctl0_registerIP" label: "/home/gps/ada/adl/arch/ARM/STM32/svd/stm32f7x/stm32_svd-usb_otg_fs.ads:2075:7" }
edge: { sourcename: "stm32_svd__usb_otg_fs__otg_fs_device_peripheralIP" targetname: "stm32_svd__usb_otg_fs__otg_fs_dieptsiz_registerIP" label: "/home/gps/ada/adl/arch/ARM/STM32/svd/stm32f7x/stm32_svd-usb_otg_fs.ads:2071:7" }
edge: { sourcename: "stm32_svd__usb_otg_fs__otg_fs_device_peripheralIP" targetname: "stm32_svd__usb_otg_fs__otg_fs_diepint_registerIP" label: "/home/gps/ada/adl/arch/ARM/STM32/svd/stm32f7x/stm32_svd-usb_otg_fs.ads:2069:7" }
edge: { sourcename: "stm32_svd__usb_otg_fs__otg_fs_device_peripheralIP" targetname: "stm32_svd__usb_otg_fs__otg_fs_diepctl_registerIP" label: "/home/gps/ada/adl/arch/ARM/STM32/svd/stm32f7x/stm32_svd-usb_otg_fs.ads:2067:7" }
edge: { sourcename: "stm32_svd__usb_otg_fs__otg_fs_device_peripheralIP" targetname: "stm32_svd__usb_otg_fs__otg_fs_dieptsiz_registerIP" label: "/home/gps/ada/adl/arch/ARM/STM32/svd/stm32f7x/stm32_svd-usb_otg_fs.ads:2063:7" }
edge: { sourcename: "stm32_svd__usb_otg_fs__otg_fs_device_peripheralIP" targetname: "stm32_svd__usb_otg_fs__otg_fs_diepint_registerIP" label: "/home/gps/ada/adl/arch/ARM/STM32/svd/stm32f7x/stm32_svd-usb_otg_fs.ads:2061:7" }
edge: { sourcename: "stm32_svd__usb_otg_fs__otg_fs_device_peripheralIP" targetname: "stm32_svd__usb_otg_fs__otg_fs_diepctl_registerIP" label: "/home/gps/ada/adl/arch/ARM/STM32/svd/stm32f7x/stm32_svd-usb_otg_fs.ads:2059:7" }
edge: { sourcename: "stm32_svd__usb_otg_fs__otg_fs_device_peripheralIP" targetname: "stm32_svd__usb_otg_fs__otg_fs_dieptsiz_registerIP" label: "/home/gps/ada/adl/arch/ARM/STM32/svd/stm32f7x/stm32_svd-usb_otg_fs.ads:2055:7" }
edge: { sourcename: "stm32_svd__usb_otg_fs__otg_fs_device_peripheralIP" targetname: "stm32_svd__usb_otg_fs__otg_fs_diepint_registerIP" label: "/home/gps/ada/adl/arch/ARM/STM32/svd/stm32f7x/stm32_svd-usb_otg_fs.ads:2053:7" }
edge: { sourcename: "stm32_svd__usb_otg_fs__otg_fs_device_peripheralIP" targetname: "stm32_svd__usb_otg_fs__otg_fs_diepctl_registerIP" label: "/home/gps/ada/adl/arch/ARM/STM32/svd/stm32f7x/stm32_svd-usb_otg_fs.ads:2051:7" }
edge: { sourcename: "stm32_svd__usb_otg_fs__otg_fs_device_peripheralIP" targetname: "stm32_svd__usb_otg_fs__otg_fs_dieptsiz_registerIP" label: "/home/gps/ada/adl/arch/ARM/STM32/svd/stm32f7x/stm32_svd-usb_otg_fs.ads:2047:7" }
edge: { sourcename: "stm32_svd__usb_otg_fs__otg_fs_device_peripheralIP" targetname: "stm32_svd__usb_otg_fs__otg_fs_diepint_registerIP" label: "/home/gps/ada/adl/arch/ARM/STM32/svd/stm32f7x/stm32_svd-usb_otg_fs.ads:2045:7" }
edge: { sourcename: "stm32_svd__usb_otg_fs__otg_fs_device_peripheralIP" targetname: "stm32_svd__usb_otg_fs__otg_fs_diepctl_registerIP" label: "/home/gps/ada/adl/arch/ARM/STM32/svd/stm32f7x/stm32_svd-usb_otg_fs.ads:2043:7" }
edge: { sourcename: "stm32_svd__usb_otg_fs__otg_fs_device_peripheralIP" targetname: "stm32_svd__usb_otg_fs__otg_fs_dieptsiz_registerIP" label: "/home/gps/ada/adl/arch/ARM/STM32/svd/stm32f7x/stm32_svd-usb_otg_fs.ads:2039:7" }
edge: { sourcename: "stm32_svd__usb_otg_fs__otg_fs_device_peripheralIP" targetname: "stm32_svd__usb_otg_fs__otg_fs_diepint_registerIP" label: "/home/gps/ada/adl/arch/ARM/STM32/svd/stm32f7x/stm32_svd-usb_otg_fs.ads:2037:7" }
edge: { sourcename: "stm32_svd__usb_otg_fs__otg_fs_device_peripheralIP" targetname: "stm32_svd__usb_otg_fs__otg_fs_diepctl1_registerIP" label: "/home/gps/ada/adl/arch/ARM/STM32/svd/stm32f7x/stm32_svd-usb_otg_fs.ads:2035:7" }
edge: { sourcename: "stm32_svd__usb_otg_fs__otg_fs_device_peripheralIP" targetname: "stm32_svd__usb_otg_fs__otg_fs_dieptsiz0_registerIP" label: "/home/gps/ada/adl/arch/ARM/STM32/svd/stm32f7x/stm32_svd-usb_otg_fs.ads:2031:7" }
edge: { sourcename: "stm32_svd__usb_otg_fs__otg_fs_device_peripheralIP" targetname: "stm32_svd__usb_otg_fs__otg_fs_diepint_registerIP" label: "/home/gps/ada/adl/arch/ARM/STM32/svd/stm32f7x/stm32_svd-usb_otg_fs.ads:2029:7" }
edge: { sourcename: "stm32_svd__usb_otg_fs__otg_fs_device_peripheralIP" targetname: "stm32_svd__usb_otg_fs__otg_fs_diepctl0_registerIP" label: "/home/gps/ada/adl/arch/ARM/STM32/svd/stm32f7x/stm32_svd-usb_otg_fs.ads:2027:7" }
edge: { sourcename: "stm32_svd__usb_otg_fs__otg_fs_device_peripheralIP" targetname: "stm32_svd__usb_otg_fs__otg_fs_diepempmsk_registerIP" label: "/home/gps/ada/adl/arch/ARM/STM32/svd/stm32f7x/stm32_svd-usb_otg_fs.ads:2024:7" }
edge: { sourcename: "stm32_svd__usb_otg_fs__otg_fs_device_peripheralIP" targetname: "stm32_svd__usb_otg_fs__otg_fs_dvbuspulse_registerIP" label: "/home/gps/ada/adl/arch/ARM/STM32/svd/stm32f7x/stm32_svd-usb_otg_fs.ads:2022:7" }
edge: { sourcename: "stm32_svd__usb_otg_fs__otg_fs_device_peripheralIP" targetname: "stm32_svd__usb_otg_fs__otg_fs_dvbusdis_registerIP" label: "/home/gps/ada/adl/arch/ARM/STM32/svd/stm32f7x/stm32_svd-usb_otg_fs.ads:2020:7" }
edge: { sourcename: "stm32_svd__usb_otg_fs__otg_fs_device_peripheralIP" targetname: "stm32_svd__usb_otg_fs__otg_fs_daintmsk_registerIP" label: "/home/gps/ada/adl/arch/ARM/STM32/svd/stm32f7x/stm32_svd-usb_otg_fs.ads:2018:7" }
edge: { sourcename: "stm32_svd__usb_otg_fs__otg_fs_device_peripheralIP" targetname: "stm32_svd__usb_otg_fs__otg_fs_doepmsk_registerIP" label: "/home/gps/ada/adl/arch/ARM/STM32/svd/stm32f7x/stm32_svd-usb_otg_fs.ads:2014:7" }
edge: { sourcename: "stm32_svd__usb_otg_fs__otg_fs_device_peripheralIP" targetname: "stm32_svd__usb_otg_fs__otg_fs_diepmsk_registerIP" label: "/home/gps/ada/adl/arch/ARM/STM32/svd/stm32f7x/stm32_svd-usb_otg_fs.ads:2011:7" }
edge: { sourcename: "stm32_svd__usb_otg_fs__otg_fs_device_peripheralIP" targetname: "stm32_svd__usb_otg_fs__otg_fs_dctl_registerIP" label: "/home/gps/ada/adl/arch/ARM/STM32/svd/stm32f7x/stm32_svd-usb_otg_fs.ads:2006:7" }
edge: { sourcename: "stm32_svd__usb_otg_fs__otg_fs_device_peripheralIP" targetname: "stm32_svd__usb_otg_fs__otg_fs_dcfg_registerIP" label: "/home/gps/ada/adl/arch/ARM/STM32/svd/stm32f7x/stm32_svd-usb_otg_fs.ads:2004:7" }
node: { title: "stm32_svd__usb_otg_fs__otg_fs_doeptsiz_registerIP" label: "OTG_FS_DOEPTSIZ_REGISTERIP\n/home/gps/ada/adl/arch/ARM/STM32/svd/stm32f7x/stm32_svd-usb_otg_fs.ads:723:9\n16 bytes (static)" }
node: { title: "stm32_svd__usb_otg_fs__otg_fs_doepctl_registerIP" label: "OTG_FS_DOEPCTL_REGISTERIP\n/home/gps/ada/adl/arch/ARM/STM32/svd/stm32f7x/stm32_svd-usb_otg_fs.ads:665:9\n16 bytes (static)" }
node: { title: "stm32_svd__usb_otg_fs__otg_fs_doeptsiz0_registerIP" label: "OTG_FS_DOEPTSIZ0_REGISTERIP\n/home/gps/ada/adl/arch/ARM/STM32/svd/stm32f7x/stm32_svd-usb_otg_fs.ads:635:9\n16 bytes (static)" }
node: { title: "stm32_svd__usb_otg_fs__otg_fs_doepint_registerIP" label: "OTG_FS_DOEPINT_REGISTERIP\n/home/gps/ada/adl/arch/ARM/STM32/svd/stm32f7x/stm32_svd-usb_otg_fs.ads:599:9\n16 bytes (static)" }
node: { title: "stm32_svd__usb_otg_fs__otg_fs_doepctl0_registerIP" label: "OTG_FS_DOEPCTL0_REGISTERIP\n/home/gps/ada/adl/arch/ARM/STM32/svd/stm32f7x/stm32_svd-usb_otg_fs.ads:548:9\n16 bytes (static)" }
node: { title: "stm32_svd__usb_otg_fs__otg_fs_diepctl_registerIP" label: "OTG_FS_DIEPCTL_REGISTERIP\n/home/gps/ada/adl/arch/ARM/STM32/svd/stm32f7x/stm32_svd-usb_otg_fs.ads:491:9\n16 bytes (static)" }
node: { title: "stm32_svd__usb_otg_fs__otg_fs_dieptsiz_registerIP" label: "OTG_FS_DIEPTSIZ_REGISTERIP\n/home/gps/ada/adl/arch/ARM/STM32/svd/stm32f7x/stm32_svd-usb_otg_fs.ads:466:9\n16 bytes (static)" }
node: { title: "stm32_svd__usb_otg_fs__otg_fs_diepctl1_registerIP" label: "OTG_FS_DIEPCTL1_REGISTERIP\n/home/gps/ada/adl/arch/ARM/STM32/svd/stm32f7x/stm32_svd-usb_otg_fs.ads:408:9\n16 bytes (static)" }
node: { title: "stm32_svd__usb_otg_fs__otg_fs_dtxfsts_registerIP" label: "OTG_FS_DTXFSTS_REGISTERIP\n/home/gps/ada/adl/arch/ARM/STM32/svd/stm32f7x/stm32_svd-usb_otg_fs.ads:389:9\n16 bytes (static)" }
node: { title: "stm32_svd__usb_otg_fs__otg_fs_dieptsiz0_registerIP" label: "OTG_FS_DIEPTSIZ0_REGISTERIP\n/home/gps/ada/adl/arch/ARM/STM32/svd/stm32f7x/stm32_svd-usb_otg_fs.ads:366:9\n16 bytes (static)" }
node: { title: "stm32_svd__usb_otg_fs__otg_fs_diepint_registerIP" label: "OTG_FS_DIEPINT_REGISTERIP\n/home/gps/ada/adl/arch/ARM/STM32/svd/stm32f7x/stm32_svd-usb_otg_fs.ads:327:9\n16 bytes (static)" }
node: { title: "stm32_svd__usb_otg_fs__otg_fs_diepctl0_registerIP" label: "OTG_FS_DIEPCTL0_REGISTERIP\n/home/gps/ada/adl/arch/ARM/STM32/svd/stm32f7x/stm32_svd-usb_otg_fs.ads:276:9\n16 bytes (static)" }
node: { title: "stm32_svd__usb_otg_fs__otg_fs_diepempmsk_registerIP" label: "OTG_FS_DIEPEMPMSK_REGISTERIP\n/home/gps/ada/adl/arch/ARM/STM32/svd/stm32f7x/stm32_svd-usb_otg_fs.ads:257:9\n16 bytes (static)" }
node: { title: "stm32_svd__usb_otg_fs__otg_fs_dvbuspulse_registerIP" label: "OTG_FS_DVBUSPULSE_REGISTERIP\n/home/gps/ada/adl/arch/ARM/STM32/svd/stm32f7x/stm32_svd-usb_otg_fs.ads:240:9\n16 bytes (static)" }
node: { title: "stm32_svd__usb_otg_fs__otg_fs_dvbusdis_registerIP" label: "OTG_FS_DVBUSDIS_REGISTERIP\n/home/gps/ada/adl/arch/ARM/STM32/svd/stm32f7x/stm32_svd-usb_otg_fs.ads:223:9\n16 bytes (static)" }
node: { title: "stm32_svd__usb_otg_fs__otg_fs_daintmsk_registerIP" label: "OTG_FS_DAINTMSK_REGISTERIP\n/home/gps/ada/adl/arch/ARM/STM32/svd/stm32f7x/stm32_svd-usb_otg_fs.ads:206:9\n16 bytes (static)" }
node: { title: "stm32_svd__usb_otg_fs__otg_fs_daint_registerIP" label: "OTG_FS_DAINT_REGISTERIP\n/home/gps/ada/adl/arch/ARM/STM32/svd/stm32f7x/stm32_svd-usb_otg_fs.ads:188:9\n16 bytes (static)" }
node: { title: "stm32_svd__usb_otg_fs__otg_fs_doepmsk_registerIP" label: "OTG_FS_DOEPMSK_REGISTERIP\n/home/gps/ada/adl/arch/ARM/STM32/svd/stm32f7x/stm32_svd-usb_otg_fs.ads:158:9\n16 bytes (static)" }
node: { title: "stm32_svd__usb_otg_fs__otg_fs_diepmsk_registerIP" label: "OTG_FS_DIEPMSK_REGISTERIP\n/home/gps/ada/adl/arch/ARM/STM32/svd/stm32f7x/stm32_svd-usb_otg_fs.ads:124:9\n16 bytes (static)" }
node: { title: "stm32_svd__usb_otg_fs__otg_fs_dsts_registerIP" label: "OTG_FS_DSTS_REGISTERIP\n/home/gps/ada/adl/arch/ARM/STM32/svd/stm32f7x/stm32_svd-usb_otg_fs.ads:96:9\n16 bytes (static)" }
node: { title: "stm32_svd__usb_otg_fs__otg_fs_dctl_registerIP" label: "OTG_FS_DCTL_REGISTERIP\n/home/gps/ada/adl/arch/ARM/STM32/svd/stm32f7x/stm32_svd-usb_otg_fs.ads:51:9\n16 bytes (static)" }
node: { title: "stm32_svd__usb_otg_fs__otg_fs_dcfg_registerIP" label: "OTG_FS_DCFG_REGISTERIP\n/home/gps/ada/adl/arch/ARM/STM32/svd/stm32f7x/stm32_svd-usb_otg_fs.ads:22:9\n16 bytes (static)" }
}
