graph: { title: "/home/gps/ada/adl/middleware/src/BLE/bluetooth_low_energy-beacon.adb"
node: { title: "bluetooth_low_energy__packets__push__2" label: "Push\n/home/gps/ada/adl/middleware/src/BLE/bluetooth_low_energy-packets.ads:48:14" shape : ellipse }
node: { title: "bluetooth_low_energy__packets__push__3" label: "Push\n/home/gps/ada/adl/middleware/src/BLE/bluetooth_low_energy-packets.ads:51:14" shape : ellipse }
node: { title: "bluetooth_low_energy__packets__push_uuid" label: "Push_Uuid\n/home/gps/ada/adl/middleware/src/BLE/bluetooth_low_energy-packets.ads:60:14" shape : ellipse }
node: { title: "bluetooth_low_energy__packets__push" label: "Push\n/home/gps/ada/adl/middleware/src/BLE/bluetooth_low_energy-packets.ads:45:14" shape : ellipse }
node: { title: "bluetooth_low_energy__packets__push__5" label: "Push\n/home/gps/ada/adl/middleware/src/BLE/bluetooth_low_energy-packets.ads:57:14" shape : ellipse }
node: { title: "bluetooth_low_energy__packets__set_header" label: "Set_Header\n/home/gps/ada/adl/middleware/src/BLE/bluetooth_low_energy-packets.ads:42:14" shape : ellipse }
node: { title: "bluetooth_low_energy__packets__ble_packetIP" label: "Ble_Packetip\n/home/gps/ada/adl/middleware/src/BLE/bluetooth_low_energy-packets.ads:74:9" shape : ellipse }
node: { title: "/home/gps/ada/adl/middleware/src/BLE/bluetooth_low_energy-beacon.adb:_GLOBAL__SZ7_bluetooth_low_energy__beacon" label: "Beacon\n/home/gps/ada/adl/middleware/src/BLE/bluetooth_low_energy.ads:62:51\n16 bytes (static)" }
node: { title: "bluetooth_low_energy__beacon__make_beacon_packet" label: "Make_Beacon_Packet\n/home/gps/ada/adl/middleware/src/BLE/bluetooth_low_energy-beacon.adb:35:4\n96 bytes (static)" }
edge: { sourcename: "bluetooth_low_energy__beacon__make_beacon_packet" targetname: "bluetooth_low_energy__packets__push__2" label: "/home/gps/ada/adl/middleware/src/BLE/bluetooth_low_energy-beacon.adb:64:7" }
edge: { sourcename: "bluetooth_low_energy__beacon__make_beacon_packet" targetname: "bluetooth_low_energy__packets__push__3" label: "/home/gps/ada/adl/middleware/src/BLE/bluetooth_low_energy-beacon.adb:62:7" }
edge: { sourcename: "bluetooth_low_energy__beacon__make_beacon_packet" targetname: "bluetooth_low_energy__packets__push__3" label: "/home/gps/ada/adl/middleware/src/BLE/bluetooth_low_energy-beacon.adb:60:7" }
edge: { sourcename: "bluetooth_low_energy__beacon__make_beacon_packet" targetname: "bluetooth_low_energy__packets__push_uuid" label: "/home/gps/ada/adl/middleware/src/BLE/bluetooth_low_energy-beacon.adb:58:7" }
edge: { sourcename: "bluetooth_low_energy__beacon__make_beacon_packet" targetname: "bluetooth_low_energy__packets__push__5" label: "/home/gps/ada/adl/middleware/src/BLE/bluetooth_low_energy-beacon.adb:56:7" }
edge: { sourcename: "bluetooth_low_energy__beacon__make_beacon_packet" targetname: "bluetooth_low_energy__packets__push" label: "/home/gps/ada/adl/middleware/src/BLE/bluetooth_low_energy-beacon.adb:54:7" }
edge: { sourcename: "bluetooth_low_energy__beacon__make_beacon_packet" targetname: "bluetooth_low_energy__packets__push" label: "/home/gps/ada/adl/middleware/src/BLE/bluetooth_low_energy-beacon.adb:52:7" }
edge: { sourcename: "bluetooth_low_energy__beacon__make_beacon_packet" targetname: "bluetooth_low_energy__packets__push" label: "/home/gps/ada/adl/middleware/src/BLE/bluetooth_low_energy-beacon.adb:50:7" }
edge: { sourcename: "bluetooth_low_energy__beacon__make_beacon_packet" targetname: "bluetooth_low_energy__packets__push" label: "/home/gps/ada/adl/middleware/src/BLE/bluetooth_low_energy-beacon.adb:48:7" }
edge: { sourcename: "bluetooth_low_energy__beacon__make_beacon_packet" targetname: "bluetooth_low_energy__packets__push" label: "/home/gps/ada/adl/middleware/src/BLE/bluetooth_low_energy-beacon.adb:46:7" }
edge: { sourcename: "bluetooth_low_energy__beacon__make_beacon_packet" targetname: "bluetooth_low_energy__packets__push__5" label: "/home/gps/ada/adl/middleware/src/BLE/bluetooth_low_energy-beacon.adb:44:7" }
edge: { sourcename: "bluetooth_low_energy__beacon__make_beacon_packet" targetname: "bluetooth_low_energy__packets__set_header" label: "/home/gps/ada/adl/middleware/src/BLE/bluetooth_low_energy-beacon.adb:42:7" }
edge: { sourcename: "bluetooth_low_energy__beacon__make_beacon_packet" targetname: "bluetooth_low_energy__packets__ble_packetIP" label: "/home/gps/ada/adl/middleware/src/BLE/bluetooth_low_energy-beacon.adb:40:7" }
}
