graph: { title: "/home/gps/ada/adl/middleware/src/filesystem/pathname_manipulation.adb"
node: { title: "memcpy" label: "builtin_memcpy\n<built-in>" shape : ellipse }
node: { title: "system__secondary_stack__ss_allocate" label: "Ss_Allocate\n/usr/gnat/arm-eabi/lib/gnat/ravenscar-sfp-stm32f429disco/gnat/s-secsta.ads:58:14" shape : ellipse }
node: { title: "__gnat_last_chance_handler" label: "gnat_last_chance_handler\n<built-in>" shape : ellipse }
node: { title: "pathname_manipulation__root_dir__2" label: "Root_Dir\n/home/gps/ada/adl/middleware/src/filesystem/pathname_manipulation.adb:62:4\n64 bytes (static)" }
edge: { sourcename: "pathname_manipulation__root_dir__2" targetname: "memcpy" }
edge: { sourcename: "pathname_manipulation__root_dir__2" targetname: "system__secondary_stack__ss_allocate" label: "/home/gps/ada/adl/middleware/src/filesystem/pathname_manipulation.adb:69:10" }
edge: { sourcename: "pathname_manipulation__root_dir__2" targetname: "__gnat_last_chance_handler" label: "/home/gps/ada/adl/middleware/src/filesystem/pathname_manipulation.adb:69:29" }
edge: { sourcename: "pathname_manipulation__root_dir__2" targetname: "system__secondary_stack__ss_allocate" label: "/home/gps/ada/adl/middleware/src/filesystem/pathname_manipulation.adb:67:10" }
edge: { sourcename: "pathname_manipulation__root_dir__2" targetname: "pathname_manipulation__root_dir" label: "/home/gps/ada/adl/middleware/src/filesystem/pathname_manipulation.adb:65:7" }
node: { title: "pathname_manipulation__root_dir" label: "Root_Dir\n/home/gps/ada/adl/middleware/src/filesystem/pathname_manipulation.adb:38:4\n40 bytes (static)" }
edge: { sourcename: "pathname_manipulation__root_dir" targetname: "__gnat_last_chance_handler" label: "/home/gps/ada/adl/middleware/src/filesystem/pathname_manipulation.adb:54:23" }
edge: { sourcename: "pathname_manipulation__root_dir" targetname: "__gnat_last_chance_handler" label: "/home/gps/ada/adl/middleware/src/filesystem/pathname_manipulation.adb:53:44" }
edge: { sourcename: "pathname_manipulation__root_dir" targetname: "__gnat_last_chance_handler" label: "/home/gps/ada/adl/middleware/src/filesystem/pathname_manipulation.adb:53:55" }
edge: { sourcename: "pathname_manipulation__root_dir" targetname: "__gnat_last_chance_handler" label: "/home/gps/ada/adl/middleware/src/filesystem/pathname_manipulation.adb:53:18" }
edge: { sourcename: "pathname_manipulation__root_dir" targetname: "__gnat_last_chance_handler" label: "/home/gps/ada/adl/middleware/src/filesystem/pathname_manipulation.adb:49:25" }
edge: { sourcename: "pathname_manipulation__root_dir" targetname: "__gnat_last_chance_handler" label: "/home/gps/ada/adl/middleware/src/filesystem/pathname_manipulation.adb:48:41" }
}
