class {
  classname: "simple_synthesizer__synthesizer"
  label: "simple_synthesizer__synthesizer\simple_synthesizer.ads:39:9"
  parent: "hal__audio__audio_stream"
  virtuals: "1:simple_synthesizer__set_frequency,1:hal__audio__audio_stream\n
             2:simple_synthesizer__transmit,2:hal__audio__audio_stream\n
             3:simple_synthesizer__receive,3:hal__audio__audio_stream\n
             -1:simple_synthesizer___size__2,-1:hal__audio__audio_stream\n
             4:simple_synthesizer__set_note_frequency"
}
graph: { title: "/home/gps/ada/adl/middleware/src/audio/simple_synthesizer.adb"
node: { title: "__aeabi_l2f" label: "aeabi_l2f\n<built-in>" shape : ellipse }
node: { title: "__gnat_last_chance_handler" label: "Last_Chance_Handler\n/usr/gnat/arm-eabi/lib/gnat/ravenscar-sfp-stm32f429disco/gnat/a-except.adb:41:17" shape : ellipse }
node: { title: "__gnat_last_chance_handler" label: "gnat_last_chance_handler\n<built-in>" shape : ellipse }
node: { title: "simple_synthesizer___elabb" label: "Simple_Synthesizer\n/home/gps/ada/adl/middleware/src/audio/simple_synthesizer.adb:34:1\n4 bytes (static)" }
node: { title: "simple_synthesizer__receive" label: "Receive\n/home/gps/ada/adl/middleware/src/audio/simple_synthesizer.adb:76:15\n96 bytes (static)" }
edge: { sourcename: "simple_synthesizer__receive" targetname: "/home/gps/ada/adl/middleware/src/audio/simple_synthesizer.adb:simple_synthesizer__receive__next_sample.5567" label: "/home/gps/ada/adl/middleware/src/audio/simple_synthesizer.adb:117:20" }
edge: { sourcename: "simple_synthesizer__receive" targetname: "__gnat_last_chance_handler" label: "/home/gps/ada/adl/middleware/src/audio/simple_synthesizer.adb:113:13" }
edge: { sourcename: "simple_synthesizer__receive" targetname: "__gnat_last_chance_handler" label: "/home/gps/ada/adl/middleware/src/audio/simple_synthesizer.adb:113:44" }
edge: { sourcename: "simple_synthesizer__receive" targetname: "__gnat_last_chance_handler" label: "/home/gps/ada/adl/middleware/src/audio/simple_synthesizer.adb:113:31" }
edge: { sourcename: "simple_synthesizer__receive" targetname: "__gnat_last_chance_handler" label: "/home/gps/ada/adl/middleware/src/audio/simple_synthesizer.adb:113:26" }
edge: { sourcename: "simple_synthesizer__receive" targetname: "__gnat_last_chance_handler" label: "/home/gps/ada/adl/middleware/src/audio/simple_synthesizer.adb:112:13" }
edge: { sourcename: "simple_synthesizer__receive" targetname: "__gnat_last_chance_handler" label: "/home/gps/ada/adl/middleware/src/audio/simple_synthesizer.adb:112:31" }
edge: { sourcename: "simple_synthesizer__receive" targetname: "__gnat_last_chance_handler" label: "/home/gps/ada/adl/middleware/src/audio/simple_synthesizer.adb:112:26" }
edge: { sourcename: "simple_synthesizer__receive" targetname: "/home/gps/ada/adl/middleware/src/audio/simple_synthesizer.adb:simple_synthesizer__receive__next_sample.5567" label: "/home/gps/ada/adl/middleware/src/audio/simple_synthesizer.adb:111:17" }
edge: { sourcename: "simple_synthesizer__receive" targetname: "__gnat_last_chance_handler" label: "/home/gps/ada/adl/middleware/src/audio/simple_synthesizer.adb:110:33" }
edge: { sourcename: "simple_synthesizer__receive" targetname: "__gnat_last_chance_handler" label: "/home/gps/ada/adl/middleware/src/audio/simple_synthesizer.adb:106:13" }
edge: { sourcename: "simple_synthesizer__receive" targetname: "__aeabi_l2f" }
edge: { sourcename: "simple_synthesizer__receive" targetname: "__gnat_last_chance_handler" label: "/home/gps/ada/adl/middleware/src/audio/simple_synthesizer.adb:76:15" }
node: { title: "/home/gps/ada/adl/middleware/src/audio/simple_synthesizer.adb:simple_synthesizer__receive__next_sample.5567" label: "Next_Sample\n/home/gps/ada/adl/middleware/src/audio/simple_synthesizer.adb:93:7\n16 bytes (static)" }
edge: { sourcename: "/home/gps/ada/adl/middleware/src/audio/simple_synthesizer.adb:simple_synthesizer__receive__next_sample.5567" targetname: "__gnat_last_chance_handler" label: "/home/gps/ada/adl/middleware/src/audio/simple_synthesizer.adb:99:46" }
node: { title: "simple_synthesizer__transmit" label: "Transmit\n/home/gps/ada/adl/middleware/src/audio/simple_synthesizer.adb:64:15\n48 bytes (static)" }
edge: { sourcename: "simple_synthesizer__transmit" targetname: "__gnat_last_chance_handler" label: "/home/gps/ada/adl/middleware/src/audio/simple_synthesizer.adb:69:7" }
edge: { sourcename: "simple_synthesizer__transmit" targetname: "__gnat_last_chance_handler" label: "/home/gps/ada/adl/middleware/src/audio/simple_synthesizer.adb:64:15" }
node: { title: "simple_synthesizer__set_frequency" label: "Set_Frequency\n/home/gps/ada/adl/middleware/src/audio/simple_synthesizer.adb:52:15\n16 bytes (static)" }
edge: { sourcename: "simple_synthesizer__set_frequency" targetname: "__gnat_last_chance_handler" label: "/home/gps/ada/adl/middleware/src/audio/simple_synthesizer.adb:52:15" }
node: { title: "simple_synthesizer__set_note_frequency" label: "Set_Note_Frequency\n/home/gps/ada/adl/middleware/src/audio/simple_synthesizer.adb:40:4\n16 bytes (static)" }
edge: { sourcename: "simple_synthesizer__set_note_frequency" targetname: "__gnat_last_chance_handler" label: "/home/gps/ada/adl/middleware/src/audio/simple_synthesizer.adb:40:4" }
node: { title: "simple_synthesizer___size__2" label: "Simple_Synthesizer\n/home/gps/ada/adl/middleware/src/audio/simple_synthesizer.ads:58:9\n16 bytes (static)" }
node: { title: "simple_synthesizer__synthesizerIP" label: "Synthesizerip\n/home/gps/ada/adl/middleware/src/audio/simple_synthesizer.ads:58:9\n24 bytes (static)" }
}
