graph: { title: "/home/gps/ada/adl/arch/ARM/cortex_m/src/fpu/cortex_m-fpu.adb"
node: { title: "cortex_m__fpu__fpscr" label: "Fpscr\n/home/gps/ada/adl/arch/ARM/cortex_m/src/fpu/cortex_m-fpu.adb:57:4\n24 bytes (static)" }
node: { title: "cortex_m__fpu__sqrt" label: "Sqrt\n/home/gps/ada/adl/arch/ARM/cortex_m/src/fpu/cortex_m-fpu.adb:43:4\n24 bytes (static)" }
node: { title: "cortex_m__fpu__status_control_registerIP" label: "Status_Control_Registerip\n/home/gps/ada/adl/arch/ARM/cortex_m/src/fpu/cortex_m-fpu.ads:63:9\n16 bytes (static)" }
}
