graph: { title: "/home/gps/ada/adl/arch/ARM/cortex_m/src/cortex_m-dwt.adb"
node: { title: "system__assertions__raise_assert_failure" label: "Raise_Assert_Failure\n/usr/gnat/arm-eabi/lib/gnat/ravenscar-sfp-stm32f746disco/gnat/s-assert.ads:46:14" shape : ellipse }
node: { title: "cortex_m__dwt__dwt_reset_value" label: "Dwt_Reset_Value\n/home/gps/ada/adl/arch/ARM/cortex_m/src/cortex_m-dwt.adb:73:4\n4 bytes (static)" }
node: { title: "cortex_m__dwt__dwt_unit_enabled" label: "Dwt_Unit_Enabled\n/home/gps/ada/adl/arch/ARM/cortex_m/src/cortex_m-dwt.adb:63:4\n4 bytes (static)" }
node: { title: "cortex_m__dwt__disable_dwt_unit" label: "Disable_Dwt_Unit\n/home/gps/ada/adl/arch/ARM/cortex_m/src/cortex_m-dwt.adb:53:4\n16 bytes (static)" }
edge: { sourcename: "cortex_m__dwt__disable_dwt_unit" targetname: "/home/gps/ada/adl/arch/ARM/cortex_m/src/cortex_m-dwt.adb:cortex_m__dwt__disable_dwt_unit___postconditions.5349" label: "/home/gps/ada/adl/arch/ARM/cortex_m/src/cortex_m-dwt.adb:57:8" }
node: { title: "/home/gps/ada/adl/arch/ARM/cortex_m/src/cortex_m-dwt.adb:cortex_m__dwt__disable_dwt_unit___postconditions.5349" label: "Disable_Dwt_Unit\n/home/gps/ada/adl/arch/ARM/cortex_m/src/cortex_m-dwt.adb:53:4\n24 bytes (static)" }
edge: { sourcename: "/home/gps/ada/adl/arch/ARM/cortex_m/src/cortex_m-dwt.adb:cortex_m__dwt__disable_dwt_unit___postconditions.5349" targetname: "system__assertions__raise_assert_failure" label: "/home/gps/ada/adl/arch/ARM/cortex_m/src/cortex_m-dwt.ads:70:14" }
edge: { sourcename: "/home/gps/ada/adl/arch/ARM/cortex_m/src/cortex_m-dwt.adb:cortex_m__dwt__disable_dwt_unit___postconditions.5349" targetname: "cortex_m__dwt__dwt_unit_enabled" label: "/home/gps/ada/adl/arch/ARM/cortex_m/src/cortex_m-dwt.ads:70:18" }
node: { title: "cortex_m__dwt__enable_dwt_unit" label: "Enable_Dwt_Unit\n/home/gps/ada/adl/arch/ARM/cortex_m/src/cortex_m-dwt.adb:42:4\n16 bytes (static)" }
edge: { sourcename: "cortex_m__dwt__enable_dwt_unit" targetname: "/home/gps/ada/adl/arch/ARM/cortex_m/src/cortex_m-dwt.adb:cortex_m__dwt__enable_dwt_unit___postconditions.5222" label: "/home/gps/ada/adl/arch/ARM/cortex_m/src/cortex_m-dwt.adb:47:8" }
node: { title: "/home/gps/ada/adl/arch/ARM/cortex_m/src/cortex_m-dwt.adb:cortex_m__dwt__enable_dwt_unit___postconditions.5222" label: "Enable_Dwt_Unit\n/home/gps/ada/adl/arch/ARM/cortex_m/src/cortex_m-dwt.adb:42:4\n24 bytes (static)" }
edge: { sourcename: "/home/gps/ada/adl/arch/ARM/cortex_m/src/cortex_m-dwt.adb:cortex_m__dwt__enable_dwt_unit___postconditions.5222" targetname: "system__assertions__raise_assert_failure" label: "/home/gps/ada/adl/arch/ARM/cortex_m/src/cortex_m-dwt.ads:64:14" }
edge: { sourcename: "/home/gps/ada/adl/arch/ARM/cortex_m/src/cortex_m-dwt.adb:cortex_m__dwt__enable_dwt_unit___postconditions.5222" targetname: "cortex_m__dwt__dwt_unit_enabled" label: "/home/gps/ada/adl/arch/ARM/cortex_m/src/cortex_m-dwt.ads:64:14" }
}
