graph: { title: "/home/gps/ada/adl/arch/ARM/cortex_m/src/cm7/cortex_m_svd-cache.ads"
node: { title: "cortex_m_svd__cache__cache_peripheralIP" label: "Cache_Peripheralip\n/home/gps/ada/adl/arch/ARM/cortex_m/src/cm7/cortex_m_svd-cache.ads:104:9\n16 bytes (static)" }
edge: { sourcename: "cortex_m_svd__cache__cache_peripheralIP" targetname: "cortex_m_svd__cache__dccisw_registerIP" label: "/home/gps/ada/adl/arch/ARM/cortex_m/src/cm7/cortex_m_svd-cache.ads:122:7" }
edge: { sourcename: "cortex_m_svd__cache__cache_peripheralIP" targetname: "cortex_m_svd__cache__dccsw_registerIP" label: "/home/gps/ada/adl/arch/ARM/cortex_m/src/cm7/cortex_m_svd-cache.ads:118:7" }
edge: { sourcename: "cortex_m_svd__cache__cache_peripheralIP" targetname: "cortex_m_svd__cache__dcisw_registerIP" label: "/home/gps/ada/adl/arch/ARM/cortex_m/src/cm7/cortex_m_svd-cache.ads:112:7" }
node: { title: "cortex_m_svd__cache__dccisw_registerIP" label: "Dccisw_Registerip\n/home/gps/ada/adl/arch/ARM/cortex_m/src/cm7/cortex_m_svd-cache.ads:76:9\n16 bytes (static)" }
node: { title: "cortex_m_svd__cache__dccsw_registerIP" label: "Dccsw_Registerip\n/home/gps/ada/adl/arch/ARM/cortex_m/src/cm7/cortex_m_svd-cache.ads:49:9\n16 bytes (static)" }
node: { title: "cortex_m_svd__cache__dcisw_registerIP" label: "Dcisw_Registerip\n/home/gps/ada/adl/arch/ARM/cortex_m/src/cm7/cortex_m_svd-cache.ads:22:9\n16 bytes (static)" }
}
